Archive member included because of file (symbol)

c:/program files (x86)/atmel/atmel toolchain/avr8 gcc/native/3.4.2.1002/avr8-gnu-toolchain/bin/../lib/gcc/avr/4.7.2/avr5\libgcc.a(_udivmodsi4.o)
                              USB2AX_Serial.o (__udivmodsi4)
c:/program files (x86)/atmel/atmel toolchain/avr8 gcc/native/3.4.2.1002/avr8-gnu-toolchain/bin/../lib/gcc/avr/4.7.2/avr5\libgcc.a(_exit.o)
                              c:/program files (x86)/atmel/atmel toolchain/avr8 gcc/native/3.4.2.1002/avr8-gnu-toolchain/bin/../lib/gcc/avr/4.7.2/../../../../avr/lib/avr5/crtm32u4.o (exit)
c:/program files (x86)/atmel/atmel toolchain/avr8 gcc/native/3.4.2.1002/avr8-gnu-toolchain/bin/../lib/gcc/avr/4.7.2/avr5\libgcc.a(_copy_data.o)
                              USB2AX_Serial.o (__do_copy_data)
c:/program files (x86)/atmel/atmel toolchain/avr8 gcc/native/3.4.2.1002/avr8-gnu-toolchain/bin/../lib/gcc/avr/4.7.2/avr5\libgcc.a(_clear_bss.o)
                              USB2AX_Serial.o (__do_clear_bss)
c:/program files (x86)/atmel/atmel toolchain/avr8 gcc/native/3.4.2.1002/avr8-gnu-toolchain/bin/../lib/gcc/avr/4.7.2/../../../../avr/lib/avr5\libc.a(memcpy_P.o)
                              ../../LUFA-120730/LUFA/Drivers/USB/Class/Device/RNDISClassDevice.o (memcpy_P)
c:/program files (x86)/atmel/atmel toolchain/avr8 gcc/native/3.4.2.1002/avr8-gnu-toolchain/bin/../lib/gcc/avr/4.7.2/../../../../avr/lib/avr5\libc.a(memcmp.o)
                              ../../LUFA-120730/LUFA/Drivers/USB/Class/Device/HIDClassDevice.o (memcmp)
c:/program files (x86)/atmel/atmel toolchain/avr8 gcc/native/3.4.2.1002/avr8-gnu-toolchain/bin/../lib/gcc/avr/4.7.2/../../../../avr/lib/avr5\libc.a(memcpy.o)
                              ../../LUFA-120730/LUFA/Drivers/USB/Class/Device/HIDClassDevice.o (memcpy)
c:/program files (x86)/atmel/atmel toolchain/avr8 gcc/native/3.4.2.1002/avr8-gnu-toolchain/bin/../lib/gcc/avr/4.7.2/../../../../avr/lib/avr5\libc.a(memset.o)
                              ../../LUFA-120730/LUFA/Drivers/USB/Class/Device/HIDClassDevice.o (memset)
c:/program files (x86)/atmel/atmel toolchain/avr8 gcc/native/3.4.2.1002/avr8-gnu-toolchain/bin/../lib/gcc/avr/4.7.2/../../../../avr/lib/avr5\libc.a(eerd_byte_atmega32u4.o)
                              ../../LUFA-120730/LUFA/Drivers/USB/Core/AVR8/EndpointStream_AVR8.o (__eerd_byte_m32u4)
c:/program files (x86)/atmel/atmel toolchain/avr8 gcc/native/3.4.2.1002/avr8-gnu-toolchain/bin/../lib/gcc/avr/4.7.2/../../../../avr/lib/avr5\libc.a(eeupd_byte_atmega32u4.o)
                              ../../LUFA-120730/LUFA/Drivers/USB/Core/AVR8/EndpointStream_AVR8.o (__eeupd_byte_m32u4)

Allocating common symbols
Common symbol       size              file

USB_IsInitialized   0x1               ../../LUFA-120730/LUFA/Drivers/USB/Core/USBTask.o
USB_Device_ConfigurationNumber
                    0x1               ../../LUFA-120730/LUFA/Drivers/USB/Core/DeviceStandardReq.o
USB_Device_CurrentlySelfPowered
                    0x1               ../../LUFA-120730/LUFA/Drivers/USB/Core/DeviceStandardReq.o
USB_ControlRequest  0x8               ../../LUFA-120730/LUFA/Drivers/USB/Core/USBTask.o
USB_Device_RemoteWakeupEnabled
                    0x1               ../../LUFA-120730/LUFA/Drivers/USB/Core/DeviceStandardReq.o

Discarded input sections

 .bss           0x00000000        0x0 c:/program files (x86)/atmel/atmel toolchain/avr8 gcc/native/3.4.2.1002/avr8-gnu-toolchain/bin/../lib/gcc/avr/4.7.2/../../../../avr/lib/avr5/crtm32u4.o
 .group         0x00000000        0x8 USB2AX_Serial.o
 .group         0x00000000        0x8 USB2AX_Serial.o
 .group         0x00000000        0x8 USB2AX_Serial.o
 .group         0x00000000        0x8 USB2AX_Serial.o
 .group         0x00000000        0x8 USB2AX_Serial.o
 .group         0x00000000        0x8 USB2AX_Serial.o
 .group         0x00000000        0x8 USB2AX_Serial.o
 .group         0x00000000        0x8 USB2AX_Serial.o
 .group         0x00000000        0x8 USB2AX_Serial.o
 .group         0x00000000        0x8 USB2AX_Serial.o
 .group         0x00000000        0x8 USB2AX_Serial.o
 .group         0x00000000        0x8 USB2AX_Serial.o
 .group         0x00000000        0x8 USB2AX_Serial.o
 .group         0x00000000        0x8 USB2AX_Serial.o
 .group         0x00000000        0x8 USB2AX_Serial.o
 .group         0x00000000        0x8 USB2AX_Serial.o
 .group         0x00000000        0x8 USB2AX_Serial.o
 .group         0x00000000        0x8 USB2AX_Serial.o
 .group         0x00000000        0x8 USB2AX_Serial.o
 .group         0x00000000        0x8 USB2AX_Serial.o
 .group         0x00000000        0x8 USB2AX_Serial.o
 .group         0x00000000        0x8 USB2AX_Serial.o
 .group         0x00000000        0x8 USB2AX_Serial.o
 .group         0x00000000        0x8 USB2AX_Serial.o
 .group         0x00000000        0x8 USB2AX_Serial.o
 .group         0x00000000        0x8 USB2AX_Serial.o
 .group         0x00000000        0x8 USB2AX_Serial.o
 .group         0x00000000        0x8 USB2AX_Serial.o
[...]
Memory Configuration

Name             Origin             Length             Attributes
text             0x00000000         0x00020000         xr
data             0x00800060         0x0000ffa0         rw !x
eeprom           0x00810000         0x00010000         rw !x
fuse             0x00820000         0x00000400         rw !x
lock             0x00830000         0x00000400         rw !x
signature        0x00840000         0x00000400         rw !x
user_signatures  0x00850000         0x00000400         rw !x
*default*        0x00000000         0xffffffff

Linker script and memory map

Address of section .data set to 0x800100
LOAD c:/program files (x86)/atmel/atmel toolchain/avr8 gcc/native/3.4.2.1002/avr8-gnu-toolchain/bin/../lib/gcc/avr/4.7.2/../../../../avr/lib/avr5/crtm32u4.o
LOAD c:/program files (x86)/atmel/atmel toolchain/avr8 gcc/native/3.4.2.1002/avr8-gnu-toolchain/bin/../lib/gcc/avr/4.7.2/../../../../avr/lib/avr5\libm.a
LOAD USB2AX_Serial.o
LOAD Descriptors.o
LOAD ../../LUFA-120730/LUFA/Drivers/USB/Core/AVR8/Device_AVR8.o
LOAD ../../LUFA-120730/LUFA/Drivers/USB/Core/AVR8/Endpoint_AVR8.o
LOAD ../../LUFA-120730/LUFA/Drivers/USB/Core/AVR8/Host_AVR8.o
LOAD ../../LUFA-120730/LUFA/Drivers/USB/Core/AVR8/Pipe_AVR8.o
LOAD ../../LUFA-120730/LUFA/Drivers/USB/Core/AVR8/USBController_AVR8.o
LOAD ../../LUFA-120730/LUFA/Drivers/USB/Core/AVR8/USBInterrupt_AVR8.o
LOAD ../../LUFA-120730/LUFA/Drivers/USB/Core/AVR8/EndpointStream_AVR8.o
LOAD ../../LUFA-120730/LUFA/Drivers/USB/Core/AVR8/PipeStream_AVR8.o
LOAD ../../LUFA-120730/LUFA/Drivers/USB/Core/ConfigDescriptors.o
LOAD ../../LUFA-120730/LUFA/Drivers/USB/Core/DeviceStandardReq.o
LOAD ../../LUFA-120730/LUFA/Drivers/USB/Core/Events.o
LOAD ../../LUFA-120730/LUFA/Drivers/USB/Core/HostStandardReq.o
LOAD ../../LUFA-120730/LUFA/Drivers/USB/Core/USBTask.o
LOAD ../../LUFA-120730/LUFA/Drivers/USB/Class/Common/HIDParser.o
LOAD ../../LUFA-120730/LUFA/Drivers/USB/Class/Device/AudioClassDevice.o
LOAD ../../LUFA-120730/LUFA/Drivers/USB/Class/Device/CDCClassDevice.o
LOAD ../../LUFA-120730/LUFA/Drivers/USB/Class/Device/HIDClassDevice.o
LOAD ../../LUFA-120730/LUFA/Drivers/USB/Class/Device/MassStorageClassDevice.o
LOAD ../../LUFA-120730/LUFA/Drivers/USB/Class/Device/MIDIClassDevice.o
LOAD ../../LUFA-120730/LUFA/Drivers/USB/Class/Device/RNDISClassDevice.o
LOAD ../../LUFA-120730/LUFA/Drivers/USB/Class/Host/AndroidAccessoryClassHost.o
LOAD ../../LUFA-120730/LUFA/Drivers/USB/Class/Host/AudioClassHost.o
LOAD ../../LUFA-120730/LUFA/Drivers/USB/Class/Host/CDCClassHost.o
LOAD ../../LUFA-120730/LUFA/Drivers/USB/Class/Host/HIDClassHost.o
LOAD ../../LUFA-120730/LUFA/Drivers/USB/Class/Host/MassStorageClassHost.o
LOAD ../../LUFA-120730/LUFA/Drivers/USB/Class/Host/MIDIClassHost.o
LOAD ../../LUFA-120730/LUFA/Drivers/USB/Class/Host/PrinterClassHost.o
LOAD ../../LUFA-120730/LUFA/Drivers/USB/Class/Host/RNDISClassHost.o
LOAD ../../LUFA-120730/LUFA/Drivers/USB/Class/Host/StillImageClassHost.o
LOAD c:/program files (x86)/atmel/atmel toolchain/avr8 gcc/native/3.4.2.1002/avr8-gnu-toolchain/bin/../lib/gcc/avr/4.7.2/avr5\libgcc.a
LOAD c:/program files (x86)/atmel/atmel toolchain/avr8 gcc/native/3.4.2.1002/avr8-gnu-toolchain/bin/../lib/gcc/avr/4.7.2/../../../../avr/lib/avr5\libc.a
LOAD c:/program files (x86)/atmel/atmel toolchain/avr8 gcc/native/3.4.2.1002/avr8-gnu-toolchain/bin/../lib/gcc/avr/4.7.2/avr5\libgcc.a

.hash
 *(.hash)

.dynsym
 *(.dynsym)

.dynstr
 *(.dynstr)

.gnu.version
 *(.gnu.version)

.gnu.version_d
 *(.gnu.version_d)

.gnu.version_r
 *(.gnu.version_r)

.rel.init
 *(.rel.init)

.rela.init
 *(.rela.init)

.rel.text
 *(.rel.text)
 *(.rel.text.*)
 *(.rel.gnu.linkonce.t*)

.rela.text
 *(.rela.text)
 *(.rela.text.*)
 *(.rela.gnu.linkonce.t*)

.rel.fini
 *(.rel.fini)

.rela.fini
 *(.rela.fini)

.rel.rodata
 *(.rel.rodata)
 *(.rel.rodata.*)
 *(.rel.gnu.linkonce.r*)

.rela.rodata
 *(.rela.rodata)
 *(.rela.rodata.*)
 *(.rela.gnu.linkonce.r*)

.rel.data
 *(.rel.data)
 *(.rel.data.*)
 *(.rel.gnu.linkonce.d*)

.rela.data
 *(.rela.data)
 *(.rela.data.*)
 *(.rela.gnu.linkonce.d*)

.rel.ctors
 *(.rel.ctors)

.rela.ctors
 *(.rela.ctors)

.rel.dtors
 *(.rel.dtors)

.rela.dtors
 *(.rela.dtors)

.rel.got
 *(.rel.got)

.rela.got
 *(.rela.got)

.rel.bss
 *(.rel.bss)

.rela.bss
 *(.rela.bss)

.rel.plt
 *(.rel.plt)

.rela.plt
 *(.rela.plt)

.text           0x00000000      0xf80
 *(.vectors)
 .vectors       0x00000000       0xac c:/program files (x86)/atmel/atmel toolchain/avr8 gcc/native/3.4.2.1002/avr8-gnu-toolchain/bin/../lib/gcc/avr/4.7.2/../../../../avr/lib/avr5/crtm32u4.o
                0x00000000                __vector_default
                0x00000000                __vectors
 *(.vectors)
 *(.progmem.gcc*)
 *(.progmem*)
 .progmem.data  0x000000ac       0x86 Descriptors.o
                0x000000ac                ProductString
                0x000000ca                ManufacturerString
                0x000000de                LanguageString
                0x000000e2                ConfigurationDescriptor
                0x00000120                DeviceDescriptor
                0x00000132                . = ALIGN (0x2)
                0x00000132                __trampolines_start = .
 *(.trampolines)
 .trampolines   0x00000132        0x0 linker stubs
 *(.trampolines*)
                0x00000132                __trampolines_end = .
 *(.jumptables)
 *(.jumptables*)
 *(.lowtext)
 *(.lowtext*)
                0x00000132                __ctors_start = .
 *(.ctors)
                0x00000132                __ctors_end = .
                0x00000132                __dtors_start = .
 *(.dtors)
                0x00000132                __dtors_end = .
 SORT(*)(.ctors)
 SORT(*)(.dtors)
 *(.init0)
 .init0         0x00000132        0x0 c:/program files (x86)/atmel/atmel toolchain/avr8 gcc/native/3.4.2.1002/avr8-gnu-toolchain/bin/../lib/gcc/avr/4.7.2/../../../../avr/lib/avr5/crtm32u4.o
                0x00000132                __init
 *(.init0)
 *(.init1)
 *(.init1)
 *(.init2)
 .init2         0x00000132        0xc c:/program files (x86)/atmel/atmel toolchain/avr8 gcc/native/3.4.2.1002/avr8-gnu-toolchain/bin/../lib/gcc/avr/4.7.2/../../../../avr/lib/avr5/crtm32u4.o
 *(.init2)
 *(.init3)
 *(.init3)
 *(.init4)
 .init4         0x0000013e       0x16 c:/program files (x86)/atmel/atmel toolchain/avr8 gcc/native/3.4.2.1002/avr8-gnu-toolchain/bin/../lib/gcc/avr/4.7.2/avr5\libgcc.a(_copy_data.o)
                0x0000013e                __do_copy_data
 .init4         0x00000154       0x10 c:/program files (x86)/atmel/atmel toolchain/avr8 gcc/native/3.4.2.1002/avr8-gnu-toolchain/bin/../lib/gcc/avr/4.7.2/avr5\libgcc.a(_clear_bss.o)
                0x00000154                __do_clear_bss
 *(.init4)
 *(.init5)
 *(.init5)
 *(.init6)
 *(.init6)
 *(.init7)
 *(.init7)
 *(.init8)
 *(.init8)
 *(.init9)
 .init9         0x00000164        0x4 c:/program files (x86)/atmel/atmel toolchain/avr8 gcc/native/3.4.2.1002/avr8-gnu-toolchain/bin/../lib/gcc/avr/4.7.2/../../../../avr/lib/avr5/crtm32u4.o
 *(.init9)
 *(.text)
 .text          0x00000168        0x2 c:/program files (x86)/atmel/atmel toolchain/avr8 gcc/native/3.4.2.1002/avr8-gnu-toolchain/bin/../lib/gcc/avr/4.7.2/../../../../avr/lib/avr5/crtm32u4.o
                0x00000168                __vector_38
                0x00000168                __vector_22
                0x00000168                __vector_28
                0x00000168                __vector_1
                0x00000168                __vector_32
                0x00000168                __vector_34
                0x00000168                __vector_24
                0x00000168                __vector_12
                0x00000168                __bad_interrupt
                0x00000168                __vector_6
                0x00000168                __vector_31
                0x00000168                __vector_35
                0x00000168                __vector_39
                0x00000168                __vector_3
                0x00000168                __vector_23
                0x00000168                __vector_30
                0x00000168                __vector_13
                0x00000168                __vector_17
                0x00000168                __vector_19
                0x00000168                __vector_7
                0x00000168                __vector_41
                0x00000168                __vector_27
                0x00000168                __vector_5
                0x00000168                __vector_33
                0x00000168                __vector_37
                0x00000168                __vector_4
                0x00000168                __vector_9
                0x00000168                __vector_2
                0x00000168                __vector_21
                0x00000168                __vector_15
                0x00000168                __vector_36
                0x00000168                __vector_29
                0x00000168                __vector_40
                0x00000168                __vector_8
                0x00000168                __vector_26
                0x00000168                __vector_14
                0x00000168                __vector_16
                0x00000168                __vector_18
                0x00000168                __vector_20
                0x00000168                __vector_42
                0x0000016a                . = ALIGN (0x2)
 *(.text.*)
 .text.LEDs_SetAllLEDs
                0x0000016a        0xa USB2AX_Serial.o
 .text.RingBuffer_Insert
                0x00000174       0x36 USB2AX_Serial.o
 .text.RingBuffer_Remove
                0x000001aa       0x32 USB2AX_Serial.o
 .text.cdc_send_byte
                0x000001dc        0xc USB2AX_Serial.o
                0x000001dc                cdc_send_byte
 .text.cdc_send_USB_data
                0x000001e8       0x74 USB2AX_Serial.o
                0x000001e8                cdc_send_USB_data
 .text.SetupHardware
                0x0000025c       0x3c USB2AX_Serial.o
                0x0000025c                SetupHardware
 .text.startup.main
                0x00000298       0xbc USB2AX_Serial.o
                0x00000298                main
 .text.EVENT_USB_Device_Connect
                0x00000354        0x4 USB2AX_Serial.o
                0x00000354                EVENT_USB_Device_Connect
 .text.EVENT_USB_Device_Disconnect
                0x00000358        0x4 USB2AX_Serial.o
                0x00000358                EVENT_USB_Device_Disconnect
 .text.EVENT_USB_Device_ConfigurationChanged
                0x0000035c       0x12 USB2AX_Serial.o
                0x0000035c                EVENT_USB_Device_ConfigurationChanged
 .text.EVENT_USB_Device_ControlRequest
                0x0000036e        0x6 USB2AX_Serial.o
                0x0000036e                EVENT_USB_Device_ControlRequest
 .text.__vector_25
                0x00000374       0x50 USB2AX_Serial.o
                0x00000374                __vector_25
 .text.EVENT_CDC_Device_LineEncodingChanged
                0x000003c4       0x82 USB2AX_Serial.o
                0x000003c4                EVENT_CDC_Device_LineEncodingChanged
 .text.CALLBACK_USB_GetDescriptor
                0x00000446       0x7a Descriptors.o
                0x00000446                CALLBACK_USB_GetDescriptor
 .text.Endpoint_ConfigureEndpoint_Prv
                0x000004c0       0x6e ../../LUFA-120730/LUFA/Drivers/USB/Core/AVR8/Endpoint_AVR8.o
                0x000004c0                Endpoint_ConfigureEndpoint_Prv
 .text.Endpoint_ConfigureEndpointTable
                0x0000052e       0x7e ../../LUFA-120730/LUFA/Drivers/USB/Core/AVR8/Endpoint_AVR8.o
                0x0000052e                Endpoint_ConfigureEndpointTable
 .text.Endpoint_ClearStatusStage
                0x000005ac       0x3e ../../LUFA-120730/LUFA/Drivers/USB/Core/AVR8/Endpoint_AVR8.o
                0x000005ac                Endpoint_ClearStatusStage
 .text.USB_ResetInterface
                0x000005ea       0x7e ../../LUFA-120730/LUFA/Drivers/USB/Core/AVR8/USBController_AVR8.o
                0x000005ea                USB_ResetInterface
 .text.USB_Init
                0x00000668       0x16 ../../LUFA-120730/LUFA/Drivers/USB/Core/AVR8/USBController_AVR8.o
                0x00000668                USB_Init
 .text.USB_INT_DisableAllInterrupts
                0x0000067e       0x10 ../../LUFA-120730/LUFA/Drivers/USB/Core/AVR8/USBInterrupt_AVR8.o
                0x0000067e                USB_INT_DisableAllInterrupts
 .text.USB_INT_ClearAllInterrupts
                0x0000068e        0xa ../../LUFA-120730/LUFA/Drivers/USB/Core/AVR8/USBInterrupt_AVR8.o
                0x0000068e                USB_INT_ClearAllInterrupts
 .text.__vector_10
                0x00000698      0x188 ../../LUFA-120730/LUFA/Drivers/USB/Core/AVR8/USBInterrupt_AVR8.o
                0x00000698                __vector_10
 .text.__vector_11
                0x00000820       0x86 ../../LUFA-120730/LUFA/Drivers/USB/Core/AVR8/USBInterrupt_AVR8.o
                0x00000820                __vector_11
 .text.Endpoint_Write_Control_Stream_LE
                0x000008a6       0xba ../../LUFA-120730/LUFA/Drivers/USB/Core/AVR8/EndpointStream_AVR8.o
                0x000008a6                Endpoint_Write_Control_Stream_LE
 .text.Endpoint_Write_Control_PStream_LE
                0x00000960       0xbc ../../LUFA-120730/LUFA/Drivers/USB/Core/AVR8/EndpointStream_AVR8.o
                0x00000960                Endpoint_Write_Control_PStream_LE
 .text.USB_Device_ProcessControlRequest
                0x00000a1c      0x2cc ../../LUFA-120730/LUFA/Drivers/USB/Core/DeviceStandardReq.o
                0x00000a1c                USB_Device_ProcessControlRequest
 .text.USB_Event_Stub
                0x00000ce8        0x2 ../../LUFA-120730/LUFA/Drivers/USB/Core/Events.o
                0x00000ce8                USB_Event_Stub
                0x00000ce8                EVENT_USB_Device_Suspend
                0x00000ce8                EVENT_USB_Device_StartOfFrame
                0x00000ce8                EVENT_USB_Device_Reset
                0x00000ce8                EVENT_USB_Device_WakeUp
 .text.USB_USBTask
                0x00000cea       0x36 ../../LUFA-120730/LUFA/Drivers/USB/Core/USBTask.o
                0x00000cea                USB_USBTask
 .text.CDC_Device_ConfigureEndpoints
                0x00000d20       0x4a ../../LUFA-120730/LUFA/Drivers/USB/Class/Device/CDCClassDevice.o
                0x00000d20                CDC_Device_ConfigureEndpoints
 .text.CDC_Device_ReceiveByte
                0x00000d6a       0x6c ../../LUFA-120730/LUFA/Drivers/USB/Class/Device/CDCClassDevice.o
                0x00000d6a                CDC_Device_ReceiveByte
 .text.CDC_Device_Event_Stub
                0x00000dd6        0x2 ../../LUFA-120730/LUFA/Drivers/USB/Class/Device/CDCClassDevice.o
                0x00000dd6                EVENT_CDC_Device_BreakSent
                0x00000dd6                CDC_Device_Event_Stub
                0x00000dd6                EVENT_CDC_Device_ControLineStateChanged
 .text.CDC_Device_ProcessControlRequest
                0x00000dd8      0x160 ../../LUFA-120730/LUFA/Drivers/USB/Class/Device/CDCClassDevice.o
                0x00000dd8                CDC_Device_ProcessControlRequest
 .text.libgcc.div
                0x00000f38       0x44 c:/program files (x86)/atmel/atmel toolchain/avr8 gcc/native/3.4.2.1002/avr8-gnu-toolchain/bin/../lib/gcc/avr/4.7.2/avr5\libgcc.a(_udivmodsi4.o)
                0x00000f38                __udivmodsi4
                0x00000f7c                . = ALIGN (0x2)
 *(.fini9)
 .fini9         0x00000f7c        0x0 c:/program files (x86)/atmel/atmel toolchain/avr8 gcc/native/3.4.2.1002/avr8-gnu-toolchain/bin/../lib/gcc/avr/4.7.2/avr5\libgcc.a(_exit.o)
                0x00000f7c                _exit
                0x00000f7c                exit
 *(.fini9)
 *(.fini8)
 *(.fini8)
 *(.fini7)
 *(.fini7)
 *(.fini6)
 *(.fini6)
 *(.fini5)
 *(.fini5)
 *(.fini4)
 *(.fini4)
 *(.fini3)
 *(.fini3)
 *(.fini2)
 *(.fini2)
 *(.fini1)
 *(.fini1)
 *(.fini0)
 .fini0         0x00000f7c        0x4 c:/program files (x86)/atmel/atmel toolchain/avr8 gcc/native/3.4.2.1002/avr8-gnu-toolchain/bin/../lib/gcc/avr/4.7.2/avr5\libgcc.a(_exit.o)
 *(.fini0)
                0x00000f80                _etext = .

.data           0x00800100       0x1e load address 0x00000f80
                0x00800100                PROVIDE (__data_start, .)
 *(.data)
 .data          0x00800100        0x0 c:/program files (x86)/atmel/atmel toolchain/avr8 gcc/native/3.4.2.1002/avr8-gnu-toolchain/bin/../lib/gcc/avr/4.7.2/../../../../avr/lib/avr5/crtm32u4.o
 .data          0x00800100       0x1b USB2AX_Serial.o
                0x00800100                VirtualSerial_CDC_Interface
 .data          0x0080011b        0x0 Descriptors.o
 .data          0x0080011b        0x0 ../../LUFA-120730/LUFA/Drivers/USB/Core/AVR8/Device_AVR8.o
 .data          0x0080011b        0x0 ../../LUFA-120730/LUFA/Drivers/USB/Core/AVR8/Endpoint_AVR8.o
 .data          0x0080011b        0x0 ../../LUFA-120730/LUFA/Drivers/USB/Core/AVR8/Host_AVR8.o
 .data          0x0080011b        0x0 ../../LUFA-120730/LUFA/Drivers/USB/Core/AVR8/Pipe_AVR8.o
 .data          0x0080011b        0x0 ../../LUFA-120730/LUFA/Drivers/USB/Core/AVR8/USBController_AVR8.o
 .data          0x0080011b        0x0 ../../LUFA-120730/LUFA/Drivers/USB/Core/AVR8/USBInterrupt_AVR8.o
 .data          0x0080011b        0x0 ../../LUFA-120730/LUFA/Drivers/USB/Core/AVR8/EndpointStream_AVR8.o
 .data          0x0080011b        0x0 ../../LUFA-120730/LUFA/Drivers/USB/Core/AVR8/PipeStream_AVR8.o
 .data          0x0080011b        0x0 ../../LUFA-120730/LUFA/Drivers/USB/Core/ConfigDescriptors.o
 .data          0x0080011b        0x0 ../../LUFA-120730/LUFA/Drivers/USB/Core/DeviceStandardReq.o
 .data          0x0080011b        0x0 ../../LUFA-120730/LUFA/Drivers/USB/Core/Events.o
 .data          0x0080011b        0x0 ../../LUFA-120730/LUFA/Drivers/USB/Core/HostStandardReq.o
 .data          0x0080011b        0x0 ../../LUFA-120730/LUFA/Drivers/USB/Core/USBTask.o
 .data          0x0080011b        0x0 ../../LUFA-120730/LUFA/Drivers/USB/Class/Common/HIDParser.o
 .data          0x0080011b        0x0 ../../LUFA-120730/LUFA/Drivers/USB/Class/Device/AudioClassDevice.o
 .data          0x0080011b        0x0 ../../LUFA-120730/LUFA/Drivers/USB/Class/Device/CDCClassDevice.o
 .data          0x0080011b        0x0 ../../LUFA-120730/LUFA/Drivers/USB/Class/Device/HIDClassDevice.o
 .data          0x0080011b        0x0 ../../LUFA-120730/LUFA/Drivers/USB/Class/Device/MassStorageClassDevice.o
 .data          0x0080011b        0x0 ../../LUFA-120730/LUFA/Drivers/USB/Class/Device/MIDIClassDevice.o
 .data          0x0080011b        0x0 ../../LUFA-120730/LUFA/Drivers/USB/Class/Device/RNDISClassDevice.o
 .data          0x0080011b        0x0 ../../LUFA-120730/LUFA/Drivers/USB/Class/Host/AndroidAccessoryClassHost.o
 .data          0x0080011b        0x0 ../../LUFA-120730/LUFA/Drivers/USB/Class/Host/AudioClassHost.o
 .data          0x0080011b        0x0 ../../LUFA-120730/LUFA/Drivers/USB/Class/Host/CDCClassHost.o
 .data          0x0080011b        0x0 ../../LUFA-120730/LUFA/Drivers/USB/Class/Host/HIDClassHost.o
 .data          0x0080011b        0x0 ../../LUFA-120730/LUFA/Drivers/USB/Class/Host/MassStorageClassHost.o
 .data          0x0080011b        0x0 ../../LUFA-120730/LUFA/Drivers/USB/Class/Host/MIDIClassHost.o
 .data          0x0080011b        0x0 ../../LUFA-120730/LUFA/Drivers/USB/Class/Host/PrinterClassHost.o
 .data          0x0080011b        0x0 ../../LUFA-120730/LUFA/Drivers/USB/Class/Host/RNDISClassHost.o
 .data          0x0080011b        0x0 ../../LUFA-120730/LUFA/Drivers/USB/Class/Host/StillImageClassHost.o
 .data          0x0080011b        0x0 c:/program files (x86)/atmel/atmel toolchain/avr8 gcc/native/3.4.2.1002/avr8-gnu-toolchain/bin/../lib/gcc/avr/4.7.2/avr5\libgcc.a(_udivmodsi4.o)
 .data          0x0080011b        0x0 c:/program files (x86)/atmel/atmel toolchain/avr8 gcc/native/3.4.2.1002/avr8-gnu-toolchain/bin/../lib/gcc/avr/4.7.2/avr5\libgcc.a(_exit.o)
 .data          0x0080011b        0x0 c:/program files (x86)/atmel/atmel toolchain/avr8 gcc/native/3.4.2.1002/avr8-gnu-toolchain/bin/../lib/gcc/avr/4.7.2/avr5\libgcc.a(_copy_data.o)
 .data          0x0080011b        0x0 c:/program files (x86)/atmel/atmel toolchain/avr8 gcc/native/3.4.2.1002/avr8-gnu-toolchain/bin/../lib/gcc/avr/4.7.2/avr5\libgcc.a(_clear_bss.o)
 .data          0x0080011b        0x0 c:/program files (x86)/atmel/atmel toolchain/avr8 gcc/native/3.4.2.1002/avr8-gnu-toolchain/bin/../lib/gcc/avr/4.7.2/../../../../avr/lib/avr5\libc.a(memcpy_P.o)
 .data          0x0080011b        0x0 c:/program files (x86)/atmel/atmel toolchain/avr8 gcc/native/3.4.2.1002/avr8-gnu-toolchain/bin/../lib/gcc/avr/4.7.2/../../../../avr/lib/avr5\libc.a(memcmp.o)
 .data          0x0080011b        0x0 c:/program files (x86)/atmel/atmel toolchain/avr8 gcc/native/3.4.2.1002/avr8-gnu-toolchain/bin/../lib/gcc/avr/4.7.2/../../../../avr/lib/avr5\libc.a(memcpy.o)
 .data          0x0080011b        0x0 c:/program files (x86)/atmel/atmel toolchain/avr8 gcc/native/3.4.2.1002/avr8-gnu-toolchain/bin/../lib/gcc/avr/4.7.2/../../../../avr/lib/avr5\libc.a(memset.o)
 .data          0x0080011b        0x0 c:/program files (x86)/atmel/atmel toolchain/avr8 gcc/native/3.4.2.1002/avr8-gnu-toolchain/bin/../lib/gcc/avr/4.7.2/../../../../avr/lib/avr5\libc.a(eerd_byte_atmega32u4.o)
 .data          0x0080011b        0x0 c:/program files (x86)/atmel/atmel toolchain/avr8 gcc/native/3.4.2.1002/avr8-gnu-toolchain/bin/../lib/gcc/avr/4.7.2/../../../../avr/lib/avr5\libc.a(eeupd_byte_atmega32u4.o)
 *(.data*)
 *(.rodata)
 .rodata        0x0080011b        0x2 USB2AX_Serial.o
 *(.rodata*)
 *(.gnu.linkonce.d*)
                0x0080011e                . = ALIGN (0x2)
 *fill*         0x0080011d        0x1 
                0x0080011e                _edata = .
                0x0080011e                PROVIDE (__data_end, .)

.bss            0x0080011e      0x125
                0x0080011e                PROVIDE (__bss_start, .)
 *(.bss)
 .bss           0x0080011e      0x119 USB2AX_Serial.o
                0x0080011e                needEmptyPacket
 *(.bss*)
 *(COMMON)
 COMMON         0x00800237        0x3 ../../LUFA-120730/LUFA/Drivers/USB/Core/DeviceStandardReq.o
                0x00800237                USB_Device_ConfigurationNumber
                0x00800238                USB_Device_CurrentlySelfPowered
                0x00800239                USB_Device_RemoteWakeupEnabled
 COMMON         0x0080023a        0x9 ../../LUFA-120730/LUFA/Drivers/USB/Core/USBTask.o
                0x0080023a                USB_IsInitialized
                0x0080023b                USB_ControlRequest
                0x00800243                PROVIDE (__bss_end, .)
                0x00000f80                __data_load_start = LOADADDR (.data)
                0x00000f9e                __data_load_end = (__data_load_start + SIZEOF (.data))

.noinit         0x00800243        0x0
                0x00800243                PROVIDE (__noinit_start, .)
 *(.noinit*)
                0x00800243                PROVIDE (__noinit_end, .)
                0x00800243                _end = .
                0x00800243                PROVIDE (__heap_start, .)

.eeprom         0x00810000        0x0
 *(.eeprom*)
                0x00810000                __eeprom_end = .

.fuse
 *(.fuse)
 *(.lfuse)
 *(.hfuse)
 *(.efuse)

.lock
 *(.lock*)

.signature
 *(.signature*)

.user_signatures
 *(.user_signatures*)

.stab           0x00000000      0xa98
 *(.stab)
 .stab          0x00000000      0x6cc c:/program files (x86)/atmel/atmel toolchain/avr8 gcc/native/3.4.2.1002/avr8-gnu-toolchain/bin/../lib/gcc/avr/4.7.2/../../../../avr/lib/avr5/crtm32u4.o
 .stab          0x000006cc       0x84 c:/program files (x86)/atmel/atmel toolchain/avr8 gcc/native/3.4.2.1002/avr8-gnu-toolchain/bin/../lib/gcc/avr/4.7.2/../../../../avr/lib/avr5\libc.a(memcpy_P.o)
                                 0x90 (size before relaxing)
 .stab          0x00000750       0xb4 c:/program files (x86)/atmel/atmel toolchain/avr8 gcc/native/3.4.2.1002/avr8-gnu-toolchain/bin/../lib/gcc/avr/4.7.2/../../../../avr/lib/avr5\libc.a(memcmp.o)
                                 0xc0 (size before relaxing)
 .stab          0x00000804       0x84 c:/program files (x86)/atmel/atmel toolchain/avr8 gcc/native/3.4.2.1002/avr8-gnu-toolchain/bin/../lib/gcc/avr/4.7.2/../../../../avr/lib/avr5\libc.a(memcpy.o)
                                 0x90 (size before relaxing)
 .stab          0x00000888       0x6c c:/program files (x86)/atmel/atmel toolchain/avr8 gcc/native/3.4.2.1002/avr8-gnu-toolchain/bin/../lib/gcc/avr/4.7.2/../../../../avr/lib/avr5\libc.a(memset.o)
                                 0x78 (size before relaxing)
 .stab          0x000008f4       0x90 c:/program files (x86)/atmel/atmel toolchain/avr8 gcc/native/3.4.2.1002/avr8-gnu-toolchain/bin/../lib/gcc/avr/4.7.2/../../../../avr/lib/avr5\libc.a(eerd_byte_atmega32u4.o)
                                 0x9c (size before relaxing)
 .stab          0x00000984      0x114 c:/program files (x86)/atmel/atmel toolchain/avr8 gcc/native/3.4.2.1002/avr8-gnu-toolchain/bin/../lib/gcc/avr/4.7.2/../../../../avr/lib/avr5\libc.a(eeupd_byte_atmega32u4.o)
                                0x120 (size before relaxing)

.stabstr        0x00000000      0x356
 *(.stabstr)
 .stabstr       0x00000000      0x356 c:/program files (x86)/atmel/atmel toolchain/avr8 gcc/native/3.4.2.1002/avr8-gnu-toolchain/bin/../lib/gcc/avr/4.7.2/../../../../avr/lib/avr5/crtm32u4.o

.stab.excl
 *(.stab.excl)

.stab.exclstr
 *(.stab.exclstr)

.stab.index
 *(.stab.index)

.stab.indexstr
 *(.stab.indexstr)

.comment        0x00000000       0x2f
 *(.comment)
 .comment       0x00000000       0x2f USB2AX_Serial.o
                                 0x30 (size before relaxing)
 .comment       0x00000000       0x30 Descriptors.o
 .comment       0x00000000       0x30 ../../LUFA-120730/LUFA/Drivers/USB/Core/AVR8/Device_AVR8.o
 .comment       0x00000000       0x30 ../../LUFA-120730/LUFA/Drivers/USB/Core/AVR8/Endpoint_AVR8.o
 .comment       0x00000000       0x30 ../../LUFA-120730/LUFA/Drivers/USB/Core/AVR8/Host_AVR8.o
 .comment       0x00000000       0x30 ../../LUFA-120730/LUFA/Drivers/USB/Core/AVR8/Pipe_AVR8.o
 .comment       0x00000000       0x30 ../../LUFA-120730/LUFA/Drivers/USB/Core/AVR8/USBController_AVR8.o
 .comment       0x00000000       0x30 ../../LUFA-120730/LUFA/Drivers/USB/Core/AVR8/USBInterrupt_AVR8.o
 .comment       0x00000000       0x30 ../../LUFA-120730/LUFA/Drivers/USB/Core/AVR8/EndpointStream_AVR8.o
 .comment       0x00000000       0x30 ../../LUFA-120730/LUFA/Drivers/USB/Core/AVR8/PipeStream_AVR8.o
 .comment       0x00000000       0x30 ../../LUFA-120730/LUFA/Drivers/USB/Core/ConfigDescriptors.o
 .comment       0x00000000       0x30 ../../LUFA-120730/LUFA/Drivers/USB/Core/DeviceStandardReq.o
 .comment       0x00000000       0x30 ../../LUFA-120730/LUFA/Drivers/USB/Core/Events.o
 .comment       0x00000000       0x30 ../../LUFA-120730/LUFA/Drivers/USB/Core/HostStandardReq.o
 .comment       0x00000000       0x30 ../../LUFA-120730/LUFA/Drivers/USB/Core/USBTask.o
 .comment       0x00000000       0x30 ../../LUFA-120730/LUFA/Drivers/USB/Class/Common/HIDParser.o
 .comment       0x00000000       0x30 ../../LUFA-120730/LUFA/Drivers/USB/Class/Device/AudioClassDevice.o
 .comment       0x00000000       0x30 ../../LUFA-120730/LUFA/Drivers/USB/Class/Device/CDCClassDevice.o
 .comment       0x00000000       0x30 ../../LUFA-120730/LUFA/Drivers/USB/Class/Device/HIDClassDevice.o
 .comment       0x00000000       0x30 ../../LUFA-120730/LUFA/Drivers/USB/Class/Device/MassStorageClassDevice.o
 .comment       0x00000000       0x30 ../../LUFA-120730/LUFA/Drivers/USB/Class/Device/MIDIClassDevice.o
 .comment       0x00000000       0x30 ../../LUFA-120730/LUFA/Drivers/USB/Class/Device/RNDISClassDevice.o
 .comment       0x00000000       0x30 ../../LUFA-120730/LUFA/Drivers/USB/Class/Host/AndroidAccessoryClassHost.o
 .comment       0x00000000       0x30 ../../LUFA-120730/LUFA/Drivers/USB/Class/Host/AudioClassHost.o
 .comment       0x00000000       0x30 ../../LUFA-120730/LUFA/Drivers/USB/Class/Host/CDCClassHost.o
 .comment       0x00000000       0x30 ../../LUFA-120730/LUFA/Drivers/USB/Class/Host/HIDClassHost.o
 .comment       0x00000000       0x30 ../../LUFA-120730/LUFA/Drivers/USB/Class/Host/MassStorageClassHost.o
 .comment       0x00000000       0x30 ../../LUFA-120730/LUFA/Drivers/USB/Class/Host/MIDIClassHost.o
 .comment       0x00000000       0x30 ../../LUFA-120730/LUFA/Drivers/USB/Class/Host/PrinterClassHost.o
 .comment       0x00000000       0x30 ../../LUFA-120730/LUFA/Drivers/USB/Class/Host/RNDISClassHost.o
 .comment       0x00000000       0x30 ../../LUFA-120730/LUFA/Drivers/USB/Class/Host/StillImageClassHost.o

.debug
 *(.debug)

.line
 *(.line)

.debug_srcinfo
 *(.debug_srcinfo)

.debug_sfnames
 *(.debug_sfnames)

.debug_aranges  0x00000000      0x5f0
 *(.debug_aranges)
 .debug_aranges
                0x00000000       0x80 USB2AX_Serial.o
 .debug_aranges
                0x00000080       0x20 Descriptors.o
 .debug_aranges
                0x000000a0       0x20 ../../LUFA-120730/LUFA/Drivers/USB/Core/AVR8/Device_AVR8.o
 .debug_aranges
                0x000000c0       0x40 ../../LUFA-120730/LUFA/Drivers/USB/Core/AVR8/Endpoint_AVR8.o
 .debug_aranges
                0x00000100       0x18 ../../LUFA-120730/LUFA/Drivers/USB/Core/AVR8/Host_AVR8.o
 .debug_aranges
                0x00000118       0x18 ../../LUFA-120730/LUFA/Drivers/USB/Core/AVR8/Pipe_AVR8.o
 .debug_aranges
                0x00000130       0x30 ../../LUFA-120730/LUFA/Drivers/USB/Core/AVR8/USBController_AVR8.o
 .debug_aranges
                0x00000160       0x38 ../../LUFA-120730/LUFA/Drivers/USB/Core/AVR8/USBInterrupt_AVR8.o
 .debug_aranges
                0x00000198       0xc8 ../../LUFA-120730/LUFA/Drivers/USB/Core/AVR8/EndpointStream_AVR8.o
 .debug_aranges
                0x00000260       0x18 ../../LUFA-120730/LUFA/Drivers/USB/Core/AVR8/PipeStream_AVR8.o
 .debug_aranges
                0x00000278       0x40 ../../LUFA-120730/LUFA/Drivers/USB/Core/ConfigDescriptors.o
 .debug_aranges
                0x000002b8       0x20 ../../LUFA-120730/LUFA/Drivers/USB/Core/DeviceStandardReq.o
 .debug_aranges
                0x000002d8       0x20 ../../LUFA-120730/LUFA/Drivers/USB/Core/Events.o
 .debug_aranges
                0x000002f8       0x18 ../../LUFA-120730/LUFA/Drivers/USB/Core/HostStandardReq.o
 .debug_aranges
                0x00000310       0x20 ../../LUFA-120730/LUFA/Drivers/USB/Core/USBTask.o
 .debug_aranges
                0x00000330       0x38 ../../LUFA-120730/LUFA/Drivers/USB/Class/Common/HIDParser.o
 .debug_aranges
                0x00000368       0x30 ../../LUFA-120730/LUFA/Drivers/USB/Class/Device/AudioClassDevice.o
 .debug_aranges
                0x00000398       0x98 ../../LUFA-120730/LUFA/Drivers/USB/Class/Device/CDCClassDevice.o
 .debug_aranges
                0x00000430       0x30 ../../LUFA-120730/LUFA/Drivers/USB/Class/Device/HIDClassDevice.o
 .debug_aranges
                0x00000460       0x30 ../../LUFA-120730/LUFA/Drivers/USB/Class/Device/MassStorageClassDevice.o
 .debug_aranges
                0x00000490       0x40 ../../LUFA-120730/LUFA/Drivers/USB/Class/Device/MIDIClassDevice.o
 .debug_aranges
                0x000004d0       0x48 ../../LUFA-120730/LUFA/Drivers/USB/Class/Device/RNDISClassDevice.o
 .debug_aranges
                0x00000518       0x18 ../../LUFA-120730/LUFA/Drivers/USB/Class/Host/AndroidAccessoryClassHost.o
 .debug_aranges
                0x00000530       0x18 ../../LUFA-120730/LUFA/Drivers/USB/Class/Host/AudioClassHost.o
 .debug_aranges
                0x00000548       0x18 ../../LUFA-120730/LUFA/Drivers/USB/Class/Host/CDCClassHost.o
 .debug_aranges
                0x00000560       0x18 ../../LUFA-120730/LUFA/Drivers/USB/Class/Host/HIDClassHost.o
 .debug_aranges
                0x00000578       0x18 ../../LUFA-120730/LUFA/Drivers/USB/Class/Host/MassStorageClassHost.o
 .debug_aranges
                0x00000590       0x18 ../../LUFA-120730/LUFA/Drivers/USB/Class/Host/MIDIClassHost.o
 .debug_aranges
                0x000005a8       0x18 ../../LUFA-120730/LUFA/Drivers/USB/Class/Host/PrinterClassHost.o
 .debug_aranges
                0x000005c0       0x18 ../../LUFA-120730/LUFA/Drivers/USB/Class/Host/RNDISClassHost.o
 .debug_aranges
                0x000005d8       0x18 ../../LUFA-120730/LUFA/Drivers/USB/Class/Host/StillImageClassHost.o

.debug_pubnames
 *(.debug_pubnames)

.debug_info     0x00000000     0x9b88
 *(.debug_info)
 .debug_info    0x00000000      0xd52 USB2AX_Serial.o
 .debug_info    0x00000d52      0x744 Descriptors.o
 .debug_info    0x00001496       0xd6 ../../LUFA-120730/LUFA/Drivers/USB/Core/AVR8/Device_AVR8.o
 .debug_info    0x0000156c      0x60d ../../LUFA-120730/LUFA/Drivers/USB/Core/AVR8/Endpoint_AVR8.o
 .debug_info    0x00001b79       0x5a ../../LUFA-120730/LUFA/Drivers/USB/Core/AVR8/Host_AVR8.o
 .debug_info    0x00001bd3       0x5a ../../LUFA-120730/LUFA/Drivers/USB/Core/AVR8/Pipe_AVR8.o
 .debug_info    0x00001c2d      0x4af ../../LUFA-120730/LUFA/Drivers/USB/Core/AVR8/USBController_AVR8.o
 .debug_info    0x000020dc      0x7bc ../../LUFA-120730/LUFA/Drivers/USB/Core/AVR8/USBInterrupt_AVR8.o
 .debug_info    0x00002898     0x173b ../../LUFA-120730/LUFA/Drivers/USB/Core/AVR8/EndpointStream_AVR8.o
 .debug_info    0x00003fd3       0x5a ../../LUFA-120730/LUFA/Drivers/USB/Core/AVR8/PipeStream_AVR8.o
 .debug_info    0x0000402d      0x3cd ../../LUFA-120730/LUFA/Drivers/USB/Core/ConfigDescriptors.o
 .debug_info    0x000043fa      0xa71 ../../LUFA-120730/LUFA/Drivers/USB/Core/DeviceStandardReq.o
 .debug_info    0x00004e6b       0x7c ../../LUFA-120730/LUFA/Drivers/USB/Core/Events.o
 .debug_info    0x00004ee7       0x21 ../../LUFA-120730/LUFA/Drivers/USB/Core/HostStandardReq.o
 .debug_info    0x00004f08      0x25c ../../LUFA-120730/LUFA/Drivers/USB/Core/USBTask.o
 .debug_info    0x00005164      0x73c ../../LUFA-120730/LUFA/Drivers/USB/Class/Common/HIDParser.o
 .debug_info    0x000058a0      0x8e2 ../../LUFA-120730/LUFA/Drivers/USB/Class/Device/AudioClassDevice.o
 .debug_info    0x00006182      0xe74 ../../LUFA-120730/LUFA/Drivers/USB/Class/Device/CDCClassDevice.o
 .debug_info    0x00006ff6      0x9d3 ../../LUFA-120730/LUFA/Drivers/USB/Class/Device/HIDClassDevice.o
 .debug_info    0x000079c9      0x949 ../../LUFA-120730/LUFA/Drivers/USB/Class/Device/MassStorageClassDevice.o
 .debug_info    0x00008312      0x5cc ../../LUFA-120730/LUFA/Drivers/USB/Class/Device/MIDIClassDevice.o
 .debug_info    0x000088de     0x1181 ../../LUFA-120730/LUFA/Drivers/USB/Class/Device/RNDISClassDevice.o
 .debug_info    0x00009a5f       0x21 ../../LUFA-120730/LUFA/Drivers/USB/Class/Host/AndroidAccessoryClassHost.o
 .debug_info    0x00009a80       0x21 ../../LUFA-120730/LUFA/Drivers/USB/Class/Host/AudioClassHost.o
 .debug_info    0x00009aa1       0x21 ../../LUFA-120730/LUFA/Drivers/USB/Class/Host/CDCClassHost.o
 .debug_info    0x00009ac2       0x21 ../../LUFA-120730/LUFA/Drivers/USB/Class/Host/HIDClassHost.o
 .debug_info    0x00009ae3       0x21 ../../LUFA-120730/LUFA/Drivers/USB/Class/Host/MassStorageClassHost.o
 .debug_info    0x00009b04       0x21 ../../LUFA-120730/LUFA/Drivers/USB/Class/Host/MIDIClassHost.o
 .debug_info    0x00009b25       0x21 ../../LUFA-120730/LUFA/Drivers/USB/Class/Host/PrinterClassHost.o
 .debug_info    0x00009b46       0x21 ../../LUFA-120730/LUFA/Drivers/USB/Class/Host/RNDISClassHost.o
 .debug_info    0x00009b67       0x21 ../../LUFA-120730/LUFA/Drivers/USB/Class/Host/StillImageClassHost.o
 *(.gnu.linkonce.wi.*)

.debug_abbrev   0x00000000     0x2789
 *(.debug_abbrev)
 .debug_abbrev  0x00000000      0x3ac USB2AX_Serial.o
 .debug_abbrev  0x000003ac      0x139 Descriptors.o
 .debug_abbrev  0x000004e5       0x83 ../../LUFA-120730/LUFA/Drivers/USB/Core/AVR8/Device_AVR8.o
 .debug_abbrev  0x00000568      0x21e ../../LUFA-120730/LUFA/Drivers/USB/Core/AVR8/Endpoint_AVR8.o
 .debug_abbrev  0x00000786       0x29 ../../LUFA-120730/LUFA/Drivers/USB/Core/AVR8/Host_AVR8.o
 .debug_abbrev  0x000007af       0x29 ../../LUFA-120730/LUFA/Drivers/USB/Core/AVR8/Pipe_AVR8.o
 .debug_abbrev  0x000007d8      0x1a8 ../../LUFA-120730/LUFA/Drivers/USB/Core/AVR8/USBController_AVR8.o
 .debug_abbrev  0x00000980      0x22b ../../LUFA-120730/LUFA/Drivers/USB/Core/AVR8/USBInterrupt_AVR8.o
 .debug_abbrev  0x00000bab      0x216 ../../LUFA-120730/LUFA/Drivers/USB/Core/AVR8/EndpointStream_AVR8.o
 .debug_abbrev  0x00000dc1       0x29 ../../LUFA-120730/LUFA/Drivers/USB/Core/AVR8/PipeStream_AVR8.o
 .debug_abbrev  0x00000dea      0x179 ../../LUFA-120730/LUFA/Drivers/USB/Core/ConfigDescriptors.o
 .debug_abbrev  0x00000f63      0x29a ../../LUFA-120730/LUFA/Drivers/USB/Core/DeviceStandardReq.o
 .debug_abbrev  0x000011fd       0x47 ../../LUFA-120730/LUFA/Drivers/USB/Core/Events.o
 .debug_abbrev  0x00001244       0x13 ../../LUFA-120730/LUFA/Drivers/USB/Core/HostStandardReq.o
 .debug_abbrev  0x00001257      0x172 ../../LUFA-120730/LUFA/Drivers/USB/Core/USBTask.o
 .debug_abbrev  0x000013c9      0x22e ../../LUFA-120730/LUFA/Drivers/USB/Class/Common/HIDParser.o
 .debug_abbrev  0x000015f7      0x206 ../../LUFA-120730/LUFA/Drivers/USB/Class/Device/AudioClassDevice.o
 .debug_abbrev  0x000017fd      0x419 ../../LUFA-120730/LUFA/Drivers/USB/Class/Device/CDCClassDevice.o
 .debug_abbrev  0x00001c16      0x27b ../../LUFA-120730/LUFA/Drivers/USB/Class/Device/HIDClassDevice.o
 .debug_abbrev  0x00001e91      0x2b2 ../../LUFA-120730/LUFA/Drivers/USB/Class/Device/MassStorageClassDevice.o
 .debug_abbrev  0x00002143      0x230 ../../LUFA-120730/LUFA/Drivers/USB/Class/Device/MIDIClassDevice.o
 .debug_abbrev  0x00002373      0x36b ../../LUFA-120730/LUFA/Drivers/USB/Class/Device/RNDISClassDevice.o
 .debug_abbrev  0x000026de       0x13 ../../LUFA-120730/LUFA/Drivers/USB/Class/Host/AndroidAccessoryClassHost.o
 .debug_abbrev  0x000026f1       0x13 ../../LUFA-120730/LUFA/Drivers/USB/Class/Host/AudioClassHost.o
 .debug_abbrev  0x00002704       0x13 ../../LUFA-120730/LUFA/Drivers/USB/Class/Host/CDCClassHost.o
 .debug_abbrev  0x00002717       0x13 ../../LUFA-120730/LUFA/Drivers/USB/Class/Host/HIDClassHost.o
 .debug_abbrev  0x0000272a       0x13 ../../LUFA-120730/LUFA/Drivers/USB/Class/Host/MassStorageClassHost.o
 .debug_abbrev  0x0000273d       0x13 ../../LUFA-120730/LUFA/Drivers/USB/Class/Host/MIDIClassHost.o
 .debug_abbrev  0x00002750       0x13 ../../LUFA-120730/LUFA/Drivers/USB/Class/Host/PrinterClassHost.o
 .debug_abbrev  0x00002763       0x13 ../../LUFA-120730/LUFA/Drivers/USB/Class/Host/RNDISClassHost.o
 .debug_abbrev  0x00002776       0x13 ../../LUFA-120730/LUFA/Drivers/USB/Class/Host/StillImageClassHost.o

.debug_line     0x00000000     0xfd17
 *(.debug_line)
 .debug_line    0x00000000     0x1312 USB2AX_Serial.o
 .debug_line    0x00001312      0xd94 Descriptors.o
 .debug_line    0x000020a6      0x9dd ../../LUFA-120730/LUFA/Drivers/USB/Core/AVR8/Device_AVR8.o
 .debug_line    0x00002a83      0xb51 ../../LUFA-120730/LUFA/Drivers/USB/Core/AVR8/Endpoint_AVR8.o
 .debug_line    0x000035d4      0x522 ../../LUFA-120730/LUFA/Drivers/USB/Core/AVR8/Host_AVR8.o
 .debug_line    0x00003af6      0x522 ../../LUFA-120730/LUFA/Drivers/USB/Core/AVR8/Pipe_AVR8.o
 .debug_line    0x00004018      0x906 ../../LUFA-120730/LUFA/Drivers/USB/Core/AVR8/USBController_AVR8.o
 .debug_line    0x0000491e      0xb2c ../../LUFA-120730/LUFA/Drivers/USB/Core/AVR8/USBInterrupt_AVR8.o
 .debug_line    0x0000544a     0x137f ../../LUFA-120730/LUFA/Drivers/USB/Core/AVR8/EndpointStream_AVR8.o
 .debug_line    0x000067c9      0x528 ../../LUFA-120730/LUFA/Drivers/USB/Core/AVR8/PipeStream_AVR8.o
 .debug_line    0x00006cf1      0x8dc ../../LUFA-120730/LUFA/Drivers/USB/Core/ConfigDescriptors.o
 .debug_line    0x000075cd      0x9b9 ../../LUFA-120730/LUFA/Drivers/USB/Core/DeviceStandardReq.o
 .debug_line    0x00007f86      0x4fd ../../LUFA-120730/LUFA/Drivers/USB/Core/Events.o
 .debug_line    0x00008483       0x64 ../../LUFA-120730/LUFA/Drivers/USB/Core/HostStandardReq.o
 .debug_line    0x000084e7      0x881 ../../LUFA-120730/LUFA/Drivers/USB/Core/USBTask.o
 .debug_line    0x00008d68      0x76a ../../LUFA-120730/LUFA/Drivers/USB/Class/Common/HIDParser.o
 .debug_line    0x000094d2      0xf84 ../../LUFA-120730/LUFA/Drivers/USB/Class/Device/AudioClassDevice.o
 .debug_line    0x0000a456     0x11fa ../../LUFA-120730/LUFA/Drivers/USB/Class/Device/CDCClassDevice.o
 .debug_line    0x0000b650     0x102d ../../LUFA-120730/LUFA/Drivers/USB/Class/Device/HIDClassDevice.o
 .debug_line    0x0000c67d     0x1045 ../../LUFA-120730/LUFA/Drivers/USB/Class/Device/MassStorageClassDevice.o
 .debug_line    0x0000d6c2      0xfcd ../../LUFA-120730/LUFA/Drivers/USB/Class/Device/MIDIClassDevice.o
 .debug_line    0x0000e68f     0x10c3 ../../LUFA-120730/LUFA/Drivers/USB/Class/Device/RNDISClassDevice.o
 .debug_line    0x0000f752       0xad ../../LUFA-120730/LUFA/Drivers/USB/Class/Host/AndroidAccessoryClassHost.o
 .debug_line    0x0000f7ff       0xa2 ../../LUFA-120730/LUFA/Drivers/USB/Class/Host/AudioClassHost.o
 .debug_line    0x0000f8a1       0xa0 ../../LUFA-120730/LUFA/Drivers/USB/Class/Host/CDCClassHost.o
 .debug_line    0x0000f941       0xa0 ../../LUFA-120730/LUFA/Drivers/USB/Class/Host/HIDClassHost.o
 .debug_line    0x0000f9e1       0xa8 ../../LUFA-120730/LUFA/Drivers/USB/Class/Host/MassStorageClassHost.o
 .debug_line    0x0000fa89       0xa1 ../../LUFA-120730/LUFA/Drivers/USB/Class/Host/MIDIClassHost.o
 .debug_line    0x0000fb2a       0xa4 ../../LUFA-120730/LUFA/Drivers/USB/Class/Host/PrinterClassHost.o
 .debug_line    0x0000fbce       0xa2 ../../LUFA-120730/LUFA/Drivers/USB/Class/Host/RNDISClassHost.o
 .debug_line    0x0000fc70       0xa7 ../../LUFA-120730/LUFA/Drivers/USB/Class/Host/StillImageClassHost.o

.debug_frame    0x00000000      0xf14
 *(.debug_frame)
 .debug_frame   0x00000000      0x13c USB2AX_Serial.o
 .debug_frame   0x0000013c       0x24 Descriptors.o
 .debug_frame   0x00000160       0x24 ../../LUFA-120730/LUFA/Drivers/USB/Core/AVR8/Device_AVR8.o
 .debug_frame   0x00000184       0x78 ../../LUFA-120730/LUFA/Drivers/USB/Core/AVR8/Endpoint_AVR8.o
 .debug_frame   0x000001fc       0x58 ../../LUFA-120730/LUFA/Drivers/USB/Core/AVR8/USBController_AVR8.o
 .debug_frame   0x00000254       0xe8 ../../LUFA-120730/LUFA/Drivers/USB/Core/AVR8/USBInterrupt_AVR8.o
 .debug_frame   0x0000033c      0x42c ../../LUFA-120730/LUFA/Drivers/USB/Core/AVR8/EndpointStream_AVR8.o
 .debug_frame   0x00000768      0x108 ../../LUFA-120730/LUFA/Drivers/USB/Core/ConfigDescriptors.o
 .debug_frame   0x00000870       0x48 ../../LUFA-120730/LUFA/Drivers/USB/Core/DeviceStandardReq.o
 .debug_frame   0x000008b8       0x24 ../../LUFA-120730/LUFA/Drivers/USB/Core/Events.o
 .debug_frame   0x000008dc       0x2c ../../LUFA-120730/LUFA/Drivers/USB/Core/USBTask.o
 .debug_frame   0x00000908      0x114 ../../LUFA-120730/LUFA/Drivers/USB/Class/Common/HIDParser.o
 .debug_frame   0x00000a1c       0xb0 ../../LUFA-120730/LUFA/Drivers/USB/Class/Device/AudioClassDevice.o
 .debug_frame   0x00000acc      0x168 ../../LUFA-120730/LUFA/Drivers/USB/Class/Device/CDCClassDevice.o
 .debug_frame   0x00000c34       0xe8 ../../LUFA-120730/LUFA/Drivers/USB/Class/Device/HIDClassDevice.o
 .debug_frame   0x00000d1c       0x80 ../../LUFA-120730/LUFA/Drivers/USB/Class/Device/MassStorageClassDevice.o
 .debug_frame   0x00000d9c       0x70 ../../LUFA-120730/LUFA/Drivers/USB/Class/Device/MIDIClassDevice.o
 .debug_frame   0x00000e0c      0x108 ../../LUFA-120730/LUFA/Drivers/USB/Class/Device/RNDISClassDevice.o

.debug_str      0x00000000    0x18964
 *(.debug_str)
 .debug_str     0x00000000    0x14d41 USB2AX_Serial.o
                              0x15012 (size before relaxing)
 .debug_str     0x00014d41      0x8b2 Descriptors.o
                              0x13ebe (size before relaxing)
 .debug_str     0x000155f3       0xc1 ../../LUFA-120730/LUFA/Drivers/USB/Core/AVR8/Device_AVR8.o
                               0xd945 (size before relaxing)
 .debug_str     0x000156b4      0x379 ../../LUFA-120730/LUFA/Drivers/USB/Core/AVR8/Endpoint_AVR8.o
                               0xdd57 (size before relaxing)
 .debug_str     0x00015a2d       0x39 ../../LUFA-120730/LUFA/Drivers/USB/Core/AVR8/Host_AVR8.o
                               0xced8 (size before relaxing)
 .debug_str     0x00015a66       0x39 ../../LUFA-120730/LUFA/Drivers/USB/Core/AVR8/Pipe_AVR8.o
                               0xced8 (size before relaxing)
 .debug_str     0x00015a9f      0x299 ../../LUFA-120730/LUFA/Drivers/USB/Core/AVR8/USBController_AVR8.o
                               0xdcb7 (size before relaxing)
 .debug_str     0x00015d38      0x197 ../../LUFA-120730/LUFA/Drivers/USB/Core/AVR8/USBInterrupt_AVR8.o
                               0xdd15 (size before relaxing)
 .debug_str     0x00015ecf      0x9ca ../../LUFA-120730/LUFA/Drivers/USB/Core/AVR8/EndpointStream_AVR8.o
                               0xe6a9 (size before relaxing)
 .debug_str     0x00016899       0x3f ../../LUFA-120730/LUFA/Drivers/USB/Core/AVR8/PipeStream_AVR8.o
                               0xcede (size before relaxing)
 .debug_str     0x000168d8      0x233 ../../LUFA-120730/LUFA/Drivers/USB/Core/ConfigDescriptors.o
                               0xdcb7 (size before relaxing)
 .debug_str     0x00016b0b      0x39d ../../LUFA-120730/LUFA/Drivers/USB/Core/DeviceStandardReq.o
                               0xe0ee (size before relaxing)
 .debug_str     0x00016ea8       0x59 ../../LUFA-120730/LUFA/Drivers/USB/Core/Events.o
                               0xcf09 (size before relaxing)
 .debug_str     0x00016f01       0x3a ../../LUFA-120730/LUFA/Drivers/USB/Core/HostStandardReq.o
                               0x1950 (size before relaxing)
 .debug_str     0x00016f3b       0x68 ../../LUFA-120730/LUFA/Drivers/USB/Core/USBTask.o
                               0xdad6 (size before relaxing)
 .debug_str     0x00016fa3      0x4a1 ../../LUFA-120730/LUFA/Drivers/USB/Class/Common/HIDParser.o
                              0x111b2 (size before relaxing)
 .debug_str     0x00017444      0x2ae ../../LUFA-120730/LUFA/Drivers/USB/Class/Device/AudioClassDevice.o
                              0x139fc (size before relaxing)
 .debug_str     0x000176f2      0x2c1 ../../LUFA-120730/LUFA/Drivers/USB/Class/Device/CDCClassDevice.o
                              0x13d4f (size before relaxing)
 .debug_str     0x000179b3      0x274 ../../LUFA-120730/LUFA/Drivers/USB/Class/Device/HIDClassDevice.o
                              0x13a4c (size before relaxing)
 .debug_str     0x00017c27      0x295 ../../LUFA-120730/LUFA/Drivers/USB/Class/Device/MassStorageClassDevice.o
                              0x13b4e (size before relaxing)
 .debug_str     0x00017ebc      0x142 ../../LUFA-120730/LUFA/Drivers/USB/Class/Device/MIDIClassDevice.o
                              0x13992 (size before relaxing)
 .debug_str     0x00017ffe      0x71c ../../LUFA-120730/LUFA/Drivers/USB/Class/Device/RNDISClassDevice.o
                              0x140af (size before relaxing)
 .debug_str     0x0001871a       0x4a ../../LUFA-120730/LUFA/Drivers/USB/Class/Host/AndroidAccessoryClassHost.o
                               0x1960 (size before relaxing)
 .debug_str     0x00018764       0x3f ../../LUFA-120730/LUFA/Drivers/USB/Class/Host/AudioClassHost.o
                               0x1955 (size before relaxing)
 .debug_str     0x000187a3       0x3d ../../LUFA-120730/LUFA/Drivers/USB/Class/Host/CDCClassHost.o
                               0x1953 (size before relaxing)
 .debug_str     0x000187e0       0x3d ../../LUFA-120730/LUFA/Drivers/USB/Class/Host/HIDClassHost.o
                               0x1953 (size before relaxing)
 .debug_str     0x0001881d       0x45 ../../LUFA-120730/LUFA/Drivers/USB/Class/Host/MassStorageClassHost.o
                               0x195b (size before relaxing)
 .debug_str     0x00018862       0x3e ../../LUFA-120730/LUFA/Drivers/USB/Class/Host/MIDIClassHost.o
                               0x1954 (size before relaxing)
 .debug_str     0x000188a0       0x41 ../../LUFA-120730/LUFA/Drivers/USB/Class/Host/PrinterClassHost.o
                               0x1957 (size before relaxing)
 .debug_str     0x000188e1       0x3f ../../LUFA-120730/LUFA/Drivers/USB/Class/Host/RNDISClassHost.o
                               0x1955 (size before relaxing)
 .debug_str     0x00018920       0x44 ../../LUFA-120730/LUFA/Drivers/USB/Class/Host/StillImageClassHost.o
                               0x195a (size before relaxing)

.debug_loc      0x00000000     0x6249
 *(.debug_loc)
 .debug_loc     0x00000000      0x430 USB2AX_Serial.o
 .debug_loc     0x00000430      0x1f0 Descriptors.o
 .debug_loc     0x00000620      0x3f7 ../../LUFA-120730/LUFA/Drivers/USB/Core/AVR8/Endpoint_AVR8.o
 .debug_loc     0x00000a17       0x49 ../../LUFA-120730/LUFA/Drivers/USB/Core/AVR8/USBController_AVR8.o
 .debug_loc     0x00000a60      0x346 ../../LUFA-120730/LUFA/Drivers/USB/Core/AVR8/USBInterrupt_AVR8.o
 .debug_loc     0x00000da6     0x1f31 ../../LUFA-120730/LUFA/Drivers/USB/Core/AVR8/EndpointStream_AVR8.o
 .debug_loc     0x00002cd7      0x5bd ../../LUFA-120730/LUFA/Drivers/USB/Core/ConfigDescriptors.o
 .debug_loc     0x00003294      0x2f0 ../../LUFA-120730/LUFA/Drivers/USB/Core/DeviceStandardReq.o
 .debug_loc     0x00003584       0x49 ../../LUFA-120730/LUFA/Drivers/USB/Core/USBTask.o
 .debug_loc     0x000035cd      0x94c ../../LUFA-120730/LUFA/Drivers/USB/Class/Common/HIDParser.o
 .debug_loc     0x00003f19      0x3c6 ../../LUFA-120730/LUFA/Drivers/USB/Class/Device/AudioClassDevice.o
 .debug_loc     0x000042df      0x8c7 ../../LUFA-120730/LUFA/Drivers/USB/Class/Device/CDCClassDevice.o
 .debug_loc     0x00004ba6      0x491 ../../LUFA-120730/LUFA/Drivers/USB/Class/Device/HIDClassDevice.o
 .debug_loc     0x00005037      0x29f ../../LUFA-120730/LUFA/Drivers/USB/Class/Device/MassStorageClassDevice.o
 .debug_loc     0x000052d6      0x2b0 ../../LUFA-120730/LUFA/Drivers/USB/Class/Device/MIDIClassDevice.o
 .debug_loc     0x00005586      0xcc3 ../../LUFA-120730/LUFA/Drivers/USB/Class/Device/RNDISClassDevice.o

.debug_macinfo
 *(.debug_macinfo)

.debug_pubtypes
 *(.debug_pubtypes)

.debug_ranges   0x00000000      0x748
 *(.debug_ranges)
 .debug_ranges  0x00000000       0x70 USB2AX_Serial.o
 .debug_ranges  0x00000070       0x10 Descriptors.o
 .debug_ranges  0x00000080       0x10 ../../LUFA-120730/LUFA/Drivers/USB/Core/AVR8/Device_AVR8.o
 .debug_ranges  0x00000090       0x98 ../../LUFA-120730/LUFA/Drivers/USB/Core/AVR8/Endpoint_AVR8.o
 .debug_ranges  0x00000128       0x20 ../../LUFA-120730/LUFA/Drivers/USB/Core/AVR8/USBController_AVR8.o
 .debug_ranges  0x00000148       0x28 ../../LUFA-120730/LUFA/Drivers/USB/Core/AVR8/USBInterrupt_AVR8.o
 .debug_ranges  0x00000170      0x2c8 ../../LUFA-120730/LUFA/Drivers/USB/Core/AVR8/EndpointStream_AVR8.o
 .debug_ranges  0x00000438       0x30 ../../LUFA-120730/LUFA/Drivers/USB/Core/ConfigDescriptors.o
 .debug_ranges  0x00000468       0x28 ../../LUFA-120730/LUFA/Drivers/USB/Core/DeviceStandardReq.o
 .debug_ranges  0x00000490       0x10 ../../LUFA-120730/LUFA/Drivers/USB/Core/Events.o
 .debug_ranges  0x000004a0       0x10 ../../LUFA-120730/LUFA/Drivers/USB/Core/USBTask.o
 .debug_ranges  0x000004b0       0xc8 ../../LUFA-120730/LUFA/Drivers/USB/Class/Common/HIDParser.o
 .debug_ranges  0x00000578       0x20 ../../LUFA-120730/LUFA/Drivers/USB/Class/Device/AudioClassDevice.o
 .debug_ranges  0x00000598       0x88 ../../LUFA-120730/LUFA/Drivers/USB/Class/Device/CDCClassDevice.o
 .debug_ranges  0x00000620       0x20 ../../LUFA-120730/LUFA/Drivers/USB/Class/Device/HIDClassDevice.o
 .debug_ranges  0x00000640       0x38 ../../LUFA-120730/LUFA/Drivers/USB/Class/Device/MassStorageClassDevice.o
 .debug_ranges  0x00000678       0x30 ../../LUFA-120730/LUFA/Drivers/USB/Class/Device/MIDIClassDevice.o
 .debug_ranges  0x000006a8       0xa0 ../../LUFA-120730/LUFA/Drivers/USB/Class/Device/RNDISClassDevice.o

.debug_macro    0x00000000     0x9a83
 *(.debug_macro)
 .debug_macro   0x00000000      0x49a USB2AX_Serial.o
 .debug_macro   0x0000049a      0x5c8 USB2AX_Serial.o
 .debug_macro   0x00000a62       0x10 USB2AX_Serial.o
 .debug_macro   0x00000a72      0x1ad USB2AX_Serial.o
 .debug_macro   0x00000c1f      0x293 USB2AX_Serial.o
 .debug_macro   0x00000eb2       0x9e USB2AX_Serial.o
 .debug_macro   0x00000f50     0x221a USB2AX_Serial.o
 .debug_macro   0x0000316a      0x14f USB2AX_Serial.o
 .debug_macro   0x000032b9       0xd9 USB2AX_Serial.o
 .debug_macro   0x00003392       0x34 USB2AX_Serial.o
 .debug_macro   0x000033c6       0x18 USB2AX_Serial.o
 .debug_macro   0x000033de       0x6c USB2AX_Serial.o
 .debug_macro   0x0000344a       0x76 USB2AX_Serial.o
 .debug_macro   0x000034c0       0x69 USB2AX_Serial.o
 .debug_macro   0x00003529       0xab USB2AX_Serial.o
 .debug_macro   0x000035d4       0x10 USB2AX_Serial.o
 .debug_macro   0x000035e4       0x89 USB2AX_Serial.o
 .debug_macro   0x0000366d      0x16c USB2AX_Serial.o
 .debug_macro   0x000037d9       0x12 USB2AX_Serial.o
 .debug_macro   0x000037eb       0x10 USB2AX_Serial.o
 .debug_macro   0x000037fb       0x22 USB2AX_Serial.o
 .debug_macro   0x0000381d       0x16 USB2AX_Serial.o
 .debug_macro   0x00003833       0x20 USB2AX_Serial.o
 .debug_macro   0x00003853       0xf5 USB2AX_Serial.o
 .debug_macro   0x00003948       0x22 USB2AX_Serial.o
 .debug_macro   0x0000396a      0x161 USB2AX_Serial.o
 .debug_macro   0x00003acb       0x36 USB2AX_Serial.o
 .debug_macro   0x00003b01       0x1c USB2AX_Serial.o
 .debug_macro   0x00003b1d       0x68 USB2AX_Serial.o
 .debug_macro   0x00003b85       0x34 USB2AX_Serial.o
 .debug_macro   0x00003bb9       0x87 USB2AX_Serial.o
 .debug_macro   0x00003c40       0x35 USB2AX_Serial.o
 .debug_macro   0x00003c75      0x10c USB2AX_Serial.o
 .debug_macro   0x00003d81      0x160 USB2AX_Serial.o
 .debug_macro   0x00003ee1      0x167 USB2AX_Serial.o
 .debug_macro   0x00004048       0x10 USB2AX_Serial.o
 .debug_macro   0x00004058       0x1c USB2AX_Serial.o
 .debug_macro   0x00004074       0x86 USB2AX_Serial.o
 .debug_macro   0x000040fa       0x2e USB2AX_Serial.o
 .debug_macro   0x00004128       0x26 USB2AX_Serial.o
 .debug_macro   0x0000414e       0x4d USB2AX_Serial.o
 .debug_macro   0x0000419b       0x81 USB2AX_Serial.o
 .debug_macro   0x0000421c       0x16 USB2AX_Serial.o
 .debug_macro   0x00004232       0x12 USB2AX_Serial.o
 .debug_macro   0x00004244       0x22 USB2AX_Serial.o
 .debug_macro   0x00004266       0x64 USB2AX_Serial.o
 .debug_macro   0x000042ca       0x3a USB2AX_Serial.o
 .debug_macro   0x00004304       0x20 USB2AX_Serial.o
 .debug_macro   0x00004324       0x10 USB2AX_Serial.o
 .debug_macro   0x00004334       0x1c USB2AX_Serial.o
 .debug_macro   0x00004350       0x16 USB2AX_Serial.o
 .debug_macro   0x00004366       0x16 USB2AX_Serial.o
 .debug_macro   0x0000437c      0x12c USB2AX_Serial.o
 .debug_macro   0x000044a8       0x16 USB2AX_Serial.o
 .debug_macro   0x000044be       0x46 USB2AX_Serial.o
 .debug_macro   0x00004504       0x58 USB2AX_Serial.o
 .debug_macro   0x0000455c       0x10 USB2AX_Serial.o
 .debug_macro   0x0000456c       0x35 USB2AX_Serial.o
 .debug_macro   0x000045a1       0xeb USB2AX_Serial.o
 .debug_macro   0x0000468c       0x16 USB2AX_Serial.o
 .debug_macro   0x000046a2      0x154 USB2AX_Serial.o
 .debug_macro   0x000047f6       0x2a USB2AX_Serial.o
 .debug_macro   0x00004820      0x647 USB2AX_Serial.o
 .debug_macro   0x00004e67       0x16 USB2AX_Serial.o
 .debug_macro   0x00004e7d      0x12b USB2AX_Serial.o
 .debug_macro   0x00004fa8       0x16 USB2AX_Serial.o
 .debug_macro   0x00004fbe       0x10 USB2AX_Serial.o
 .debug_macro   0x00004fce       0x22 USB2AX_Serial.o
 .debug_macro   0x00004ff0       0x16 USB2AX_Serial.o
 .debug_macro   0x00005006       0x16 USB2AX_Serial.o
 .debug_macro   0x0000501c       0x10 USB2AX_Serial.o
 .debug_macro   0x0000502c      0x1c5 USB2AX_Serial.o
 .debug_macro   0x000051f1       0x16 USB2AX_Serial.o
 .debug_macro   0x00005207       0x22 USB2AX_Serial.o
 .debug_macro   0x00005229       0x10 USB2AX_Serial.o
 .debug_macro   0x00005239       0x28 USB2AX_Serial.o
 .debug_macro   0x00005261       0x12 USB2AX_Serial.o
 .debug_macro   0x00005273       0x10 USB2AX_Serial.o
 .debug_macro   0x00005283      0x10e USB2AX_Serial.o
 .debug_macro   0x00005391       0x10 USB2AX_Serial.o
 .debug_macro   0x000053a1       0x34 USB2AX_Serial.o
 .debug_macro   0x000053d5      0x417 Descriptors.o
 .debug_macro   0x000057ec       0xaa Descriptors.o
 .debug_macro   0x00005896      0x295 ../../LUFA-120730/LUFA/Drivers/USB/Core/AVR8/Device_AVR8.o
 .debug_macro   0x00005b2b       0x97 ../../LUFA-120730/LUFA/Drivers/USB/Core/AVR8/Device_AVR8.o
 .debug_macro   0x00005bc2       0x16 ../../LUFA-120730/LUFA/Drivers/USB/Core/AVR8/Device_AVR8.o
 .debug_macro   0x00005bd8      0x299 ../../LUFA-120730/LUFA/Drivers/USB/Core/AVR8/Device_AVR8.o
 .debug_macro   0x00005e71      0x160 ../../LUFA-120730/LUFA/Drivers/USB/Core/AVR8/Device_AVR8.o
 .debug_macro   0x00005fd1       0x47 ../../LUFA-120730/LUFA/Drivers/USB/Core/AVR8/Device_AVR8.o
 .debug_macro   0x00006018      0x29d ../../LUFA-120730/LUFA/Drivers/USB/Core/AVR8/Endpoint_AVR8.o
 .debug_macro   0x000062b5       0x10 ../../LUFA-120730/LUFA/Drivers/USB/Core/AVR8/Endpoint_AVR8.o
 .debug_macro   0x000062c5      0x172 ../../LUFA-120730/LUFA/Drivers/USB/Core/AVR8/Host_AVR8.o
 .debug_macro   0x00006437      0x172 ../../LUFA-120730/LUFA/Drivers/USB/Core/AVR8/Pipe_AVR8.o
 .debug_macro   0x000065a9      0x275 ../../LUFA-120730/LUFA/Drivers/USB/Core/AVR8/USBController_AVR8.o
 .debug_macro   0x0000681e       0x87 ../../LUFA-120730/LUFA/Drivers/USB/Core/AVR8/USBController_AVR8.o
 .debug_macro   0x000068a5      0x27d ../../LUFA-120730/LUFA/Drivers/USB/Core/AVR8/USBInterrupt_AVR8.o
 .debug_macro   0x00006b22      0x606 ../../LUFA-120730/LUFA/Drivers/USB/Core/AVR8/EndpointStream_AVR8.o
 .debug_macro   0x00007128       0x28 ../../LUFA-120730/LUFA/Drivers/USB/Core/AVR8/EndpointStream_AVR8.o
 .debug_macro   0x00007150       0x1c ../../LUFA-120730/LUFA/Drivers/USB/Core/AVR8/EndpointStream_AVR8.o
 .debug_macro   0x0000716c       0x1c ../../LUFA-120730/LUFA/Drivers/USB/Core/AVR8/EndpointStream_AVR8.o
 .debug_macro   0x00007188      0x172 ../../LUFA-120730/LUFA/Drivers/USB/Core/AVR8/PipeStream_AVR8.o
 .debug_macro   0x000072fa      0x28c ../../LUFA-120730/LUFA/Drivers/USB/Core/ConfigDescriptors.o
 .debug_macro   0x00007586      0x275 ../../LUFA-120730/LUFA/Drivers/USB/Core/DeviceStandardReq.o
 .debug_macro   0x000077fb       0x18 ../../LUFA-120730/LUFA/Drivers/USB/Core/DeviceStandardReq.o
 .debug_macro   0x00007813      0x182 ../../LUFA-120730/LUFA/Drivers/USB/Core/Events.o
 .debug_macro   0x00007995       0x20 ../../LUFA-120730/LUFA/Drivers/USB/Core/HostStandardReq.o
 .debug_macro   0x000079b5      0x281 ../../LUFA-120730/LUFA/Drivers/USB/Core/USBTask.o
 .debug_macro   0x00007c36      0x1c0 ../../LUFA-120730/LUFA/Drivers/USB/Class/Common/HIDParser.o
 .debug_macro   0x00007df6      0x420 ../../LUFA-120730/LUFA/Drivers/USB/Class/Device/AudioClassDevice.o
 .debug_macro   0x00008216       0x40 ../../LUFA-120730/LUFA/Drivers/USB/Class/Device/AudioClassDevice.o
 .debug_macro   0x00008256      0x132 ../../LUFA-120730/LUFA/Drivers/USB/Class/Device/AudioClassDevice.o
 .debug_macro   0x00008388      0x420 ../../LUFA-120730/LUFA/Drivers/USB/Class/Device/CDCClassDevice.o
 .debug_macro   0x000087a8      0x424 ../../LUFA-120730/LUFA/Drivers/USB/Class/Device/HIDClassDevice.o
 .debug_macro   0x00008bcc      0x42a ../../LUFA-120730/LUFA/Drivers/USB/Class/Device/MassStorageClassDevice.o
 .debug_macro   0x00008ff6      0x125 ../../LUFA-120730/LUFA/Drivers/USB/Class/Device/MassStorageClassDevice.o
 .debug_macro   0x0000911b      0x424 ../../LUFA-120730/LUFA/Drivers/USB/Class/Device/MIDIClassDevice.o
 .debug_macro   0x0000953f      0x424 ../../LUFA-120730/LUFA/Drivers/USB/Class/Device/RNDISClassDevice.o
 .debug_macro   0x00009963       0x20 ../../LUFA-120730/LUFA/Drivers/USB/Class/Host/AndroidAccessoryClassHost.o
 .debug_macro   0x00009983       0x20 ../../LUFA-120730/LUFA/Drivers/USB/Class/Host/AudioClassHost.o
 .debug_macro   0x000099a3       0x20 ../../LUFA-120730/LUFA/Drivers/USB/Class/Host/CDCClassHost.o
 .debug_macro   0x000099c3       0x20 ../../LUFA-120730/LUFA/Drivers/USB/Class/Host/HIDClassHost.o
 .debug_macro   0x000099e3       0x20 ../../LUFA-120730/LUFA/Drivers/USB/Class/Host/MassStorageClassHost.o
 .debug_macro   0x00009a03       0x20 ../../LUFA-120730/LUFA/Drivers/USB/Class/Host/MIDIClassHost.o
 .debug_macro   0x00009a23       0x20 ../../LUFA-120730/LUFA/Drivers/USB/Class/Host/PrinterClassHost.o
 .debug_macro   0x00009a43       0x20 ../../LUFA-120730/LUFA/Drivers/USB/Class/Host/RNDISClassHost.o
 .debug_macro   0x00009a63       0x20 ../../LUFA-120730/LUFA/Drivers/USB/Class/Host/StillImageClassHost.o
OUTPUT(USB2AX_Serial.elf elf32-avr)
LOAD linker stubs

Cross Reference Table

Symbol                                            File
Audio_Device_ConfigureEndpoints                   ../../LUFA-120730/LUFA/Drivers/USB/Class/Device/AudioClassDevice.o
Audio_Device_Event_Stub                           ../../LUFA-120730/LUFA/Drivers/USB/Class/Device/AudioClassDevice.o
Audio_Device_ProcessControlRequest                ../../LUFA-120730/LUFA/Drivers/USB/Class/Device/AudioClassDevice.o
CALLBACK_Audio_Device_GetSetEndpointProperty      ../../LUFA-120730/LUFA/Drivers/USB/Class/Device/AudioClassDevice.o
CALLBACK_Audio_Device_GetSetInterfaceProperty     ../../LUFA-120730/LUFA/Drivers/USB/Class/Device/AudioClassDevice.o
CALLBACK_HIDParser_FilterHIDReportItem            ../../LUFA-120730/LUFA/Drivers/USB/Class/Common/HIDParser.o
CALLBACK_HID_Device_CreateHIDReport               ../../LUFA-120730/LUFA/Drivers/USB/Class/Device/HIDClassDevice.o
CALLBACK_HID_Device_ProcessHIDReport              ../../LUFA-120730/LUFA/Drivers/USB/Class/Device/HIDClassDevice.o
CALLBACK_MS_Device_SCSICommandReceived            ../../LUFA-120730/LUFA/Drivers/USB/Class/Device/MassStorageClassDevice.o
CALLBACK_USB_GetDescriptor                        Descriptors.o
                                                  ../../LUFA-120730/LUFA/Drivers/USB/Core/DeviceStandardReq.o
CDC_Device_BytesReceived                          ../../LUFA-120730/LUFA/Drivers/USB/Class/Device/CDCClassDevice.o
CDC_Device_ConfigureEndpoints                     ../../LUFA-120730/LUFA/Drivers/USB/Class/Device/CDCClassDevice.o
                                                  USB2AX_Serial.o
CDC_Device_CreateBlockingStream                   ../../LUFA-120730/LUFA/Drivers/USB/Class/Device/CDCClassDevice.o
CDC_Device_CreateStream                           ../../LUFA-120730/LUFA/Drivers/USB/Class/Device/CDCClassDevice.o
CDC_Device_Event_Stub                             ../../LUFA-120730/LUFA/Drivers/USB/Class/Device/CDCClassDevice.o
CDC_Device_Flush                                  ../../LUFA-120730/LUFA/Drivers/USB/Class/Device/CDCClassDevice.o
CDC_Device_ProcessControlRequest                  ../../LUFA-120730/LUFA/Drivers/USB/Class/Device/CDCClassDevice.o
                                                  USB2AX_Serial.o
CDC_Device_ReceiveByte                            ../../LUFA-120730/LUFA/Drivers/USB/Class/Device/CDCClassDevice.o
                                                  USB2AX_Serial.o
CDC_Device_SendByte                               ../../LUFA-120730/LUFA/Drivers/USB/Class/Device/CDCClassDevice.o
CDC_Device_SendControlLineStateChange             ../../LUFA-120730/LUFA/Drivers/USB/Class/Device/CDCClassDevice.o
CDC_Device_SendData                               ../../LUFA-120730/LUFA/Drivers/USB/Class/Device/CDCClassDevice.o
CDC_Device_SendString                             ../../LUFA-120730/LUFA/Drivers/USB/Class/Device/CDCClassDevice.o
CDC_Device_USBTask                                ../../LUFA-120730/LUFA/Drivers/USB/Class/Device/CDCClassDevice.o
ConfigurationDescriptor                           Descriptors.o
DeviceDescriptor                                  Descriptors.o
EVENT_Audio_Device_StreamStartStop                ../../LUFA-120730/LUFA/Drivers/USB/Class/Device/AudioClassDevice.o
EVENT_CDC_Device_BreakSent                        ../../LUFA-120730/LUFA/Drivers/USB/Class/Device/CDCClassDevice.o
EVENT_CDC_Device_ControLineStateChanged           ../../LUFA-120730/LUFA/Drivers/USB/Class/Device/CDCClassDevice.o
EVENT_CDC_Device_LineEncodingChanged              USB2AX_Serial.o
EVENT_USB_Device_ConfigurationChanged             USB2AX_Serial.o
                                                  ../../LUFA-120730/LUFA/Drivers/USB/Core/DeviceStandardReq.o
EVENT_USB_Device_Connect                          USB2AX_Serial.o
                                                  ../../LUFA-120730/LUFA/Drivers/USB/Core/AVR8/USBInterrupt_AVR8.o
EVENT_USB_Device_ControlRequest                   USB2AX_Serial.o
                                                  ../../LUFA-120730/LUFA/Drivers/USB/Core/DeviceStandardReq.o
EVENT_USB_Device_Disconnect                       USB2AX_Serial.o
                                                  ../../LUFA-120730/LUFA/Drivers/USB/Core/AVR8/USBInterrupt_AVR8.o
EVENT_USB_Device_Reset                            ../../LUFA-120730/LUFA/Drivers/USB/Core/Events.o
                                                  ../../LUFA-120730/LUFA/Drivers/USB/Core/AVR8/USBInterrupt_AVR8.o
EVENT_USB_Device_StartOfFrame                     ../../LUFA-120730/LUFA/Drivers/USB/Core/Events.o
                                                  ../../LUFA-120730/LUFA/Drivers/USB/Core/AVR8/USBInterrupt_AVR8.o
EVENT_USB_Device_Suspend                          ../../LUFA-120730/LUFA/Drivers/USB/Core/Events.o
                                                  ../../LUFA-120730/LUFA/Drivers/USB/Core/AVR8/USBInterrupt_AVR8.o
EVENT_USB_Device_WakeUp                           ../../LUFA-120730/LUFA/Drivers/USB/Core/Events.o
                                                  ../../LUFA-120730/LUFA/Drivers/USB/Core/AVR8/USBInterrupt_AVR8.o
Endpoint_ClearEndpoints                           ../../LUFA-120730/LUFA/Drivers/USB/Core/AVR8/Endpoint_AVR8.o
Endpoint_ClearStatusStage                         ../../LUFA-120730/LUFA/Drivers/USB/Core/AVR8/Endpoint_AVR8.o
                                                  ../../LUFA-120730/LUFA/Drivers/USB/Class/Device/MassStorageClassDevice.o
                                                  ../../LUFA-120730/LUFA/Drivers/USB/Class/Device/HIDClassDevice.o
                                                  ../../LUFA-120730/LUFA/Drivers/USB/Class/Device/CDCClassDevice.o
                                                  ../../LUFA-120730/LUFA/Drivers/USB/Class/Device/AudioClassDevice.o
                                                  ../../LUFA-120730/LUFA/Drivers/USB/Core/DeviceStandardReq.o
Endpoint_ConfigureEndpointTable                   ../../LUFA-120730/LUFA/Drivers/USB/Core/AVR8/Endpoint_AVR8.o
                                                  ../../LUFA-120730/LUFA/Drivers/USB/Class/Device/RNDISClassDevice.o
                                                  ../../LUFA-120730/LUFA/Drivers/USB/Class/Device/MIDIClassDevice.o
                                                  ../../LUFA-120730/LUFA/Drivers/USB/Class/Device/MassStorageClassDevice.o
                                                  ../../LUFA-120730/LUFA/Drivers/USB/Class/Device/HIDClassDevice.o
                                                  ../../LUFA-120730/LUFA/Drivers/USB/Class/Device/CDCClassDevice.o
                                                  ../../LUFA-120730/LUFA/Drivers/USB/Class/Device/AudioClassDevice.o
Endpoint_ConfigureEndpoint_Prv                    ../../LUFA-120730/LUFA/Drivers/USB/Core/AVR8/Endpoint_AVR8.o
                                                  ../../LUFA-120730/LUFA/Drivers/USB/Core/AVR8/USBInterrupt_AVR8.o
                                                  ../../LUFA-120730/LUFA/Drivers/USB/Core/AVR8/USBController_AVR8.o
Endpoint_Discard_Stream                           ../../LUFA-120730/LUFA/Drivers/USB/Core/AVR8/EndpointStream_AVR8.o
Endpoint_Null_Stream                              ../../LUFA-120730/LUFA/Drivers/USB/Core/AVR8/EndpointStream_AVR8.o
Endpoint_Read_Control_EStream_BE                  ../../LUFA-120730/LUFA/Drivers/USB/Core/AVR8/EndpointStream_AVR8.o
Endpoint_Read_Control_EStream_LE                  ../../LUFA-120730/LUFA/Drivers/USB/Core/AVR8/EndpointStream_AVR8.o
Endpoint_Read_Control_Stream_BE                   ../../LUFA-120730/LUFA/Drivers/USB/Core/AVR8/EndpointStream_AVR8.o
Endpoint_Read_Control_Stream_LE                   ../../LUFA-120730/LUFA/Drivers/USB/Core/AVR8/EndpointStream_AVR8.o
                                                  ../../LUFA-120730/LUFA/Drivers/USB/Class/Device/RNDISClassDevice.o
                                                  ../../LUFA-120730/LUFA/Drivers/USB/Class/Device/HIDClassDevice.o
                                                  ../../LUFA-120730/LUFA/Drivers/USB/Class/Device/AudioClassDevice.o
Endpoint_Read_EStream_BE                          ../../LUFA-120730/LUFA/Drivers/USB/Core/AVR8/EndpointStream_AVR8.o
Endpoint_Read_EStream_LE                          ../../LUFA-120730/LUFA/Drivers/USB/Core/AVR8/EndpointStream_AVR8.o
Endpoint_Read_Stream_BE                           ../../LUFA-120730/LUFA/Drivers/USB/Core/AVR8/EndpointStream_AVR8.o
Endpoint_Read_Stream_LE                           ../../LUFA-120730/LUFA/Drivers/USB/Core/AVR8/EndpointStream_AVR8.o
                                                  ../../LUFA-120730/LUFA/Drivers/USB/Class/Device/RNDISClassDevice.o
                                                  ../../LUFA-120730/LUFA/Drivers/USB/Class/Device/MIDIClassDevice.o
                                                  ../../LUFA-120730/LUFA/Drivers/USB/Class/Device/MassStorageClassDevice.o
Endpoint_WaitUntilReady                           ../../LUFA-120730/LUFA/Drivers/USB/Core/AVR8/Endpoint_AVR8.o
                                                  ../../LUFA-120730/LUFA/Drivers/USB/Class/Device/RNDISClassDevice.o
                                                  ../../LUFA-120730/LUFA/Drivers/USB/Class/Device/MIDIClassDevice.o
                                                  ../../LUFA-120730/LUFA/Drivers/USB/Class/Device/CDCClassDevice.o
                                                  ../../LUFA-120730/LUFA/Drivers/USB/Core/AVR8/EndpointStream_AVR8.o
Endpoint_Write_Control_EStream_BE                 ../../LUFA-120730/LUFA/Drivers/USB/Core/AVR8/EndpointStream_AVR8.o
Endpoint_Write_Control_EStream_LE                 ../../LUFA-120730/LUFA/Drivers/USB/Core/AVR8/EndpointStream_AVR8.o
Endpoint_Write_Control_PStream_BE                 ../../LUFA-120730/LUFA/Drivers/USB/Core/AVR8/EndpointStream_AVR8.o
Endpoint_Write_Control_PStream_LE                 ../../LUFA-120730/LUFA/Drivers/USB/Core/AVR8/EndpointStream_AVR8.o
                                                  ../../LUFA-120730/LUFA/Drivers/USB/Core/DeviceStandardReq.o
Endpoint_Write_Control_Stream_BE                  ../../LUFA-120730/LUFA/Drivers/USB/Core/AVR8/EndpointStream_AVR8.o
Endpoint_Write_Control_Stream_LE                  ../../LUFA-120730/LUFA/Drivers/USB/Core/AVR8/EndpointStream_AVR8.o
                                                  ../../LUFA-120730/LUFA/Drivers/USB/Class/Device/RNDISClassDevice.o
                                                  ../../LUFA-120730/LUFA/Drivers/USB/Class/Device/HIDClassDevice.o
                                                  ../../LUFA-120730/LUFA/Drivers/USB/Class/Device/AudioClassDevice.o
                                                  ../../LUFA-120730/LUFA/Drivers/USB/Core/DeviceStandardReq.o
Endpoint_Write_EStream_BE                         ../../LUFA-120730/LUFA/Drivers/USB/Core/AVR8/EndpointStream_AVR8.o
Endpoint_Write_EStream_LE                         ../../LUFA-120730/LUFA/Drivers/USB/Core/AVR8/EndpointStream_AVR8.o
Endpoint_Write_PStream_BE                         ../../LUFA-120730/LUFA/Drivers/USB/Core/AVR8/EndpointStream_AVR8.o
Endpoint_Write_PStream_LE                         ../../LUFA-120730/LUFA/Drivers/USB/Core/AVR8/EndpointStream_AVR8.o
Endpoint_Write_Stream_BE                          ../../LUFA-120730/LUFA/Drivers/USB/Core/AVR8/EndpointStream_AVR8.o
Endpoint_Write_Stream_LE                          ../../LUFA-120730/LUFA/Drivers/USB/Core/AVR8/EndpointStream_AVR8.o
                                                  ../../LUFA-120730/LUFA/Drivers/USB/Class/Device/RNDISClassDevice.o
                                                  ../../LUFA-120730/LUFA/Drivers/USB/Class/Device/MIDIClassDevice.o
                                                  ../../LUFA-120730/LUFA/Drivers/USB/Class/Device/MassStorageClassDevice.o
                                                  ../../LUFA-120730/LUFA/Drivers/USB/Class/Device/HIDClassDevice.o
                                                  ../../LUFA-120730/LUFA/Drivers/USB/Class/Device/CDCClassDevice.o
HID_Device_ConfigureEndpoints                     ../../LUFA-120730/LUFA/Drivers/USB/Class/Device/HIDClassDevice.o
HID_Device_ProcessControlRequest                  ../../LUFA-120730/LUFA/Drivers/USB/Class/Device/HIDClassDevice.o
HID_Device_USBTask                                ../../LUFA-120730/LUFA/Drivers/USB/Class/Device/HIDClassDevice.o
LanguageString                                    Descriptors.o
MIDI_Device_ConfigureEndpoints                    ../../LUFA-120730/LUFA/Drivers/USB/Class/Device/MIDIClassDevice.o
MIDI_Device_Flush                                 ../../LUFA-120730/LUFA/Drivers/USB/Class/Device/MIDIClassDevice.o
MIDI_Device_ReceiveEventPacket                    ../../LUFA-120730/LUFA/Drivers/USB/Class/Device/MIDIClassDevice.o
MIDI_Device_SendEventPacket                       ../../LUFA-120730/LUFA/Drivers/USB/Class/Device/MIDIClassDevice.o
MIDI_Device_USBTask                               ../../LUFA-120730/LUFA/Drivers/USB/Class/Device/MIDIClassDevice.o
MS_Device_ConfigureEndpoints                      ../../LUFA-120730/LUFA/Drivers/USB/Class/Device/MassStorageClassDevice.o
MS_Device_ProcessControlRequest                   ../../LUFA-120730/LUFA/Drivers/USB/Class/Device/MassStorageClassDevice.o
MS_Device_USBTask                                 ../../LUFA-120730/LUFA/Drivers/USB/Class/Device/MassStorageClassDevice.o
ManufacturerString                                Descriptors.o
ProductString                                     Descriptors.o
RNDIS_Device_ConfigureEndpoints                   ../../LUFA-120730/LUFA/Drivers/USB/Class/Device/RNDISClassDevice.o
RNDIS_Device_IsPacketReceived                     ../../LUFA-120730/LUFA/Drivers/USB/Class/Device/RNDISClassDevice.o
RNDIS_Device_ProcessControlRequest                ../../LUFA-120730/LUFA/Drivers/USB/Class/Device/RNDISClassDevice.o
RNDIS_Device_ReadPacket                           ../../LUFA-120730/LUFA/Drivers/USB/Class/Device/RNDISClassDevice.o
RNDIS_Device_SendPacket                           ../../LUFA-120730/LUFA/Drivers/USB/Class/Device/RNDISClassDevice.o
RNDIS_Device_USBTask                              ../../LUFA-120730/LUFA/Drivers/USB/Class/Device/RNDISClassDevice.o
SetupHardware                                     USB2AX_Serial.o
USB_ControlRequest                                ../../LUFA-120730/LUFA/Drivers/USB/Class/Device/RNDISClassDevice.o
                                                  ../../LUFA-120730/LUFA/Drivers/USB/Class/Device/MassStorageClassDevice.o
                                                  ../../LUFA-120730/LUFA/Drivers/USB/Class/Device/HIDClassDevice.o
                                                  ../../LUFA-120730/LUFA/Drivers/USB/Class/Device/CDCClassDevice.o
                                                  ../../LUFA-120730/LUFA/Drivers/USB/Class/Device/AudioClassDevice.o
                                                  ../../LUFA-120730/LUFA/Drivers/USB/Core/USBTask.o
                                                  ../../LUFA-120730/LUFA/Drivers/USB/Core/DeviceStandardReq.o
                                                  ../../LUFA-120730/LUFA/Drivers/USB/Core/AVR8/EndpointStream_AVR8.o
                                                  ../../LUFA-120730/LUFA/Drivers/USB/Core/AVR8/Endpoint_AVR8.o
USB_Device_ConfigurationNumber                    ../../LUFA-120730/LUFA/Drivers/USB/Core/DeviceStandardReq.o
                                                  ../../LUFA-120730/LUFA/Drivers/USB/Core/AVR8/USBInterrupt_AVR8.o
                                                  ../../LUFA-120730/LUFA/Drivers/USB/Core/AVR8/USBController_AVR8.o
USB_Device_CurrentlySelfPowered                   ../../LUFA-120730/LUFA/Drivers/USB/Core/DeviceStandardReq.o
                                                  ../../LUFA-120730/LUFA/Drivers/USB/Core/AVR8/USBController_AVR8.o
USB_Device_ProcessControlRequest                  ../../LUFA-120730/LUFA/Drivers/USB/Core/DeviceStandardReq.o
                                                  ../../LUFA-120730/LUFA/Drivers/USB/Core/USBTask.o
                                                  ../../LUFA-120730/LUFA/Drivers/USB/Core/AVR8/USBInterrupt_AVR8.o
USB_Device_RemoteWakeupEnabled                    ../../LUFA-120730/LUFA/Drivers/USB/Core/DeviceStandardReq.o
                                                  ../../LUFA-120730/LUFA/Drivers/USB/Core/AVR8/USBController_AVR8.o
USB_Device_SendRemoteWakeup                       ../../LUFA-120730/LUFA/Drivers/USB/Core/AVR8/Device_AVR8.o
USB_Disable                                       ../../LUFA-120730/LUFA/Drivers/USB/Core/AVR8/USBController_AVR8.o
USB_Event_Stub                                    ../../LUFA-120730/LUFA/Drivers/USB/Core/Events.o
USB_GetHIDReportItemInfo                          ../../LUFA-120730/LUFA/Drivers/USB/Class/Common/HIDParser.o
USB_GetHIDReportSize                              ../../LUFA-120730/LUFA/Drivers/USB/Class/Common/HIDParser.o
USB_GetNextDescriptorComp                         ../../LUFA-120730/LUFA/Drivers/USB/Core/ConfigDescriptors.o
USB_GetNextDescriptorOfType                       ../../LUFA-120730/LUFA/Drivers/USB/Core/ConfigDescriptors.o
USB_GetNextDescriptorOfTypeAfter                  ../../LUFA-120730/LUFA/Drivers/USB/Core/ConfigDescriptors.o
USB_GetNextDescriptorOfTypeBefore                 ../../LUFA-120730/LUFA/Drivers/USB/Core/ConfigDescriptors.o
USB_INT_ClearAllInterrupts                        ../../LUFA-120730/LUFA/Drivers/USB/Core/AVR8/USBInterrupt_AVR8.o
                                                  ../../LUFA-120730/LUFA/Drivers/USB/Core/AVR8/USBController_AVR8.o
USB_INT_DisableAllInterrupts                      ../../LUFA-120730/LUFA/Drivers/USB/Core/AVR8/USBInterrupt_AVR8.o
                                                  ../../LUFA-120730/LUFA/Drivers/USB/Core/AVR8/USBController_AVR8.o
USB_Init                                          ../../LUFA-120730/LUFA/Drivers/USB/Core/AVR8/USBController_AVR8.o
                                                  USB2AX_Serial.o
USB_IsInitialized                                 ../../LUFA-120730/LUFA/Drivers/USB/Core/USBTask.o
                                                  ../../LUFA-120730/LUFA/Drivers/USB/Core/AVR8/USBController_AVR8.o
USB_ProcessHIDReport                              ../../LUFA-120730/LUFA/Drivers/USB/Class/Common/HIDParser.o
USB_ResetInterface                                ../../LUFA-120730/LUFA/Drivers/USB/Core/AVR8/USBController_AVR8.o
USB_SetHIDReportItemInfo                          ../../LUFA-120730/LUFA/Drivers/USB/Class/Common/HIDParser.o
USB_USBTask                                       ../../LUFA-120730/LUFA/Drivers/USB/Core/USBTask.o
                                                  ../../LUFA-120730/LUFA/Drivers/USB/Class/Device/CDCClassDevice.o
                                                  USB2AX_Serial.o
VirtualSerial_CDC_Interface                       USB2AX_Serial.o
__bad_interrupt                                   c:/program files (x86)/atmel/atmel toolchain/avr8 gcc/native/3.4.2.1002/avr8-gnu-toolchain/bin/../lib/gcc/avr/4.7.2/../../../../avr/lib/avr5/crtm32u4.o
__bss_end                                         c:/program files (x86)/atmel/atmel toolchain/avr8 gcc/native/3.4.2.1002/avr8-gnu-toolchain/bin/../lib/gcc/avr/4.7.2/avr5\libgcc.a(_clear_bss.o)
__bss_start                                       c:/program files (x86)/atmel/atmel toolchain/avr8 gcc/native/3.4.2.1002/avr8-gnu-toolchain/bin/../lib/gcc/avr/4.7.2/avr5\libgcc.a(_clear_bss.o)
__data_end                                        c:/program files (x86)/atmel/atmel toolchain/avr8 gcc/native/3.4.2.1002/avr8-gnu-toolchain/bin/../lib/gcc/avr/4.7.2/avr5\libgcc.a(_copy_data.o)
__data_load_start                                 c:/program files (x86)/atmel/atmel toolchain/avr8 gcc/native/3.4.2.1002/avr8-gnu-toolchain/bin/../lib/gcc/avr/4.7.2/avr5\libgcc.a(_copy_data.o)
__data_start                                      c:/program files (x86)/atmel/atmel toolchain/avr8 gcc/native/3.4.2.1002/avr8-gnu-toolchain/bin/../lib/gcc/avr/4.7.2/avr5\libgcc.a(_copy_data.o)
__do_clear_bss                                    c:/program files (x86)/atmel/atmel toolchain/avr8 gcc/native/3.4.2.1002/avr8-gnu-toolchain/bin/../lib/gcc/avr/4.7.2/avr5\libgcc.a(_clear_bss.o)
                                                  ../../LUFA-120730/LUFA/Drivers/USB/Core/USBTask.o
                                                  ../../LUFA-120730/LUFA/Drivers/USB/Core/DeviceStandardReq.o
                                                  USB2AX_Serial.o
__do_copy_data                                    c:/program files (x86)/atmel/atmel toolchain/avr8 gcc/native/3.4.2.1002/avr8-gnu-toolchain/bin/../lib/gcc/avr/4.7.2/avr5\libgcc.a(_copy_data.o)
                                                  ../../LUFA-120730/LUFA/Drivers/USB/Class/Device/RNDISClassDevice.o
                                                  ../../LUFA-120730/LUFA/Drivers/USB/Class/Device/CDCClassDevice.o
                                                  USB2AX_Serial.o
__eerd_byte_m32u4                                 c:/program files (x86)/atmel/atmel toolchain/avr8 gcc/native/3.4.2.1002/avr8-gnu-toolchain/bin/../lib/gcc/avr/4.7.2/../../../../avr/lib/avr5\libc.a(eerd_byte_atmega32u4.o)
                                                  ../../LUFA-120730/LUFA/Drivers/USB/Core/AVR8/EndpointStream_AVR8.o
__eeupd_byte_m32u4                                c:/program files (x86)/atmel/atmel toolchain/avr8 gcc/native/3.4.2.1002/avr8-gnu-toolchain/bin/../lib/gcc/avr/4.7.2/../../../../avr/lib/avr5\libc.a(eeupd_byte_atmega32u4.o)
                                                  ../../LUFA-120730/LUFA/Drivers/USB/Core/AVR8/EndpointStream_AVR8.o
__eeupd_r18_m32u4                                 c:/program files (x86)/atmel/atmel toolchain/avr8 gcc/native/3.4.2.1002/avr8-gnu-toolchain/bin/../lib/gcc/avr/4.7.2/../../../../avr/lib/avr5\libc.a(eeupd_byte_atmega32u4.o)
__heap_end                                        c:/program files (x86)/atmel/atmel toolchain/avr8 gcc/native/3.4.2.1002/avr8-gnu-toolchain/bin/../lib/gcc/avr/4.7.2/../../../../avr/lib/avr5/crtm32u4.o
__init                                            c:/program files (x86)/atmel/atmel toolchain/avr8 gcc/native/3.4.2.1002/avr8-gnu-toolchain/bin/../lib/gcc/avr/4.7.2/../../../../avr/lib/avr5/crtm32u4.o
__stack                                           c:/program files (x86)/atmel/atmel toolchain/avr8 gcc/native/3.4.2.1002/avr8-gnu-toolchain/bin/../lib/gcc/avr/4.7.2/../../../../avr/lib/avr5/crtm32u4.o
__udivmodsi4                                      c:/program files (x86)/atmel/atmel toolchain/avr8 gcc/native/3.4.2.1002/avr8-gnu-toolchain/bin/../lib/gcc/avr/4.7.2/avr5\libgcc.a(_udivmodsi4.o)
                                                  USB2AX_Serial.o
__vector_1                                        c:/program files (x86)/atmel/atmel toolchain/avr8 gcc/native/3.4.2.1002/avr8-gnu-toolchain/bin/../lib/gcc/avr/4.7.2/../../../../avr/lib/avr5/crtm32u4.o
__vector_10                                       ../../LUFA-120730/LUFA/Drivers/USB/Core/AVR8/USBInterrupt_AVR8.o
                                                  c:/program files (x86)/atmel/atmel toolchain/avr8 gcc/native/3.4.2.1002/avr8-gnu-toolchain/bin/../lib/gcc/avr/4.7.2/../../../../avr/lib/avr5/crtm32u4.o
__vector_11                                       ../../LUFA-120730/LUFA/Drivers/USB/Core/AVR8/USBInterrupt_AVR8.o
                                                  c:/program files (x86)/atmel/atmel toolchain/avr8 gcc/native/3.4.2.1002/avr8-gnu-toolchain/bin/../lib/gcc/avr/4.7.2/../../../../avr/lib/avr5/crtm32u4.o
__vector_12                                       c:/program files (x86)/atmel/atmel toolchain/avr8 gcc/native/3.4.2.1002/avr8-gnu-toolchain/bin/../lib/gcc/avr/4.7.2/../../../../avr/lib/avr5/crtm32u4.o
__vector_13                                       c:/program files (x86)/atmel/atmel toolchain/avr8 gcc/native/3.4.2.1002/avr8-gnu-toolchain/bin/../lib/gcc/avr/4.7.2/../../../../avr/lib/avr5/crtm32u4.o
__vector_14                                       c:/program files (x86)/atmel/atmel toolchain/avr8 gcc/native/3.4.2.1002/avr8-gnu-toolchain/bin/../lib/gcc/avr/4.7.2/../../../../avr/lib/avr5/crtm32u4.o
__vector_15                                       c:/program files (x86)/atmel/atmel toolchain/avr8 gcc/native/3.4.2.1002/avr8-gnu-toolchain/bin/../lib/gcc/avr/4.7.2/../../../../avr/lib/avr5/crtm32u4.o
__vector_16                                       c:/program files (x86)/atmel/atmel toolchain/avr8 gcc/native/3.4.2.1002/avr8-gnu-toolchain/bin/../lib/gcc/avr/4.7.2/../../../../avr/lib/avr5/crtm32u4.o
__vector_17                                       c:/program files (x86)/atmel/atmel toolchain/avr8 gcc/native/3.4.2.1002/avr8-gnu-toolchain/bin/../lib/gcc/avr/4.7.2/../../../../avr/lib/avr5/crtm32u4.o
__vector_18                                       c:/program files (x86)/atmel/atmel toolchain/avr8 gcc/native/3.4.2.1002/avr8-gnu-toolchain/bin/../lib/gcc/avr/4.7.2/../../../../avr/lib/avr5/crtm32u4.o
__vector_19                                       c:/program files (x86)/atmel/atmel toolchain/avr8 gcc/native/3.4.2.1002/avr8-gnu-toolchain/bin/../lib/gcc/avr/4.7.2/../../../../avr/lib/avr5/crtm32u4.o
__vector_2                                        c:/program files (x86)/atmel/atmel toolchain/avr8 gcc/native/3.4.2.1002/avr8-gnu-toolchain/bin/../lib/gcc/avr/4.7.2/../../../../avr/lib/avr5/crtm32u4.o
__vector_20                                       c:/program files (x86)/atmel/atmel toolchain/avr8 gcc/native/3.4.2.1002/avr8-gnu-toolchain/bin/../lib/gcc/avr/4.7.2/../../../../avr/lib/avr5/crtm32u4.o
__vector_21                                       c:/program files (x86)/atmel/atmel toolchain/avr8 gcc/native/3.4.2.1002/avr8-gnu-toolchain/bin/../lib/gcc/avr/4.7.2/../../../../avr/lib/avr5/crtm32u4.o
__vector_22                                       c:/program files (x86)/atmel/atmel toolchain/avr8 gcc/native/3.4.2.1002/avr8-gnu-toolchain/bin/../lib/gcc/avr/4.7.2/../../../../avr/lib/avr5/crtm32u4.o
__vector_23                                       c:/program files (x86)/atmel/atmel toolchain/avr8 gcc/native/3.4.2.1002/avr8-gnu-toolchain/bin/../lib/gcc/avr/4.7.2/../../../../avr/lib/avr5/crtm32u4.o
__vector_24                                       c:/program files (x86)/atmel/atmel toolchain/avr8 gcc/native/3.4.2.1002/avr8-gnu-toolchain/bin/../lib/gcc/avr/4.7.2/../../../../avr/lib/avr5/crtm32u4.o
__vector_25                                       USB2AX_Serial.o
                                                  c:/program files (x86)/atmel/atmel toolchain/avr8 gcc/native/3.4.2.1002/avr8-gnu-toolchain/bin/../lib/gcc/avr/4.7.2/../../../../avr/lib/avr5/crtm32u4.o
__vector_26                                       c:/program files (x86)/atmel/atmel toolchain/avr8 gcc/native/3.4.2.1002/avr8-gnu-toolchain/bin/../lib/gcc/avr/4.7.2/../../../../avr/lib/avr5/crtm32u4.o
__vector_27                                       c:/program files (x86)/atmel/atmel toolchain/avr8 gcc/native/3.4.2.1002/avr8-gnu-toolchain/bin/../lib/gcc/avr/4.7.2/../../../../avr/lib/avr5/crtm32u4.o
__vector_28                                       c:/program files (x86)/atmel/atmel toolchain/avr8 gcc/native/3.4.2.1002/avr8-gnu-toolchain/bin/../lib/gcc/avr/4.7.2/../../../../avr/lib/avr5/crtm32u4.o
__vector_29                                       c:/program files (x86)/atmel/atmel toolchain/avr8 gcc/native/3.4.2.1002/avr8-gnu-toolchain/bin/../lib/gcc/avr/4.7.2/../../../../avr/lib/avr5/crtm32u4.o
__vector_3                                        c:/program files (x86)/atmel/atmel toolchain/avr8 gcc/native/3.4.2.1002/avr8-gnu-toolchain/bin/../lib/gcc/avr/4.7.2/../../../../avr/lib/avr5/crtm32u4.o
__vector_30                                       c:/program files (x86)/atmel/atmel toolchain/avr8 gcc/native/3.4.2.1002/avr8-gnu-toolchain/bin/../lib/gcc/avr/4.7.2/../../../../avr/lib/avr5/crtm32u4.o
__vector_31                                       c:/program files (x86)/atmel/atmel toolchain/avr8 gcc/native/3.4.2.1002/avr8-gnu-toolchain/bin/../lib/gcc/avr/4.7.2/../../../../avr/lib/avr5/crtm32u4.o
__vector_32                                       c:/program files (x86)/atmel/atmel toolchain/avr8 gcc/native/3.4.2.1002/avr8-gnu-toolchain/bin/../lib/gcc/avr/4.7.2/../../../../avr/lib/avr5/crtm32u4.o
__vector_33                                       c:/program files (x86)/atmel/atmel toolchain/avr8 gcc/native/3.4.2.1002/avr8-gnu-toolchain/bin/../lib/gcc/avr/4.7.2/../../../../avr/lib/avr5/crtm32u4.o
__vector_34                                       c:/program files (x86)/atmel/atmel toolchain/avr8 gcc/native/3.4.2.1002/avr8-gnu-toolchain/bin/../lib/gcc/avr/4.7.2/../../../../avr/lib/avr5/crtm32u4.o
__vector_35                                       c:/program files (x86)/atmel/atmel toolchain/avr8 gcc/native/3.4.2.1002/avr8-gnu-toolchain/bin/../lib/gcc/avr/4.7.2/../../../../avr/lib/avr5/crtm32u4.o
__vector_36                                       c:/program files (x86)/atmel/atmel toolchain/avr8 gcc/native/3.4.2.1002/avr8-gnu-toolchain/bin/../lib/gcc/avr/4.7.2/../../../../avr/lib/avr5/crtm32u4.o
__vector_37                                       c:/program files (x86)/atmel/atmel toolchain/avr8 gcc/native/3.4.2.1002/avr8-gnu-toolchain/bin/../lib/gcc/avr/4.7.2/../../../../avr/lib/avr5/crtm32u4.o
__vector_38                                       c:/program files (x86)/atmel/atmel toolchain/avr8 gcc/native/3.4.2.1002/avr8-gnu-toolchain/bin/../lib/gcc/avr/4.7.2/../../../../avr/lib/avr5/crtm32u4.o
__vector_39                                       c:/program files (x86)/atmel/atmel toolchain/avr8 gcc/native/3.4.2.1002/avr8-gnu-toolchain/bin/../lib/gcc/avr/4.7.2/../../../../avr/lib/avr5/crtm32u4.o
__vector_4                                        c:/program files (x86)/atmel/atmel toolchain/avr8 gcc/native/3.4.2.1002/avr8-gnu-toolchain/bin/../lib/gcc/avr/4.7.2/../../../../avr/lib/avr5/crtm32u4.o
__vector_40                                       c:/program files (x86)/atmel/atmel toolchain/avr8 gcc/native/3.4.2.1002/avr8-gnu-toolchain/bin/../lib/gcc/avr/4.7.2/../../../../avr/lib/avr5/crtm32u4.o
__vector_41                                       c:/program files (x86)/atmel/atmel toolchain/avr8 gcc/native/3.4.2.1002/avr8-gnu-toolchain/bin/../lib/gcc/avr/4.7.2/../../../../avr/lib/avr5/crtm32u4.o
__vector_42                                       c:/program files (x86)/atmel/atmel toolchain/avr8 gcc/native/3.4.2.1002/avr8-gnu-toolchain/bin/../lib/gcc/avr/4.7.2/../../../../avr/lib/avr5/crtm32u4.o
__vector_5                                        c:/program files (x86)/atmel/atmel toolchain/avr8 gcc/native/3.4.2.1002/avr8-gnu-toolchain/bin/../lib/gcc/avr/4.7.2/../../../../avr/lib/avr5/crtm32u4.o
__vector_6                                        c:/program files (x86)/atmel/atmel toolchain/avr8 gcc/native/3.4.2.1002/avr8-gnu-toolchain/bin/../lib/gcc/avr/4.7.2/../../../../avr/lib/avr5/crtm32u4.o
__vector_7                                        c:/program files (x86)/atmel/atmel toolchain/avr8 gcc/native/3.4.2.1002/avr8-gnu-toolchain/bin/../lib/gcc/avr/4.7.2/../../../../avr/lib/avr5/crtm32u4.o
__vector_8                                        c:/program files (x86)/atmel/atmel toolchain/avr8 gcc/native/3.4.2.1002/avr8-gnu-toolchain/bin/../lib/gcc/avr/4.7.2/../../../../avr/lib/avr5/crtm32u4.o
__vector_9                                        c:/program files (x86)/atmel/atmel toolchain/avr8 gcc/native/3.4.2.1002/avr8-gnu-toolchain/bin/../lib/gcc/avr/4.7.2/../../../../avr/lib/avr5/crtm32u4.o
__vector_default                                  c:/program files (x86)/atmel/atmel toolchain/avr8 gcc/native/3.4.2.1002/avr8-gnu-toolchain/bin/../lib/gcc/avr/4.7.2/../../../../avr/lib/avr5/crtm32u4.o
__vectors                                         c:/program files (x86)/atmel/atmel toolchain/avr8 gcc/native/3.4.2.1002/avr8-gnu-toolchain/bin/../lib/gcc/avr/4.7.2/../../../../avr/lib/avr5/crtm32u4.o
_exit                                             c:/program files (x86)/atmel/atmel toolchain/avr8 gcc/native/3.4.2.1002/avr8-gnu-toolchain/bin/../lib/gcc/avr/4.7.2/avr5\libgcc.a(_exit.o)
cdc_send_USB_data                                 USB2AX_Serial.o
cdc_send_byte                                     USB2AX_Serial.o
exit                                              c:/program files (x86)/atmel/atmel toolchain/avr8 gcc/native/3.4.2.1002/avr8-gnu-toolchain/bin/../lib/gcc/avr/4.7.2/avr5\libgcc.a(_exit.o)
                                                  c:/program files (x86)/atmel/atmel toolchain/avr8 gcc/native/3.4.2.1002/avr8-gnu-toolchain/bin/../lib/gcc/avr/4.7.2/../../../../avr/lib/avr5/crtm32u4.o
main                                              USB2AX_Serial.o
                                                  c:/program files (x86)/atmel/atmel toolchain/avr8 gcc/native/3.4.2.1002/avr8-gnu-toolchain/bin/../lib/gcc/avr/4.7.2/../../../../avr/lib/avr5/crtm32u4.o
memcmp                                            c:/program files (x86)/atmel/atmel toolchain/avr8 gcc/native/3.4.2.1002/avr8-gnu-toolchain/bin/../lib/gcc/avr/4.7.2/../../../../avr/lib/avr5\libc.a(memcmp.o)
                                                  ../../LUFA-120730/LUFA/Drivers/USB/Class/Device/HIDClassDevice.o
memcpy                                            c:/program files (x86)/atmel/atmel toolchain/avr8 gcc/native/3.4.2.1002/avr8-gnu-toolchain/bin/../lib/gcc/avr/4.7.2/../../../../avr/lib/avr5\libc.a(memcpy.o)
                                                  ../../LUFA-120730/LUFA/Drivers/USB/Class/Device/RNDISClassDevice.o
                                                  ../../LUFA-120730/LUFA/Drivers/USB/Class/Device/HIDClassDevice.o