Archive member included because of file (symbol)

c:/program files (x86)/atmel/atmel toolchain/avr8 gcc/native/3.4.2.1002/avr8-gnu-toolchain/bin/../lib/gcc/avr/4.7.2/avr35\libgcc.a(_mulhi3.o)
                              ../../LUFA-120730/LUFA/Drivers/USB/Class/Common/HIDParser.o (__mulhi3)
c:/program files (x86)/atmel/atmel toolchain/avr8 gcc/native/3.4.2.1002/avr8-gnu-toolchain/bin/../lib/gcc/avr/4.7.2/avr35\libgcc.a(_udivmodsi4.o)
                              USB2AX_Serial.o (__udivmodsi4)
c:/program files (x86)/atmel/atmel toolchain/avr8 gcc/native/3.4.2.1002/avr8-gnu-toolchain/bin/../lib/gcc/avr/4.7.2/avr35\libgcc.a(_exit.o)
                              c:/program files (x86)/atmel/atmel toolchain/avr8 gcc/native/3.4.2.1002/avr8-gnu-toolchain/bin/../lib/gcc/avr/4.7.2/../../../../avr/lib/avr35/crtm32u2.o (exit)
c:/program files (x86)/atmel/atmel toolchain/avr8 gcc/native/3.4.2.1002/avr8-gnu-toolchain/bin/../lib/gcc/avr/4.7.2/avr35\libgcc.a(_copy_data.o)
                              USB2AX_Serial.o (__do_copy_data)
c:/program files (x86)/atmel/atmel toolchain/avr8 gcc/native/3.4.2.1002/avr8-gnu-toolchain/bin/../lib/gcc/avr/4.7.2/avr35\libgcc.a(_clear_bss.o)
                              USB2AX_Serial.o (__do_clear_bss)
c:/program files (x86)/atmel/atmel toolchain/avr8 gcc/native/3.4.2.1002/avr8-gnu-toolchain/bin/../lib/gcc/avr/4.7.2/../../../../avr/lib/avr35\libc.a(memcpy_P.o)
                              ../../LUFA-120730/LUFA/Drivers/USB/Class/Device/RNDISClassDevice.o (memcpy_P)
c:/program files (x86)/atmel/atmel toolchain/avr8 gcc/native/3.4.2.1002/avr8-gnu-toolchain/bin/../lib/gcc/avr/4.7.2/../../../../avr/lib/avr35\libc.a(memcmp.o)
                              ../../LUFA-120730/LUFA/Drivers/USB/Class/Device/HIDClassDevice.o (memcmp)
c:/program files (x86)/atmel/atmel toolchain/avr8 gcc/native/3.4.2.1002/avr8-gnu-toolchain/bin/../lib/gcc/avr/4.7.2/../../../../avr/lib/avr35\libc.a(memcpy.o)
                              ../../LUFA-120730/LUFA/Drivers/USB/Class/Device/HIDClassDevice.o (memcpy)
c:/program files (x86)/atmel/atmel toolchain/avr8 gcc/native/3.4.2.1002/avr8-gnu-toolchain/bin/../lib/gcc/avr/4.7.2/../../../../avr/lib/avr35\libc.a(memset.o)
                              ../../LUFA-120730/LUFA/Drivers/USB/Class/Device/HIDClassDevice.o (memset)
c:/program files (x86)/atmel/atmel toolchain/avr8 gcc/native/3.4.2.1002/avr8-gnu-toolchain/bin/../lib/gcc/avr/4.7.2/../../../../avr/lib/avr35\libc.a(eerd_byte_atmega32u2.o)
                              ../../LUFA-120730/LUFA/Drivers/USB/Core/AVR8/EndpointStream_AVR8.o (__eerd_byte_m32u2)
c:/program files (x86)/atmel/atmel toolchain/avr8 gcc/native/3.4.2.1002/avr8-gnu-toolchain/bin/../lib/gcc/avr/4.7.2/../../../../avr/lib/avr35\libc.a(eeupd_byte_atmega32u2.o)
                              ../../LUFA-120730/LUFA/Drivers/USB/Core/AVR8/EndpointStream_AVR8.o (__eeupd_byte_m32u2)

Allocating common symbols
Common symbol       size              file

USB_IsInitialized   0x1               ../../LUFA-120730/LUFA/Drivers/USB/Core/USBTask.o
USB_Device_ConfigurationNumber
                    0x1               ../../LUFA-120730/LUFA/Drivers/USB/Core/DeviceStandardReq.o
USB_Device_CurrentlySelfPowered
                    0x1               ../../LUFA-120730/LUFA/Drivers/USB/Core/DeviceStandardReq.o
USB_ControlRequest  0x8               ../../LUFA-120730/LUFA/Drivers/USB/Core/USBTask.o
USB_Device_RemoteWakeupEnabled
                    0x1               ../../LUFA-120730/LUFA/Drivers/USB/Core/DeviceStandardReq.o

Discarded input sections

 .bss           0x00000000        0x0 c:/program files (x86)/atmel/atmel toolchain/avr8 gcc/native/3.4.2.1002/avr8-gnu-toolchain/bin/../lib/gcc/avr/4.7.2/../../../../avr/lib/avr35/crtm32u2.o
 .group         0x00000000        0x8 USB2AX_Serial.o
 .group         0x00000000        0x8 USB2AX_Serial.o
 .group         0x00000000        0x8 USB2AX_Serial.o
 .group         0x00000000        0x8 USB2AX_Serial.o
 .group         0x00000000        0x8 USB2AX_Serial.o
 .group         0x00000000        0x8 USB2AX_Serial.o
 .group         0x00000000        0x8 USB2AX_Serial.o
 .group         0x00000000        0x8 USB2AX_Serial.o
 .group         0x00000000        0x8 USB2AX_Serial.o
 .group         0x00000000        0x8 USB2AX_Serial.o
 .group         0x00000000        0x8 USB2AX_Serial.o
 .group         0x00000000        0x8 USB2AX_Serial.o
 .group         0x00000000        0x8 USB2AX_Serial.o
 .group         0x00000000        0x8 USB2AX_Serial.o
 .group         0x00000000        0x8 USB2AX_Serial.o
 .group         0x00000000        0x8 USB2AX_Serial.o
 .group         0x00000000        0x8 USB2AX_Serial.o
 .group         0x00000000        0x8 USB2AX_Serial.o
 .group         0x00000000        0x8 USB2AX_Serial.o
 .group         0x00000000        0x8 USB2AX_Serial.o
 .group         0x00000000        0x8 USB2AX_Serial.o
 .group         0x00000000        0x8 USB2AX_Serial.o
 .group         0x00000000        0x8 USB2AX_Serial.o
[...]
Memory Configuration

Name             Origin             Length             Attributes
text             0x00000000         0x00010000         xr
data             0x00800060         0x0000ffa0         rw !x
eeprom           0x00810000         0x00010000         rw !x
fuse             0x00820000         0x00000400         rw !x
lock             0x00830000         0x00000400         rw !x
signature        0x00840000         0x00000400         rw !x
user_signatures  0x00850000         0x00000400         rw !x
*default*        0x00000000         0xffffffff

Linker script and memory map

Address of section .data set to 0x800100
LOAD c:/program files (x86)/atmel/atmel toolchain/avr8 gcc/native/3.4.2.1002/avr8-gnu-toolchain/bin/../lib/gcc/avr/4.7.2/../../../../avr/lib/avr35/crtm32u2.o
LOAD c:/program files (x86)/atmel/atmel toolchain/avr8 gcc/native/3.4.2.1002/avr8-gnu-toolchain/bin/../lib/gcc/avr/4.7.2/../../../../avr/lib/avr35\libm.a
LOAD USB2AX_Serial.o
LOAD Descriptors.o
LOAD ../../LUFA-120730/LUFA/Drivers/USB/Core/AVR8/Device_AVR8.o
LOAD ../../LUFA-120730/LUFA/Drivers/USB/Core/AVR8/Endpoint_AVR8.o
LOAD ../../LUFA-120730/LUFA/Drivers/USB/Core/AVR8/Host_AVR8.o
LOAD ../../LUFA-120730/LUFA/Drivers/USB/Core/AVR8/Pipe_AVR8.o
LOAD ../../LUFA-120730/LUFA/Drivers/USB/Core/AVR8/USBController_AVR8.o
LOAD ../../LUFA-120730/LUFA/Drivers/USB/Core/AVR8/USBInterrupt_AVR8.o
LOAD ../../LUFA-120730/LUFA/Drivers/USB/Core/AVR8/EndpointStream_AVR8.o
LOAD ../../LUFA-120730/LUFA/Drivers/USB/Core/AVR8/PipeStream_AVR8.o
LOAD ../../LUFA-120730/LUFA/Drivers/USB/Core/ConfigDescriptors.o
LOAD ../../LUFA-120730/LUFA/Drivers/USB/Core/DeviceStandardReq.o
LOAD ../../LUFA-120730/LUFA/Drivers/USB/Core/Events.o
LOAD ../../LUFA-120730/LUFA/Drivers/USB/Core/HostStandardReq.o
LOAD ../../LUFA-120730/LUFA/Drivers/USB/Core/USBTask.o
LOAD ../../LUFA-120730/LUFA/Drivers/USB/Class/Common/HIDParser.o
LOAD ../../LUFA-120730/LUFA/Drivers/USB/Class/Device/AudioClassDevice.o
LOAD ../../LUFA-120730/LUFA/Drivers/USB/Class/Device/CDCClassDevice.o
LOAD ../../LUFA-120730/LUFA/Drivers/USB/Class/Device/HIDClassDevice.o
LOAD ../../LUFA-120730/LUFA/Drivers/USB/Class/Device/MassStorageClassDevice.o
LOAD ../../LUFA-120730/LUFA/Drivers/USB/Class/Device/MIDIClassDevice.o
LOAD ../../LUFA-120730/LUFA/Drivers/USB/Class/Device/RNDISClassDevice.o
LOAD ../../LUFA-120730/LUFA/Drivers/USB/Class/Host/AndroidAccessoryClassHost.o
LOAD ../../LUFA-120730/LUFA/Drivers/USB/Class/Host/AudioClassHost.o
LOAD ../../LUFA-120730/LUFA/Drivers/USB/Class/Host/CDCClassHost.o
LOAD ../../LUFA-120730/LUFA/Drivers/USB/Class/Host/HIDClassHost.o
LOAD ../../LUFA-120730/LUFA/Drivers/USB/Class/Host/MassStorageClassHost.o
LOAD ../../LUFA-120730/LUFA/Drivers/USB/Class/Host/MIDIClassHost.o
LOAD ../../LUFA-120730/LUFA/Drivers/USB/Class/Host/PrinterClassHost.o
LOAD ../../LUFA-120730/LUFA/Drivers/USB/Class/Host/RNDISClassHost.o
LOAD ../../LUFA-120730/LUFA/Drivers/USB/Class/Host/StillImageClassHost.o
LOAD c:/program files (x86)/atmel/atmel toolchain/avr8 gcc/native/3.4.2.1002/avr8-gnu-toolchain/bin/../lib/gcc/avr/4.7.2/avr35\libgcc.a
LOAD c:/program files (x86)/atmel/atmel toolchain/avr8 gcc/native/3.4.2.1002/avr8-gnu-toolchain/bin/../lib/gcc/avr/4.7.2/../../../../avr/lib/avr35\libc.a
LOAD c:/program files (x86)/atmel/atmel toolchain/avr8 gcc/native/3.4.2.1002/avr8-gnu-toolchain/bin/../lib/gcc/avr/4.7.2/avr35\libgcc.a

.hash
 *(.hash)

.dynsym
 *(.dynsym)

.dynstr
 *(.dynstr)

.gnu.version
 *(.gnu.version)

.gnu.version_d
 *(.gnu.version_d)

.gnu.version_r
 *(.gnu.version_r)

.rel.init
 *(.rel.init)

.rela.init
 *(.rela.init)

.rel.text
 *(.rel.text)
 *(.rel.text.*)
 *(.rel.gnu.linkonce.t*)

.rela.text
 *(.rela.text)
 *(.rela.text.*)
 *(.rela.gnu.linkonce.t*)

.rel.fini
 *(.rel.fini)

.rela.fini
 *(.rela.fini)

.rel.rodata
 *(.rel.rodata)
 *(.rel.rodata.*)
 *(.rel.gnu.linkonce.r*)

.rela.rodata
 *(.rela.rodata)
 *(.rela.rodata.*)
 *(.rela.gnu.linkonce.r*)

.rel.data
 *(.rel.data)
 *(.rel.data.*)
 *(.rel.gnu.linkonce.d*)

.rela.data
 *(.rela.data)
 *(.rela.data.*)
 *(.rela.gnu.linkonce.d*)

.rel.ctors
 *(.rel.ctors)

.rela.ctors
 *(.rela.ctors)

.rel.dtors
 *(.rel.dtors)

.rela.dtors
 *(.rela.dtors)

.rel.got
 *(.rel.got)

.rela.got
 *(.rela.got)

.rel.bss
 *(.rel.bss)

.rela.bss
 *(.rela.bss)

.rel.plt
 *(.rel.plt)

.rela.plt
 *(.rela.plt)

.text           0x00000000      0xed6
 *(.vectors)
 .vectors       0x00000000       0x74 c:/program files (x86)/atmel/atmel toolchain/avr8 gcc/native/3.4.2.1002/avr8-gnu-toolchain/bin/../lib/gcc/avr/4.7.2/../../../../avr/lib/avr35/crtm32u2.o
                0x00000000                __vector_default
                0x00000000                __vectors
 *(.vectors)
 *(.progmem.gcc*)
 *(.progmem*)
 .progmem.data  0x00000074       0x86 Descriptors.o
                0x00000074                ProductString
                0x00000092                ManufacturerString
                0x000000a6                LanguageString
                0x000000aa                ConfigurationDescriptor
                0x000000e8                DeviceDescriptor
                0x000000fa                . = ALIGN (0x2)
                0x000000fa                __trampolines_start = .
 *(.trampolines)
 .trampolines   0x000000fa        0x0 linker stubs
 *(.trampolines*)
                0x000000fa                __trampolines_end = .
 *(.jumptables)
 *(.jumptables*)
 *(.lowtext)
 *(.lowtext*)
                0x000000fa                __ctors_start = .
 *(.ctors)
                0x000000fa                __ctors_end = .
                0x000000fa                __dtors_start = .
 *(.dtors)
                0x000000fa                __dtors_end = .
 SORT(*)(.ctors)
 SORT(*)(.dtors)
 *(.init0)
 .init0         0x000000fa        0x0 c:/program files (x86)/atmel/atmel toolchain/avr8 gcc/native/3.4.2.1002/avr8-gnu-toolchain/bin/../lib/gcc/avr/4.7.2/../../../../avr/lib/avr35/crtm32u2.o
                0x000000fa                __init
 *(.init0)
 *(.init1)
 *(.init1)
 *(.init2)
 .init2         0x000000fa        0xc c:/program files (x86)/atmel/atmel toolchain/avr8 gcc/native/3.4.2.1002/avr8-gnu-toolchain/bin/../lib/gcc/avr/4.7.2/../../../../avr/lib/avr35/crtm32u2.o
 *(.init2)
 *(.init3)
 *(.init3)
 *(.init4)
 .init4         0x00000106       0x16 c:/program files (x86)/atmel/atmel toolchain/avr8 gcc/native/3.4.2.1002/avr8-gnu-toolchain/bin/../lib/gcc/avr/4.7.2/avr35\libgcc.a(_copy_data.o)
                0x00000106                __do_copy_data
 .init4         0x0000011c       0x10 c:/program files (x86)/atmel/atmel toolchain/avr8 gcc/native/3.4.2.1002/avr8-gnu-toolchain/bin/../lib/gcc/avr/4.7.2/avr35\libgcc.a(_clear_bss.o)
                0x0000011c                __do_clear_bss
 *(.init4)
 *(.init5)
 *(.init5)
 *(.init6)
 *(.init6)
 *(.init7)
 *(.init7)
 *(.init8)
 *(.init8)
 *(.init9)
 .init9         0x0000012c        0x4 c:/program files (x86)/atmel/atmel toolchain/avr8 gcc/native/3.4.2.1002/avr8-gnu-toolchain/bin/../lib/gcc/avr/4.7.2/../../../../avr/lib/avr35/crtm32u2.o
 *(.init9)
 *(.text)
 .text          0x00000130        0x2 c:/program files (x86)/atmel/atmel toolchain/avr8 gcc/native/3.4.2.1002/avr8-gnu-toolchain/bin/../lib/gcc/avr/4.7.2/../../../../avr/lib/avr35/crtm32u2.o
                0x00000130                __vector_22
                0x00000130                __vector_28
                0x00000130                __vector_1
                0x00000130                __vector_24
                0x00000130                __bad_interrupt
                0x00000130                __vector_6
                0x00000130                __vector_3
                0x00000130                __vector_25
                0x00000130                __vector_13
                0x00000130                __vector_17
                0x00000130                __vector_19
                0x00000130                __vector_7
                0x00000130                __vector_27
                0x00000130                __vector_5
                0x00000130                __vector_4
                0x00000130                __vector_9
                0x00000130                __vector_2
                0x00000130                __vector_21
                0x00000130                __vector_15
                0x00000130                __vector_8
                0x00000130                __vector_26
                0x00000130                __vector_14
                0x00000130                __vector_10
                0x00000130                __vector_16
                0x00000130                __vector_18
                0x00000130                __vector_20
                0x00000132                . = ALIGN (0x2)
 *(.text.*)
 .text.LEDs_SetAllLEDs
                0x00000132        0xa USB2AX_Serial.o
 .text.RingBuffer_Insert
                0x0000013c       0x36 USB2AX_Serial.o
 .text.RingBuffer_Remove
                0x00000172       0x32 USB2AX_Serial.o
 .text.cdc_send_byte
                0x000001a4        0xc USB2AX_Serial.o
                0x000001a4                cdc_send_byte
 .text.cdc_send_USB_data
                0x000001b0       0x74 USB2AX_Serial.o
                0x000001b0                cdc_send_USB_data
 .text.SetupHardware
                0x00000224       0x3c USB2AX_Serial.o
                0x00000224                SetupHardware
 .text.startup.main
                0x00000260       0xbc USB2AX_Serial.o
                0x00000260                main
 .text.EVENT_USB_Device_Connect
                0x0000031c        0x4 USB2AX_Serial.o
                0x0000031c                EVENT_USB_Device_Connect
 .text.EVENT_USB_Device_Disconnect
                0x00000320        0x4 USB2AX_Serial.o
                0x00000320                EVENT_USB_Device_Disconnect
 .text.EVENT_USB_Device_ConfigurationChanged
                0x00000324       0x12 USB2AX_Serial.o
                0x00000324                EVENT_USB_Device_ConfigurationChanged
 .text.EVENT_USB_Device_ControlRequest
                0x00000336        0x6 USB2AX_Serial.o
                0x00000336                EVENT_USB_Device_ControlRequest
 .text.__vector_23
                0x0000033c       0x50 USB2AX_Serial.o
                0x0000033c                __vector_23
 .text.EVENT_CDC_Device_LineEncodingChanged
                0x0000038c       0x82 USB2AX_Serial.o
                0x0000038c                EVENT_CDC_Device_LineEncodingChanged
 .text.CALLBACK_USB_GetDescriptor
                0x0000040e       0x7a Descriptors.o
                0x0000040e                CALLBACK_USB_GetDescriptor
 .text.Endpoint_ConfigureEndpoint_Prv
                0x00000488       0x6e ../../LUFA-120730/LUFA/Drivers/USB/Core/AVR8/Endpoint_AVR8.o
                0x00000488                Endpoint_ConfigureEndpoint_Prv
 .text.Endpoint_ConfigureEndpointTable
                0x000004f6       0x7c ../../LUFA-120730/LUFA/Drivers/USB/Core/AVR8/Endpoint_AVR8.o
                0x000004f6                Endpoint_ConfigureEndpointTable
 .text.Endpoint_ClearStatusStage
                0x00000572       0x3e ../../LUFA-120730/LUFA/Drivers/USB/Core/AVR8/Endpoint_AVR8.o
                0x00000572                Endpoint_ClearStatusStage
 .text.USB_ResetInterface
                0x000005b0       0x70 ../../LUFA-120730/LUFA/Drivers/USB/Core/AVR8/USBController_AVR8.o
                0x000005b0                USB_ResetInterface
 .text.USB_Init
                0x00000620       0x12 ../../LUFA-120730/LUFA/Drivers/USB/Core/AVR8/USBController_AVR8.o
                0x00000620                USB_Init
 .text.USB_INT_DisableAllInterrupts
                0x00000632        0x6 ../../LUFA-120730/LUFA/Drivers/USB/Core/AVR8/USBInterrupt_AVR8.o
                0x00000632                USB_INT_DisableAllInterrupts
 .text.USB_INT_ClearAllInterrupts
                0x00000638        0x6 ../../LUFA-120730/LUFA/Drivers/USB/Core/AVR8/USBInterrupt_AVR8.o
                0x00000638                USB_INT_ClearAllInterrupts
 .text.__vector_11
                0x0000063e      0x148 ../../LUFA-120730/LUFA/Drivers/USB/Core/AVR8/USBInterrupt_AVR8.o
                0x0000063e                __vector_11
 .text.__vector_12
                0x00000786       0x86 ../../LUFA-120730/LUFA/Drivers/USB/Core/AVR8/USBInterrupt_AVR8.o
                0x00000786                __vector_12
 .text.Endpoint_Write_Control_Stream_LE
                0x0000080c       0xbc ../../LUFA-120730/LUFA/Drivers/USB/Core/AVR8/EndpointStream_AVR8.o
                0x0000080c                Endpoint_Write_Control_Stream_LE
 .text.Endpoint_Write_Control_PStream_LE
                0x000008c8       0xbe ../../LUFA-120730/LUFA/Drivers/USB/Core/AVR8/EndpointStream_AVR8.o
                0x000008c8                Endpoint_Write_Control_PStream_LE
 .text.USB_Device_ProcessControlRequest
                0x00000986      0x2cc ../../LUFA-120730/LUFA/Drivers/USB/Core/DeviceStandardReq.o
                0x00000986                USB_Device_ProcessControlRequest
 .text.USB_Event_Stub
                0x00000c52        0x2 ../../LUFA-120730/LUFA/Drivers/USB/Core/Events.o
                0x00000c52                USB_Event_Stub
                0x00000c52                EVENT_USB_Device_Suspend
                0x00000c52                EVENT_USB_Device_StartOfFrame
                0x00000c52                EVENT_USB_Device_Reset
                0x00000c52                EVENT_USB_Device_WakeUp
 .text.USB_USBTask
                0x00000c54       0x36 ../../LUFA-120730/LUFA/Drivers/USB/Core/USBTask.o
                0x00000c54                USB_USBTask
 .text.CDC_Device_ConfigureEndpoints
                0x00000c8a       0x4a ../../LUFA-120730/LUFA/Drivers/USB/Class/Device/CDCClassDevice.o
                0x00000c8a                CDC_Device_ConfigureEndpoints
 .text.CDC_Device_ReceiveByte
                0x00000cd4       0x58 ../../LUFA-120730/LUFA/Drivers/USB/Class/Device/CDCClassDevice.o
                0x00000cd4                CDC_Device_ReceiveByte
 .text.CDC_Device_Event_Stub
                0x00000d2c        0x2 ../../LUFA-120730/LUFA/Drivers/USB/Class/Device/CDCClassDevice.o
                0x00000d2c                EVENT_CDC_Device_BreakSent
                0x00000d2c                CDC_Device_Event_Stub
                0x00000d2c                EVENT_CDC_Device_ControLineStateChanged
 .text.CDC_Device_ProcessControlRequest
                0x00000d2e      0x160 ../../LUFA-120730/LUFA/Drivers/USB/Class/Device/CDCClassDevice.o
                0x00000d2e                CDC_Device_ProcessControlRequest
 .text.libgcc.div
                0x00000e8e       0x44 c:/program files (x86)/atmel/atmel toolchain/avr8 gcc/native/3.4.2.1002/avr8-gnu-toolchain/bin/../lib/gcc/avr/4.7.2/avr35\libgcc.a(_udivmodsi4.o)
                0x00000e8e                __udivmodsi4
                0x00000ed2                . = ALIGN (0x2)
 *(.fini9)
 .fini9         0x00000ed2        0x0 c:/program files (x86)/atmel/atmel toolchain/avr8 gcc/native/3.4.2.1002/avr8-gnu-toolchain/bin/../lib/gcc/avr/4.7.2/avr35\libgcc.a(_exit.o)
                0x00000ed2                _exit
                0x00000ed2                exit
 *(.fini9)
 *(.fini8)
 *(.fini8)
 *(.fini7)
 *(.fini7)
 *(.fini6)
 *(.fini6)
 *(.fini5)
 *(.fini5)
 *(.fini4)
 *(.fini4)
 *(.fini3)
 *(.fini3)
 *(.fini2)
 *(.fini2)
 *(.fini1)
 *(.fini1)
 *(.fini0)
 .fini0         0x00000ed2        0x4 c:/program files (x86)/atmel/atmel toolchain/avr8 gcc/native/3.4.2.1002/avr8-gnu-toolchain/bin/../lib/gcc/avr/4.7.2/avr35\libgcc.a(_exit.o)
 *(.fini0)
                0x00000ed6                _etext = .

.data           0x00800100       0x1e load address 0x00000ed6
                0x00800100                PROVIDE (__data_start, .)
 *(.data)
 .data          0x00800100        0x0 c:/program files (x86)/atmel/atmel toolchain/avr8 gcc/native/3.4.2.1002/avr8-gnu-toolchain/bin/../lib/gcc/avr/4.7.2/../../../../avr/lib/avr35/crtm32u2.o
 .data          0x00800100       0x1b USB2AX_Serial.o
                0x00800100                VirtualSerial_CDC_Interface
 .data          0x0080011b        0x0 Descriptors.o
 .data          0x0080011b        0x0 ../../LUFA-120730/LUFA/Drivers/USB/Core/AVR8/Device_AVR8.o
 .data          0x0080011b        0x0 ../../LUFA-120730/LUFA/Drivers/USB/Core/AVR8/Endpoint_AVR8.o
 .data          0x0080011b        0x0 ../../LUFA-120730/LUFA/Drivers/USB/Core/AVR8/Host_AVR8.o
 .data          0x0080011b        0x0 ../../LUFA-120730/LUFA/Drivers/USB/Core/AVR8/Pipe_AVR8.o
 .data          0x0080011b        0x0 ../../LUFA-120730/LUFA/Drivers/USB/Core/AVR8/USBController_AVR8.o
 .data          0x0080011b        0x0 ../../LUFA-120730/LUFA/Drivers/USB/Core/AVR8/USBInterrupt_AVR8.o
 .data          0x0080011b        0x0 ../../LUFA-120730/LUFA/Drivers/USB/Core/AVR8/EndpointStream_AVR8.o
 .data          0x0080011b        0x0 ../../LUFA-120730/LUFA/Drivers/USB/Core/AVR8/PipeStream_AVR8.o
 .data          0x0080011b        0x0 ../../LUFA-120730/LUFA/Drivers/USB/Core/ConfigDescriptors.o
 .data          0x0080011b        0x0 ../../LUFA-120730/LUFA/Drivers/USB/Core/DeviceStandardReq.o
 .data          0x0080011b        0x0 ../../LUFA-120730/LUFA/Drivers/USB/Core/Events.o
 .data          0x0080011b        0x0 ../../LUFA-120730/LUFA/Drivers/USB/Core/HostStandardReq.o
 .data          0x0080011b        0x0 ../../LUFA-120730/LUFA/Drivers/USB/Core/USBTask.o
 .data          0x0080011b        0x0 ../../LUFA-120730/LUFA/Drivers/USB/Class/Common/HIDParser.o
 .data          0x0080011b        0x0 ../../LUFA-120730/LUFA/Drivers/USB/Class/Device/AudioClassDevice.o
 .data          0x0080011b        0x0 ../../LUFA-120730/LUFA/Drivers/USB/Class/Device/CDCClassDevice.o
 .data          0x0080011b        0x0 ../../LUFA-120730/LUFA/Drivers/USB/Class/Device/HIDClassDevice.o
 .data          0x0080011b        0x0 ../../LUFA-120730/LUFA/Drivers/USB/Class/Device/MassStorageClassDevice.o
 .data          0x0080011b        0x0 ../../LUFA-120730/LUFA/Drivers/USB/Class/Device/MIDIClassDevice.o
 .data          0x0080011b        0x0 ../../LUFA-120730/LUFA/Drivers/USB/Class/Device/RNDISClassDevice.o
 .data          0x0080011b        0x0 ../../LUFA-120730/LUFA/Drivers/USB/Class/Host/AndroidAccessoryClassHost.o
 .data          0x0080011b        0x0 ../../LUFA-120730/LUFA/Drivers/USB/Class/Host/AudioClassHost.o
 .data          0x0080011b        0x0 ../../LUFA-120730/LUFA/Drivers/USB/Class/Host/CDCClassHost.o
 .data          0x0080011b        0x0 ../../LUFA-120730/LUFA/Drivers/USB/Class/Host/HIDClassHost.o
 .data          0x0080011b        0x0 ../../LUFA-120730/LUFA/Drivers/USB/Class/Host/MassStorageClassHost.o
 .data          0x0080011b        0x0 ../../LUFA-120730/LUFA/Drivers/USB/Class/Host/MIDIClassHost.o
 .data          0x0080011b        0x0 ../../LUFA-120730/LUFA/Drivers/USB/Class/Host/PrinterClassHost.o
 .data          0x0080011b        0x0 ../../LUFA-120730/LUFA/Drivers/USB/Class/Host/RNDISClassHost.o
 .data          0x0080011b        0x0 ../../LUFA-120730/LUFA/Drivers/USB/Class/Host/StillImageClassHost.o
 .data          0x0080011b        0x0 c:/program files (x86)/atmel/atmel toolchain/avr8 gcc/native/3.4.2.1002/avr8-gnu-toolchain/bin/../lib/gcc/avr/4.7.2/avr35\libgcc.a(_mulhi3.o)
 .data          0x0080011b        0x0 c:/program files (x86)/atmel/atmel toolchain/avr8 gcc/native/3.4.2.1002/avr8-gnu-toolchain/bin/../lib/gcc/avr/4.7.2/avr35\libgcc.a(_udivmodsi4.o)
 .data          0x0080011b        0x0 c:/program files (x86)/atmel/atmel toolchain/avr8 gcc/native/3.4.2.1002/avr8-gnu-toolchain/bin/../lib/gcc/avr/4.7.2/avr35\libgcc.a(_exit.o)
 .data          0x0080011b        0x0 c:/program files (x86)/atmel/atmel toolchain/avr8 gcc/native/3.4.2.1002/avr8-gnu-toolchain/bin/../lib/gcc/avr/4.7.2/avr35\libgcc.a(_copy_data.o)
 .data          0x0080011b        0x0 c:/program files (x86)/atmel/atmel toolchain/avr8 gcc/native/3.4.2.1002/avr8-gnu-toolchain/bin/../lib/gcc/avr/4.7.2/avr35\libgcc.a(_clear_bss.o)
 .data          0x0080011b        0x0 c:/program files (x86)/atmel/atmel toolchain/avr8 gcc/native/3.4.2.1002/avr8-gnu-toolchain/bin/../lib/gcc/avr/4.7.2/../../../../avr/lib/avr35\libc.a(memcpy_P.o)
 .data          0x0080011b        0x0 c:/program files (x86)/atmel/atmel toolchain/avr8 gcc/native/3.4.2.1002/avr8-gnu-toolchain/bin/../lib/gcc/avr/4.7.2/../../../../avr/lib/avr35\libc.a(memcmp.o)
 .data          0x0080011b        0x0 c:/program files (x86)/atmel/atmel toolchain/avr8 gcc/native/3.4.2.1002/avr8-gnu-toolchain/bin/../lib/gcc/avr/4.7.2/../../../../avr/lib/avr35\libc.a(memcpy.o)
 .data          0x0080011b        0x0 c:/program files (x86)/atmel/atmel toolchain/avr8 gcc/native/3.4.2.1002/avr8-gnu-toolchain/bin/../lib/gcc/avr/4.7.2/../../../../avr/lib/avr35\libc.a(memset.o)
 .data          0x0080011b        0x0 c:/program files (x86)/atmel/atmel toolchain/avr8 gcc/native/3.4.2.1002/avr8-gnu-toolchain/bin/../lib/gcc/avr/4.7.2/../../../../avr/lib/avr35\libc.a(eerd_byte_atmega32u2.o)
 .data          0x0080011b        0x0 c:/program files (x86)/atmel/atmel toolchain/avr8 gcc/native/3.4.2.1002/avr8-gnu-toolchain/bin/../lib/gcc/avr/4.7.2/../../../../avr/lib/avr35\libc.a(eeupd_byte_atmega32u2.o)
 *(.data*)
 *(.rodata)
 .rodata        0x0080011b        0x2 USB2AX_Serial.o
 *(.rodata*)
 *(.gnu.linkonce.d*)
                0x0080011e                . = ALIGN (0x2)
 *fill*         0x0080011d        0x1 
                0x0080011e                _edata = .
                0x0080011e                PROVIDE (__data_end, .)

.bss            0x0080011e      0x125
                0x0080011e                PROVIDE (__bss_start, .)
 *(.bss)
 .bss           0x0080011e      0x119 USB2AX_Serial.o
                0x0080011e                needEmptyPacket
 *(.bss*)
 *(COMMON)
 COMMON         0x00800237        0x3 ../../LUFA-120730/LUFA/Drivers/USB/Core/DeviceStandardReq.o
                0x00800237                USB_Device_ConfigurationNumber
                0x00800238                USB_Device_CurrentlySelfPowered
                0x00800239                USB_Device_RemoteWakeupEnabled
 COMMON         0x0080023a        0x9 ../../LUFA-120730/LUFA/Drivers/USB/Core/USBTask.o
                0x0080023a                USB_IsInitialized
                0x0080023b                USB_ControlRequest
                0x00800243                PROVIDE (__bss_end, .)
                0x00000ed6                __data_load_start = LOADADDR (.data)
                0x00000ef4                __data_load_end = (__data_load_start + SIZEOF (.data))

.noinit         0x00800243        0x0
                0x00800243                PROVIDE (__noinit_start, .)
 *(.noinit*)
                0x00800243                PROVIDE (__noinit_end, .)
                0x00800243                _end = .
                0x00800243                PROVIDE (__heap_start, .)

.eeprom         0x00810000        0x0
 *(.eeprom*)
                0x00810000                __eeprom_end = .

.fuse
 *(.fuse)
 *(.lfuse)
 *(.hfuse)
 *(.efuse)

.lock
 *(.lock*)

.signature
 *(.signature*)

.user_signatures
 *(.user_signatures*)

.stab           0x00000000      0xa98
 *(.stab)
 .stab          0x00000000      0x6cc c:/program files (x86)/atmel/atmel toolchain/avr8 gcc/native/3.4.2.1002/avr8-gnu-toolchain/bin/../lib/gcc/avr/4.7.2/../../../../avr/lib/avr35/crtm32u2.o
 .stab          0x000006cc       0x84 c:/program files (x86)/atmel/atmel toolchain/avr8 gcc/native/3.4.2.1002/avr8-gnu-toolchain/bin/../lib/gcc/avr/4.7.2/../../../../avr/lib/avr35\libc.a(memcpy_P.o)
                                 0x90 (size before relaxing)
 .stab          0x00000750       0xb4 c:/program files (x86)/atmel/atmel toolchain/avr8 gcc/native/3.4.2.1002/avr8-gnu-toolchain/bin/../lib/gcc/avr/4.7.2/../../../../avr/lib/avr35\libc.a(memcmp.o)
                                 0xc0 (size before relaxing)
 .stab          0x00000804       0x84 c:/program files (x86)/atmel/atmel toolchain/avr8 gcc/native/3.4.2.1002/avr8-gnu-toolchain/bin/../lib/gcc/avr/4.7.2/../../../../avr/lib/avr35\libc.a(memcpy.o)
                                 0x90 (size before relaxing)
 .stab          0x00000888       0x6c c:/program files (x86)/atmel/atmel toolchain/avr8 gcc/native/3.4.2.1002/avr8-gnu-toolchain/bin/../lib/gcc/avr/4.7.2/../../../../avr/lib/avr35\libc.a(memset.o)
                                 0x78 (size before relaxing)
 .stab          0x000008f4       0x90 c:/program files (x86)/atmel/atmel toolchain/avr8 gcc/native/3.4.2.1002/avr8-gnu-toolchain/bin/../lib/gcc/avr/4.7.2/../../../../avr/lib/avr35\libc.a(eerd_byte_atmega32u2.o)
                                 0x9c (size before relaxing)
 .stab          0x00000984      0x114 c:/program files (x86)/atmel/atmel toolchain/avr8 gcc/native/3.4.2.1002/avr8-gnu-toolchain/bin/../lib/gcc/avr/4.7.2/../../../../avr/lib/avr35\libc.a(eeupd_byte_atmega32u2.o)
                                0x120 (size before relaxing)

.stabstr        0x00000000      0x356
 *(.stabstr)
 .stabstr       0x00000000      0x356 c:/program files (x86)/atmel/atmel toolchain/avr8 gcc/native/3.4.2.1002/avr8-gnu-toolchain/bin/../lib/gcc/avr/4.7.2/../../../../avr/lib/avr35/crtm32u2.o

.stab.excl
 *(.stab.excl)

.stab.exclstr
 *(.stab.exclstr)

.stab.index
 *(.stab.index)

.stab.indexstr
 *(.stab.indexstr)

.comment        0x00000000       0x2f
 *(.comment)
 .comment       0x00000000       0x2f USB2AX_Serial.o
                                 0x30 (size before relaxing)
 .comment       0x00000000       0x30 Descriptors.o
 .comment       0x00000000       0x30 ../../LUFA-120730/LUFA/Drivers/USB/Core/AVR8/Device_AVR8.o
 .comment       0x00000000       0x30 ../../LUFA-120730/LUFA/Drivers/USB/Core/AVR8/Endpoint_AVR8.o
 .comment       0x00000000       0x30 ../../LUFA-120730/LUFA/Drivers/USB/Core/AVR8/Host_AVR8.o
 .comment       0x00000000       0x30 ../../LUFA-120730/LUFA/Drivers/USB/Core/AVR8/Pipe_AVR8.o
 .comment       0x00000000       0x30 ../../LUFA-120730/LUFA/Drivers/USB/Core/AVR8/USBController_AVR8.o
 .comment       0x00000000       0x30 ../../LUFA-120730/LUFA/Drivers/USB/Core/AVR8/USBInterrupt_AVR8.o
 .comment       0x00000000       0x30 ../../LUFA-120730/LUFA/Drivers/USB/Core/AVR8/EndpointStream_AVR8.o
 .comment       0x00000000       0x30 ../../LUFA-120730/LUFA/Drivers/USB/Core/AVR8/PipeStream_AVR8.o
 .comment       0x00000000       0x30 ../../LUFA-120730/LUFA/Drivers/USB/Core/ConfigDescriptors.o
 .comment       0x00000000       0x30 ../../LUFA-120730/LUFA/Drivers/USB/Core/DeviceStandardReq.o
 .comment       0x00000000       0x30 ../../LUFA-120730/LUFA/Drivers/USB/Core/Events.o
 .comment       0x00000000       0x30 ../../LUFA-120730/LUFA/Drivers/USB/Core/HostStandardReq.o
 .comment       0x00000000       0x30 ../../LUFA-120730/LUFA/Drivers/USB/Core/USBTask.o
 .comment       0x00000000       0x30 ../../LUFA-120730/LUFA/Drivers/USB/Class/Common/HIDParser.o
 .comment       0x00000000       0x30 ../../LUFA-120730/LUFA/Drivers/USB/Class/Device/AudioClassDevice.o
 .comment       0x00000000       0x30 ../../LUFA-120730/LUFA/Drivers/USB/Class/Device/CDCClassDevice.o
 .comment       0x00000000       0x30 ../../LUFA-120730/LUFA/Drivers/USB/Class/Device/HIDClassDevice.o
 .comment       0x00000000       0x30 ../../LUFA-120730/LUFA/Drivers/USB/Class/Device/MassStorageClassDevice.o
 .comment       0x00000000       0x30 ../../LUFA-120730/LUFA/Drivers/USB/Class/Device/MIDIClassDevice.o
 .comment       0x00000000       0x30 ../../LUFA-120730/LUFA/Drivers/USB/Class/Device/RNDISClassDevice.o
 .comment       0x00000000       0x30 ../../LUFA-120730/LUFA/Drivers/USB/Class/Host/AndroidAccessoryClassHost.o
 .comment       0x00000000       0x30 ../../LUFA-120730/LUFA/Drivers/USB/Class/Host/AudioClassHost.o
 .comment       0x00000000       0x30 ../../LUFA-120730/LUFA/Drivers/USB/Class/Host/CDCClassHost.o
 .comment       0x00000000       0x30 ../../LUFA-120730/LUFA/Drivers/USB/Class/Host/HIDClassHost.o
 .comment       0x00000000       0x30 ../../LUFA-120730/LUFA/Drivers/USB/Class/Host/MassStorageClassHost.o
 .comment       0x00000000       0x30 ../../LUFA-120730/LUFA/Drivers/USB/Class/Host/MIDIClassHost.o
 .comment       0x00000000       0x30 ../../LUFA-120730/LUFA/Drivers/USB/Class/Host/PrinterClassHost.o
 .comment       0x00000000       0x30 ../../LUFA-120730/LUFA/Drivers/USB/Class/Host/RNDISClassHost.o
 .comment       0x00000000       0x30 ../../LUFA-120730/LUFA/Drivers/USB/Class/Host/StillImageClassHost.o

.debug
 *(.debug)

.line
 *(.line)

.debug_srcinfo
 *(.debug_srcinfo)

.debug_sfnames
 *(.debug_sfnames)

.debug_aranges  0x00000000      0x5f0
 *(.debug_aranges)
 .debug_aranges
                0x00000000       0x80 USB2AX_Serial.o
 .debug_aranges
                0x00000080       0x20 Descriptors.o
 .debug_aranges
                0x000000a0       0x20 ../../LUFA-120730/LUFA/Drivers/USB/Core/AVR8/Device_AVR8.o
 .debug_aranges
                0x000000c0       0x40 ../../LUFA-120730/LUFA/Drivers/USB/Core/AVR8/Endpoint_AVR8.o
 .debug_aranges
                0x00000100       0x18 ../../LUFA-120730/LUFA/Drivers/USB/Core/AVR8/Host_AVR8.o
 .debug_aranges
                0x00000118       0x18 ../../LUFA-120730/LUFA/Drivers/USB/Core/AVR8/Pipe_AVR8.o
 .debug_aranges
                0x00000130       0x30 ../../LUFA-120730/LUFA/Drivers/USB/Core/AVR8/USBController_AVR8.o
 .debug_aranges
                0x00000160       0x38 ../../LUFA-120730/LUFA/Drivers/USB/Core/AVR8/USBInterrupt_AVR8.o
 .debug_aranges
                0x00000198       0xc8 ../../LUFA-120730/LUFA/Drivers/USB/Core/AVR8/EndpointStream_AVR8.o
 .debug_aranges
                0x00000260       0x18 ../../LUFA-120730/LUFA/Drivers/USB/Core/AVR8/PipeStream_AVR8.o
 .debug_aranges
                0x00000278       0x40 ../../LUFA-120730/LUFA/Drivers/USB/Core/ConfigDescriptors.o
 .debug_aranges
                0x000002b8       0x20 ../../LUFA-120730/LUFA/Drivers/USB/Core/DeviceStandardReq.o
 .debug_aranges
                0x000002d8       0x20 ../../LUFA-120730/LUFA/Drivers/USB/Core/Events.o
 .debug_aranges
                0x000002f8       0x18 ../../LUFA-120730/LUFA/Drivers/USB/Core/HostStandardReq.o
 .debug_aranges
                0x00000310       0x20 ../../LUFA-120730/LUFA/Drivers/USB/Core/USBTask.o
 .debug_aranges
                0x00000330       0x38 ../../LUFA-120730/LUFA/Drivers/USB/Class/Common/HIDParser.o
 .debug_aranges
                0x00000368       0x30 ../../LUFA-120730/LUFA/Drivers/USB/Class/Device/AudioClassDevice.o
 .debug_aranges
                0x00000398       0x98 ../../LUFA-120730/LUFA/Drivers/USB/Class/Device/CDCClassDevice.o
 .debug_aranges
                0x00000430       0x30 ../../LUFA-120730/LUFA/Drivers/USB/Class/Device/HIDClassDevice.o
 .debug_aranges
                0x00000460       0x30 ../../LUFA-120730/LUFA/Drivers/USB/Class/Device/MassStorageClassDevice.o
 .debug_aranges
                0x00000490       0x40 ../../LUFA-120730/LUFA/Drivers/USB/Class/Device/MIDIClassDevice.o
 .debug_aranges
                0x000004d0       0x48 ../../LUFA-120730/LUFA/Drivers/USB/Class/Device/RNDISClassDevice.o
 .debug_aranges
                0x00000518       0x18 ../../LUFA-120730/LUFA/Drivers/USB/Class/Host/AndroidAccessoryClassHost.o
 .debug_aranges
                0x00000530       0x18 ../../LUFA-120730/LUFA/Drivers/USB/Class/Host/AudioClassHost.o
 .debug_aranges
                0x00000548       0x18 ../../LUFA-120730/LUFA/Drivers/USB/Class/Host/CDCClassHost.o
 .debug_aranges
                0x00000560       0x18 ../../LUFA-120730/LUFA/Drivers/USB/Class/Host/HIDClassHost.o
 .debug_aranges
                0x00000578       0x18 ../../LUFA-120730/LUFA/Drivers/USB/Class/Host/MassStorageClassHost.o
 .debug_aranges
                0x00000590       0x18 ../../LUFA-120730/LUFA/Drivers/USB/Class/Host/MIDIClassHost.o
 .debug_aranges
                0x000005a8       0x18 ../../LUFA-120730/LUFA/Drivers/USB/Class/Host/PrinterClassHost.o
 .debug_aranges
                0x000005c0       0x18 ../../LUFA-120730/LUFA/Drivers/USB/Class/Host/RNDISClassHost.o
 .debug_aranges
                0x000005d8       0x18 ../../LUFA-120730/LUFA/Drivers/USB/Class/Host/StillImageClassHost.o

.debug_pubnames
 *(.debug_pubnames)

.debug_info     0x00000000     0x9a77
 *(.debug_info)
 .debug_info    0x00000000      0xd52 USB2AX_Serial.o
 .debug_info    0x00000d52      0x744 Descriptors.o
 .debug_info    0x00001496       0xd6 ../../LUFA-120730/LUFA/Drivers/USB/Core/AVR8/Device_AVR8.o
 .debug_info    0x0000156c      0x60d ../../LUFA-120730/LUFA/Drivers/USB/Core/AVR8/Endpoint_AVR8.o
 .debug_info    0x00001b79       0x5a ../../LUFA-120730/LUFA/Drivers/USB/Core/AVR8/Host_AVR8.o
 .debug_info    0x00001bd3       0x5a ../../LUFA-120730/LUFA/Drivers/USB/Core/AVR8/Pipe_AVR8.o
 .debug_info    0x00001c2d      0x45d ../../LUFA-120730/LUFA/Drivers/USB/Core/AVR8/USBController_AVR8.o
 .debug_info    0x0000208a      0x700 ../../LUFA-120730/LUFA/Drivers/USB/Core/AVR8/USBInterrupt_AVR8.o
 .debug_info    0x0000278a     0x1738 ../../LUFA-120730/LUFA/Drivers/USB/Core/AVR8/EndpointStream_AVR8.o
 .debug_info    0x00003ec2       0x5a ../../LUFA-120730/LUFA/Drivers/USB/Core/AVR8/PipeStream_AVR8.o
 .debug_info    0x00003f1c      0x3cd ../../LUFA-120730/LUFA/Drivers/USB/Core/ConfigDescriptors.o
 .debug_info    0x000042e9      0xa71 ../../LUFA-120730/LUFA/Drivers/USB/Core/DeviceStandardReq.o
 .debug_info    0x00004d5a       0x7c ../../LUFA-120730/LUFA/Drivers/USB/Core/Events.o
 .debug_info    0x00004dd6       0x21 ../../LUFA-120730/LUFA/Drivers/USB/Core/HostStandardReq.o
 .debug_info    0x00004df7      0x25c ../../LUFA-120730/LUFA/Drivers/USB/Core/USBTask.o
 .debug_info    0x00005053      0x73c ../../LUFA-120730/LUFA/Drivers/USB/Class/Common/HIDParser.o
 .debug_info    0x0000578f      0x8e2 ../../LUFA-120730/LUFA/Drivers/USB/Class/Device/AudioClassDevice.o
 .debug_info    0x00006071      0xe74 ../../LUFA-120730/LUFA/Drivers/USB/Class/Device/CDCClassDevice.o
 .debug_info    0x00006ee5      0x9d3 ../../LUFA-120730/LUFA/Drivers/USB/Class/Device/HIDClassDevice.o
 .debug_info    0x000078b8      0x949 ../../LUFA-120730/LUFA/Drivers/USB/Class/Device/MassStorageClassDevice.o
 .debug_info    0x00008201      0x5cc ../../LUFA-120730/LUFA/Drivers/USB/Class/Device/MIDIClassDevice.o
 .debug_info    0x000087cd     0x1181 ../../LUFA-120730/LUFA/Drivers/USB/Class/Device/RNDISClassDevice.o
 .debug_info    0x0000994e       0x21 ../../LUFA-120730/LUFA/Drivers/USB/Class/Host/AndroidAccessoryClassHost.o
 .debug_info    0x0000996f       0x21 ../../LUFA-120730/LUFA/Drivers/USB/Class/Host/AudioClassHost.o
 .debug_info    0x00009990       0x21 ../../LUFA-120730/LUFA/Drivers/USB/Class/Host/CDCClassHost.o
 .debug_info    0x000099b1       0x21 ../../LUFA-120730/LUFA/Drivers/USB/Class/Host/HIDClassHost.o
 .debug_info    0x000099d2       0x21 ../../LUFA-120730/LUFA/Drivers/USB/Class/Host/MassStorageClassHost.o
 .debug_info    0x000099f3       0x21 ../../LUFA-120730/LUFA/Drivers/USB/Class/Host/MIDIClassHost.o
 .debug_info    0x00009a14       0x21 ../../LUFA-120730/LUFA/Drivers/USB/Class/Host/PrinterClassHost.o
 .debug_info    0x00009a35       0x21 ../../LUFA-120730/LUFA/Drivers/USB/Class/Host/RNDISClassHost.o
 .debug_info    0x00009a56       0x21 ../../LUFA-120730/LUFA/Drivers/USB/Class/Host/StillImageClassHost.o
 *(.gnu.linkonce.wi.*)

.debug_abbrev   0x00000000     0x2780
 *(.debug_abbrev)
 .debug_abbrev  0x00000000      0x3ac USB2AX_Serial.o
 .debug_abbrev  0x000003ac      0x139 Descriptors.o
 .debug_abbrev  0x000004e5       0x83 ../../LUFA-120730/LUFA/Drivers/USB/Core/AVR8/Device_AVR8.o
 .debug_abbrev  0x00000568      0x21e ../../LUFA-120730/LUFA/Drivers/USB/Core/AVR8/Endpoint_AVR8.o
 .debug_abbrev  0x00000786       0x29 ../../LUFA-120730/LUFA/Drivers/USB/Core/AVR8/Host_AVR8.o
 .debug_abbrev  0x000007af       0x29 ../../LUFA-120730/LUFA/Drivers/USB/Core/AVR8/Pipe_AVR8.o
 .debug_abbrev  0x000007d8      0x19f ../../LUFA-120730/LUFA/Drivers/USB/Core/AVR8/USBController_AVR8.o
 .debug_abbrev  0x00000977      0x22b ../../LUFA-120730/LUFA/Drivers/USB/Core/AVR8/USBInterrupt_AVR8.o
 .debug_abbrev  0x00000ba2      0x216 ../../LUFA-120730/LUFA/Drivers/USB/Core/AVR8/EndpointStream_AVR8.o
 .debug_abbrev  0x00000db8       0x29 ../../LUFA-120730/LUFA/Drivers/USB/Core/AVR8/PipeStream_AVR8.o
 .debug_abbrev  0x00000de1      0x179 ../../LUFA-120730/LUFA/Drivers/USB/Core/ConfigDescriptors.o
 .debug_abbrev  0x00000f5a      0x29a ../../LUFA-120730/LUFA/Drivers/USB/Core/DeviceStandardReq.o
 .debug_abbrev  0x000011f4       0x47 ../../LUFA-120730/LUFA/Drivers/USB/Core/Events.o
 .debug_abbrev  0x0000123b       0x13 ../../LUFA-120730/LUFA/Drivers/USB/Core/HostStandardReq.o
 .debug_abbrev  0x0000124e      0x172 ../../LUFA-120730/LUFA/Drivers/USB/Core/USBTask.o
 .debug_abbrev  0x000013c0      0x22e ../../LUFA-120730/LUFA/Drivers/USB/Class/Common/HIDParser.o
 .debug_abbrev  0x000015ee      0x206 ../../LUFA-120730/LUFA/Drivers/USB/Class/Device/AudioClassDevice.o
 .debug_abbrev  0x000017f4      0x419 ../../LUFA-120730/LUFA/Drivers/USB/Class/Device/CDCClassDevice.o
 .debug_abbrev  0x00001c0d      0x27b ../../LUFA-120730/LUFA/Drivers/USB/Class/Device/HIDClassDevice.o
 .debug_abbrev  0x00001e88      0x2b2 ../../LUFA-120730/LUFA/Drivers/USB/Class/Device/MassStorageClassDevice.o
 .debug_abbrev  0x0000213a      0x230 ../../LUFA-120730/LUFA/Drivers/USB/Class/Device/MIDIClassDevice.o
 .debug_abbrev  0x0000236a      0x36b ../../LUFA-120730/LUFA/Drivers/USB/Class/Device/RNDISClassDevice.o
 .debug_abbrev  0x000026d5       0x13 ../../LUFA-120730/LUFA/Drivers/USB/Class/Host/AndroidAccessoryClassHost.o
 .debug_abbrev  0x000026e8       0x13 ../../LUFA-120730/LUFA/Drivers/USB/Class/Host/AudioClassHost.o
 .debug_abbrev  0x000026fb       0x13 ../../LUFA-120730/LUFA/Drivers/USB/Class/Host/CDCClassHost.o
 .debug_abbrev  0x0000270e       0x13 ../../LUFA-120730/LUFA/Drivers/USB/Class/Host/HIDClassHost.o
 .debug_abbrev  0x00002721       0x13 ../../LUFA-120730/LUFA/Drivers/USB/Class/Host/MassStorageClassHost.o
 .debug_abbrev  0x00002734       0x13 ../../LUFA-120730/LUFA/Drivers/USB/Class/Host/MIDIClassHost.o
 .debug_abbrev  0x00002747       0x13 ../../LUFA-120730/LUFA/Drivers/USB/Class/Host/PrinterClassHost.o
 .debug_abbrev  0x0000275a       0x13 ../../LUFA-120730/LUFA/Drivers/USB/Class/Host/RNDISClassHost.o
 .debug_abbrev  0x0000276d       0x13 ../../LUFA-120730/LUFA/Drivers/USB/Class/Host/StillImageClassHost.o

.debug_line     0x00000000     0xfce7
 *(.debug_line)
 .debug_line    0x00000000     0x1312 USB2AX_Serial.o
 .debug_line    0x00001312      0xd94 Descriptors.o
 .debug_line    0x000020a6      0x9dd ../../LUFA-120730/LUFA/Drivers/USB/Core/AVR8/Device_AVR8.o
 .debug_line    0x00002a83      0xb51 ../../LUFA-120730/LUFA/Drivers/USB/Core/AVR8/Endpoint_AVR8.o
 .debug_line    0x000035d4      0x522 ../../LUFA-120730/LUFA/Drivers/USB/Core/AVR8/Host_AVR8.o
 .debug_line    0x00003af6      0x522 ../../LUFA-120730/LUFA/Drivers/USB/Core/AVR8/Pipe_AVR8.o
 .debug_line    0x00004018      0x8f2 ../../LUFA-120730/LUFA/Drivers/USB/Core/AVR8/USBController_AVR8.o
 .debug_line    0x0000490a      0xae1 ../../LUFA-120730/LUFA/Drivers/USB/Core/AVR8/USBInterrupt_AVR8.o
 .debug_line    0x000053eb     0x13aa ../../LUFA-120730/LUFA/Drivers/USB/Core/AVR8/EndpointStream_AVR8.o
 .debug_line    0x00006795      0x528 ../../LUFA-120730/LUFA/Drivers/USB/Core/AVR8/PipeStream_AVR8.o
 .debug_line    0x00006cbd      0x8dc ../../LUFA-120730/LUFA/Drivers/USB/Core/ConfigDescriptors.o
 .debug_line    0x00007599      0x9b9 ../../LUFA-120730/LUFA/Drivers/USB/Core/DeviceStandardReq.o
 .debug_line    0x00007f52      0x4fd ../../LUFA-120730/LUFA/Drivers/USB/Core/Events.o
 .debug_line    0x0000844f       0x64 ../../LUFA-120730/LUFA/Drivers/USB/Core/HostStandardReq.o
 .debug_line    0x000084b3      0x881 ../../LUFA-120730/LUFA/Drivers/USB/Core/USBTask.o
 .debug_line    0x00008d34      0x76e ../../LUFA-120730/LUFA/Drivers/USB/Class/Common/HIDParser.o
 .debug_line    0x000094a2      0xf84 ../../LUFA-120730/LUFA/Drivers/USB/Class/Device/AudioClassDevice.o
 .debug_line    0x0000a426     0x11fa ../../LUFA-120730/LUFA/Drivers/USB/Class/Device/CDCClassDevice.o
 .debug_line    0x0000b620     0x102d ../../LUFA-120730/LUFA/Drivers/USB/Class/Device/HIDClassDevice.o
 .debug_line    0x0000c64d     0x1045 ../../LUFA-120730/LUFA/Drivers/USB/Class/Device/MassStorageClassDevice.o
 .debug_line    0x0000d692      0xfcd ../../LUFA-120730/LUFA/Drivers/USB/Class/Device/MIDIClassDevice.o
 .debug_line    0x0000e65f     0x10c3 ../../LUFA-120730/LUFA/Drivers/USB/Class/Device/RNDISClassDevice.o
 .debug_line    0x0000f722       0xad ../../LUFA-120730/LUFA/Drivers/USB/Class/Host/AndroidAccessoryClassHost.o
 .debug_line    0x0000f7cf       0xa2 ../../LUFA-120730/LUFA/Drivers/USB/Class/Host/AudioClassHost.o
 .debug_line    0x0000f871       0xa0 ../../LUFA-120730/LUFA/Drivers/USB/Class/Host/CDCClassHost.o
 .debug_line    0x0000f911       0xa0 ../../LUFA-120730/LUFA/Drivers/USB/Class/Host/HIDClassHost.o
 .debug_line    0x0000f9b1       0xa8 ../../LUFA-120730/LUFA/Drivers/USB/Class/Host/MassStorageClassHost.o
 .debug_line    0x0000fa59       0xa1 ../../LUFA-120730/LUFA/Drivers/USB/Class/Host/MIDIClassHost.o
 .debug_line    0x0000fafa       0xa4 ../../LUFA-120730/LUFA/Drivers/USB/Class/Host/PrinterClassHost.o
 .debug_line    0x0000fb9e       0xa2 ../../LUFA-120730/LUFA/Drivers/USB/Class/Host/RNDISClassHost.o
 .debug_line    0x0000fc40       0xa7 ../../LUFA-120730/LUFA/Drivers/USB/Class/Host/StillImageClassHost.o

.debug_frame    0x00000000      0xee0
 *(.debug_frame)
 .debug_frame   0x00000000      0x13c USB2AX_Serial.o
 .debug_frame   0x0000013c       0x24 Descriptors.o
 .debug_frame   0x00000160       0x24 ../../LUFA-120730/LUFA/Drivers/USB/Core/AVR8/Device_AVR8.o
 .debug_frame   0x00000184       0x78 ../../LUFA-120730/LUFA/Drivers/USB/Core/AVR8/Endpoint_AVR8.o
 .debug_frame   0x000001fc       0x44 ../../LUFA-120730/LUFA/Drivers/USB/Core/AVR8/USBController_AVR8.o
 .debug_frame   0x00000240       0xe8 ../../LUFA-120730/LUFA/Drivers/USB/Core/AVR8/USBInterrupt_AVR8.o
 .debug_frame   0x00000328      0x40c ../../LUFA-120730/LUFA/Drivers/USB/Core/AVR8/EndpointStream_AVR8.o
 .debug_frame   0x00000734      0x108 ../../LUFA-120730/LUFA/Drivers/USB/Core/ConfigDescriptors.o
 .debug_frame   0x0000083c       0x48 ../../LUFA-120730/LUFA/Drivers/USB/Core/DeviceStandardReq.o
 .debug_frame   0x00000884       0x24 ../../LUFA-120730/LUFA/Drivers/USB/Core/Events.o
 .debug_frame   0x000008a8       0x2c ../../LUFA-120730/LUFA/Drivers/USB/Core/USBTask.o
 .debug_frame   0x000008d4      0x114 ../../LUFA-120730/LUFA/Drivers/USB/Class/Common/HIDParser.o
 .debug_frame   0x000009e8       0xb0 ../../LUFA-120730/LUFA/Drivers/USB/Class/Device/AudioClassDevice.o
 .debug_frame   0x00000a98      0x168 ../../LUFA-120730/LUFA/Drivers/USB/Class/Device/CDCClassDevice.o
 .debug_frame   0x00000c00       0xe8 ../../LUFA-120730/LUFA/Drivers/USB/Class/Device/HIDClassDevice.o
 .debug_frame   0x00000ce8       0x80 ../../LUFA-120730/LUFA/Drivers/USB/Class/Device/MassStorageClassDevice.o
 .debug_frame   0x00000d68       0x70 ../../LUFA-120730/LUFA/Drivers/USB/Class/Device/MIDIClassDevice.o
 .debug_frame   0x00000dd8      0x108 ../../LUFA-120730/LUFA/Drivers/USB/Class/Device/RNDISClassDevice.o

.debug_str      0x00000000    0x15b87
 *(.debug_str)
 .debug_str     0x00000000    0x1202a USB2AX_Serial.o
                              0x122fb (size before relaxing)
 .debug_str     0x0001202a      0x8b2 Descriptors.o
                              0x11443 (size before relaxing)
 .debug_str     0x000128dc       0x83 ../../LUFA-120730/LUFA/Drivers/USB/Core/AVR8/Device_AVR8.o
                               0xaed1 (size before relaxing)
 .debug_str     0x0001295f      0x379 ../../LUFA-120730/LUFA/Drivers/USB/Core/AVR8/Endpoint_AVR8.o
                               0xb2e3 (size before relaxing)
 .debug_str     0x00012cd8       0x39 ../../LUFA-120730/LUFA/Drivers/USB/Core/AVR8/Host_AVR8.o
                               0xa486 (size before relaxing)
 .debug_str     0x00012d11       0x39 ../../LUFA-120730/LUFA/Drivers/USB/Core/AVR8/Pipe_AVR8.o
                               0xa486 (size before relaxing)
 .debug_str     0x00012d4a      0x255 ../../LUFA-120730/LUFA/Drivers/USB/Core/AVR8/USBController_AVR8.o
                               0xb21a (size before relaxing)
 .debug_str     0x00012f9f      0x153 ../../LUFA-120730/LUFA/Drivers/USB/Core/AVR8/USBInterrupt_AVR8.o
                               0xb24e (size before relaxing)
 .debug_str     0x000130f2      0x9ca ../../LUFA-120730/LUFA/Drivers/USB/Core/AVR8/EndpointStream_AVR8.o
                               0xbc35 (size before relaxing)
 .debug_str     0x00013abc       0x3f ../../LUFA-120730/LUFA/Drivers/USB/Core/AVR8/PipeStream_AVR8.o
                               0xa48c (size before relaxing)
 .debug_str     0x00013afb      0x233 ../../LUFA-120730/LUFA/Drivers/USB/Core/ConfigDescriptors.o
                               0xb243 (size before relaxing)
 .debug_str     0x00013d2e      0x39d ../../LUFA-120730/LUFA/Drivers/USB/Core/DeviceStandardReq.o
                               0xb67a (size before relaxing)
 .debug_str     0x000140cb       0x59 ../../LUFA-120730/LUFA/Drivers/USB/Core/Events.o
                               0xa4b7 (size before relaxing)
 .debug_str     0x00014124       0x3a ../../LUFA-120730/LUFA/Drivers/USB/Core/HostStandardReq.o
                               0x1932 (size before relaxing)
 .debug_str     0x0001415e       0x68 ../../LUFA-120730/LUFA/Drivers/USB/Core/USBTask.o
                               0xb062 (size before relaxing)
 .debug_str     0x000141c6      0x4a1 ../../LUFA-120730/LUFA/Drivers/USB/Class/Common/HIDParser.o
                               0xe760 (size before relaxing)
 .debug_str     0x00014667      0x2ae ../../LUFA-120730/LUFA/Drivers/USB/Class/Device/AudioClassDevice.o
                              0x10f88 (size before relaxing)
 .debug_str     0x00014915      0x2c1 ../../LUFA-120730/LUFA/Drivers/USB/Class/Device/CDCClassDevice.o
                              0x112db (size before relaxing)
 .debug_str     0x00014bd6      0x274 ../../LUFA-120730/LUFA/Drivers/USB/Class/Device/HIDClassDevice.o
                              0x10fd8 (size before relaxing)
 .debug_str     0x00014e4a      0x295 ../../LUFA-120730/LUFA/Drivers/USB/Class/Device/MassStorageClassDevice.o
                              0x110da (size before relaxing)
 .debug_str     0x000150df      0x142 ../../LUFA-120730/LUFA/Drivers/USB/Class/Device/MIDIClassDevice.o
                              0x10f1e (size before relaxing)
 .debug_str     0x00015221      0x71c ../../LUFA-120730/LUFA/Drivers/USB/Class/Device/RNDISClassDevice.o
                              0x1163b (size before relaxing)
 .debug_str     0x0001593d       0x4a ../../LUFA-120730/LUFA/Drivers/USB/Class/Host/AndroidAccessoryClassHost.o
                               0x1942 (size before relaxing)
 .debug_str     0x00015987       0x3f ../../LUFA-120730/LUFA/Drivers/USB/Class/Host/AudioClassHost.o
                               0x1937 (size before relaxing)
 .debug_str     0x000159c6       0x3d ../../LUFA-120730/LUFA/Drivers/USB/Class/Host/CDCClassHost.o
                               0x1935 (size before relaxing)
 .debug_str     0x00015a03       0x3d ../../LUFA-120730/LUFA/Drivers/USB/Class/Host/HIDClassHost.o
                               0x1935 (size before relaxing)
 .debug_str     0x00015a40       0x45 ../../LUFA-120730/LUFA/Drivers/USB/Class/Host/MassStorageClassHost.o
                               0x193d (size before relaxing)
 .debug_str     0x00015a85       0x3e ../../LUFA-120730/LUFA/Drivers/USB/Class/Host/MIDIClassHost.o
                               0x1936 (size before relaxing)
 .debug_str     0x00015ac3       0x41 ../../LUFA-120730/LUFA/Drivers/USB/Class/Host/PrinterClassHost.o
                               0x1939 (size before relaxing)
 .debug_str     0x00015b04       0x3f ../../LUFA-120730/LUFA/Drivers/USB/Class/Host/RNDISClassHost.o
                               0x1937 (size before relaxing)
 .debug_str     0x00015b43       0x44 ../../LUFA-120730/LUFA/Drivers/USB/Class/Host/StillImageClassHost.o
                               0x193c (size before relaxing)

.debug_loc      0x00000000     0x6411
 *(.debug_loc)
 .debug_loc     0x00000000      0x430 USB2AX_Serial.o
 .debug_loc     0x00000430      0x1f0 Descriptors.o
 .debug_loc     0x00000620      0x403 ../../LUFA-120730/LUFA/Drivers/USB/Core/AVR8/Endpoint_AVR8.o
 .debug_loc     0x00000a23      0x31e ../../LUFA-120730/LUFA/Drivers/USB/Core/AVR8/USBInterrupt_AVR8.o
 .debug_loc     0x00000d41     0x20c1 ../../LUFA-120730/LUFA/Drivers/USB/Core/AVR8/EndpointStream_AVR8.o
 .debug_loc     0x00002e02      0x5bd ../../LUFA-120730/LUFA/Drivers/USB/Core/ConfigDescriptors.o
 .debug_loc     0x000033bf      0x2f0 ../../LUFA-120730/LUFA/Drivers/USB/Core/DeviceStandardReq.o
 .debug_loc     0x000036af       0x49 ../../LUFA-120730/LUFA/Drivers/USB/Core/USBTask.o
 .debug_loc     0x000036f8      0x9e9 ../../LUFA-120730/LUFA/Drivers/USB/Class/Common/HIDParser.o
 .debug_loc     0x000040e1      0x3c6 ../../LUFA-120730/LUFA/Drivers/USB/Class/Device/AudioClassDevice.o
 .debug_loc     0x000044a7      0x8c7 ../../LUFA-120730/LUFA/Drivers/USB/Class/Device/CDCClassDevice.o
 .debug_loc     0x00004d6e      0x491 ../../LUFA-120730/LUFA/Drivers/USB/Class/Device/HIDClassDevice.o
 .debug_loc     0x000051ff      0x29f ../../LUFA-120730/LUFA/Drivers/USB/Class/Device/MassStorageClassDevice.o
 .debug_loc     0x0000549e      0x2b0 ../../LUFA-120730/LUFA/Drivers/USB/Class/Device/MIDIClassDevice.o
 .debug_loc     0x0000574e      0xcc3 ../../LUFA-120730/LUFA/Drivers/USB/Class/Device/RNDISClassDevice.o

.debug_macinfo
 *(.debug_macinfo)

.debug_pubtypes
 *(.debug_pubtypes)

.debug_ranges   0x00000000      0x7a8
 *(.debug_ranges)
 .debug_ranges  0x00000000       0x70 USB2AX_Serial.o
 .debug_ranges  0x00000070       0x10 Descriptors.o
 .debug_ranges  0x00000080       0x10 ../../LUFA-120730/LUFA/Drivers/USB/Core/AVR8/Device_AVR8.o
 .debug_ranges  0x00000090       0x98 ../../LUFA-120730/LUFA/Drivers/USB/Core/AVR8/Endpoint_AVR8.o
 .debug_ranges  0x00000128       0x20 ../../LUFA-120730/LUFA/Drivers/USB/Core/AVR8/USBController_AVR8.o
 .debug_ranges  0x00000148       0x28 ../../LUFA-120730/LUFA/Drivers/USB/Core/AVR8/USBInterrupt_AVR8.o
 .debug_ranges  0x00000170      0x328 ../../LUFA-120730/LUFA/Drivers/USB/Core/AVR8/EndpointStream_AVR8.o
 .debug_ranges  0x00000498       0x30 ../../LUFA-120730/LUFA/Drivers/USB/Core/ConfigDescriptors.o
 .debug_ranges  0x000004c8       0x28 ../../LUFA-120730/LUFA/Drivers/USB/Core/DeviceStandardReq.o
 .debug_ranges  0x000004f0       0x10 ../../LUFA-120730/LUFA/Drivers/USB/Core/Events.o
 .debug_ranges  0x00000500       0x10 ../../LUFA-120730/LUFA/Drivers/USB/Core/USBTask.o
 .debug_ranges  0x00000510       0xc8 ../../LUFA-120730/LUFA/Drivers/USB/Class/Common/HIDParser.o
 .debug_ranges  0x000005d8       0x20 ../../LUFA-120730/LUFA/Drivers/USB/Class/Device/AudioClassDevice.o
 .debug_ranges  0x000005f8       0x88 ../../LUFA-120730/LUFA/Drivers/USB/Class/Device/CDCClassDevice.o
 .debug_ranges  0x00000680       0x20 ../../LUFA-120730/LUFA/Drivers/USB/Class/Device/HIDClassDevice.o
 .debug_ranges  0x000006a0       0x38 ../../LUFA-120730/LUFA/Drivers/USB/Class/Device/MassStorageClassDevice.o
 .debug_ranges  0x000006d8       0x30 ../../LUFA-120730/LUFA/Drivers/USB/Class/Device/MIDIClassDevice.o
 .debug_ranges  0x00000708       0xa0 ../../LUFA-120730/LUFA/Drivers/USB/Class/Device/RNDISClassDevice.o

.debug_macro    0x00000000     0x8c59
 *(.debug_macro)
 .debug_macro   0x00000000      0x49a USB2AX_Serial.o
 .debug_macro   0x0000049a      0x5bc USB2AX_Serial.o
 .debug_macro   0x00000a56       0x10 USB2AX_Serial.o
 .debug_macro   0x00000a66      0x1ad USB2AX_Serial.o
 .debug_macro   0x00000c13      0x293 USB2AX_Serial.o
 .debug_macro   0x00000ea6       0x9e USB2AX_Serial.o
 .debug_macro   0x00000f44     0x1583 USB2AX_Serial.o
 .debug_macro   0x000024c7      0x13a USB2AX_Serial.o
 .debug_macro   0x00002601       0xcb USB2AX_Serial.o
 .debug_macro   0x000026cc       0x34 USB2AX_Serial.o
 .debug_macro   0x00002700       0x18 USB2AX_Serial.o
 .debug_macro   0x00002718       0x6c USB2AX_Serial.o
 .debug_macro   0x00002784       0x76 USB2AX_Serial.o
 .debug_macro   0x000027fa       0x69 USB2AX_Serial.o
 .debug_macro   0x00002863       0x65 USB2AX_Serial.o
 .debug_macro   0x000028c8       0x10 USB2AX_Serial.o
 .debug_macro   0x000028d8       0x89 USB2AX_Serial.o
 .debug_macro   0x00002961       0xe0 USB2AX_Serial.o
 .debug_macro   0x00002a41       0x12 USB2AX_Serial.o
 .debug_macro   0x00002a53       0x10 USB2AX_Serial.o
 .debug_macro   0x00002a63       0x22 USB2AX_Serial.o
 .debug_macro   0x00002a85       0x16 USB2AX_Serial.o
 .debug_macro   0x00002a9b       0x20 USB2AX_Serial.o
 .debug_macro   0x00002abb       0xf5 USB2AX_Serial.o
 .debug_macro   0x00002bb0       0x22 USB2AX_Serial.o
 .debug_macro   0x00002bd2      0x161 USB2AX_Serial.o
 .debug_macro   0x00002d33       0x36 USB2AX_Serial.o
 .debug_macro   0x00002d69       0x1c USB2AX_Serial.o
 .debug_macro   0x00002d85       0x68 USB2AX_Serial.o
 .debug_macro   0x00002ded       0x34 USB2AX_Serial.o
 .debug_macro   0x00002e21       0x87 USB2AX_Serial.o
 .debug_macro   0x00002ea8       0x35 USB2AX_Serial.o
 .debug_macro   0x00002edd      0x10c USB2AX_Serial.o
 .debug_macro   0x00002fe9      0x160 USB2AX_Serial.o
 .debug_macro   0x00003149      0x167 USB2AX_Serial.o
 .debug_macro   0x000032b0       0x10 USB2AX_Serial.o
 .debug_macro   0x000032c0       0x1c USB2AX_Serial.o
 .debug_macro   0x000032dc       0x86 USB2AX_Serial.o
 .debug_macro   0x00003362       0x2e USB2AX_Serial.o
 .debug_macro   0x00003390       0x26 USB2AX_Serial.o
 .debug_macro   0x000033b6       0x4d USB2AX_Serial.o
 .debug_macro   0x00003403       0x81 USB2AX_Serial.o
 .debug_macro   0x00003484       0x16 USB2AX_Serial.o
 .debug_macro   0x0000349a       0x12 USB2AX_Serial.o
 .debug_macro   0x000034ac       0x1c USB2AX_Serial.o
 .debug_macro   0x000034c8       0x64 USB2AX_Serial.o
 .debug_macro   0x0000352c       0x3a USB2AX_Serial.o
 .debug_macro   0x00003566       0x20 USB2AX_Serial.o
 .debug_macro   0x00003586       0x10 USB2AX_Serial.o
 .debug_macro   0x00003596       0x1c USB2AX_Serial.o
 .debug_macro   0x000035b2       0x16 USB2AX_Serial.o
 .debug_macro   0x000035c8       0x16 USB2AX_Serial.o
 .debug_macro   0x000035de      0x12c USB2AX_Serial.o
 .debug_macro   0x0000370a       0x16 USB2AX_Serial.o
 .debug_macro   0x00003720       0x46 USB2AX_Serial.o
 .debug_macro   0x00003766       0x58 USB2AX_Serial.o
 .debug_macro   0x000037be       0x10 USB2AX_Serial.o
 .debug_macro   0x000037ce       0x35 USB2AX_Serial.o
 .debug_macro   0x00003803       0xeb USB2AX_Serial.o
 .debug_macro   0x000038ee       0x16 USB2AX_Serial.o
 .debug_macro   0x00003904      0x154 USB2AX_Serial.o
 .debug_macro   0x00003a58       0x2a USB2AX_Serial.o
 .debug_macro   0x00003a82      0x647 USB2AX_Serial.o
 .debug_macro   0x000040c9       0x16 USB2AX_Serial.o
 .debug_macro   0x000040df      0x12b USB2AX_Serial.o
 .debug_macro   0x0000420a       0x16 USB2AX_Serial.o
 .debug_macro   0x00004220       0x10 USB2AX_Serial.o
 .debug_macro   0x00004230       0x22 USB2AX_Serial.o
 .debug_macro   0x00004252       0x16 USB2AX_Serial.o
 .debug_macro   0x00004268       0x16 USB2AX_Serial.o
 .debug_macro   0x0000427e       0x10 USB2AX_Serial.o
 .debug_macro   0x0000428e      0x1c5 USB2AX_Serial.o
 .debug_macro   0x00004453       0x16 USB2AX_Serial.o
 .debug_macro   0x00004469       0x22 USB2AX_Serial.o
 .debug_macro   0x0000448b       0x10 USB2AX_Serial.o
 .debug_macro   0x0000449b       0x28 USB2AX_Serial.o
 .debug_macro   0x000044c3       0x12 USB2AX_Serial.o
 .debug_macro   0x000044d5       0x10 USB2AX_Serial.o
 .debug_macro   0x000044e5      0x10e USB2AX_Serial.o
 .debug_macro   0x000045f3       0x10 USB2AX_Serial.o
 .debug_macro   0x00004603       0x34 USB2AX_Serial.o
 .debug_macro   0x00004637      0x417 Descriptors.o
 .debug_macro   0x00004a4e       0xaa Descriptors.o
 .debug_macro   0x00004af8      0x295 ../../LUFA-120730/LUFA/Drivers/USB/Core/AVR8/Device_AVR8.o
 .debug_macro   0x00004d8d       0x97 ../../LUFA-120730/LUFA/Drivers/USB/Core/AVR8/Device_AVR8.o
 .debug_macro   0x00004e24       0x16 ../../LUFA-120730/LUFA/Drivers/USB/Core/AVR8/Device_AVR8.o
 .debug_macro   0x00004e3a      0x299 ../../LUFA-120730/LUFA/Drivers/USB/Core/AVR8/Device_AVR8.o
 .debug_macro   0x000050d3       0xd4 ../../LUFA-120730/LUFA/Drivers/USB/Core/AVR8/Device_AVR8.o
 .debug_macro   0x000051a7       0x47 ../../LUFA-120730/LUFA/Drivers/USB/Core/AVR8/Device_AVR8.o
 .debug_macro   0x000051ee      0x29d ../../LUFA-120730/LUFA/Drivers/USB/Core/AVR8/Endpoint_AVR8.o
 .debug_macro   0x0000548b       0x10 ../../LUFA-120730/LUFA/Drivers/USB/Core/AVR8/Endpoint_AVR8.o
 .debug_macro   0x0000549b      0x172 ../../LUFA-120730/LUFA/Drivers/USB/Core/AVR8/Host_AVR8.o
 .debug_macro   0x0000560d      0x172 ../../LUFA-120730/LUFA/Drivers/USB/Core/AVR8/Pipe_AVR8.o
 .debug_macro   0x0000577f      0x275 ../../LUFA-120730/LUFA/Drivers/USB/Core/AVR8/USBController_AVR8.o
 .debug_macro   0x000059f4       0x87 ../../LUFA-120730/LUFA/Drivers/USB/Core/AVR8/USBController_AVR8.o
 .debug_macro   0x00005a7b      0x27d ../../LUFA-120730/LUFA/Drivers/USB/Core/AVR8/USBInterrupt_AVR8.o
 .debug_macro   0x00005cf8      0x606 ../../LUFA-120730/LUFA/Drivers/USB/Core/AVR8/EndpointStream_AVR8.o
 .debug_macro   0x000062fe       0x28 ../../LUFA-120730/LUFA/Drivers/USB/Core/AVR8/EndpointStream_AVR8.o
 .debug_macro   0x00006326       0x1c ../../LUFA-120730/LUFA/Drivers/USB/Core/AVR8/EndpointStream_AVR8.o
 .debug_macro   0x00006342       0x1c ../../LUFA-120730/LUFA/Drivers/USB/Core/AVR8/EndpointStream_AVR8.o
 .debug_macro   0x0000635e      0x172 ../../LUFA-120730/LUFA/Drivers/USB/Core/AVR8/PipeStream_AVR8.o
 .debug_macro   0x000064d0      0x28c ../../LUFA-120730/LUFA/Drivers/USB/Core/ConfigDescriptors.o
 .debug_macro   0x0000675c      0x275 ../../LUFA-120730/LUFA/Drivers/USB/Core/DeviceStandardReq.o
 .debug_macro   0x000069d1       0x18 ../../LUFA-120730/LUFA/Drivers/USB/Core/DeviceStandardReq.o
 .debug_macro   0x000069e9      0x182 ../../LUFA-120730/LUFA/Drivers/USB/Core/Events.o
 .debug_macro   0x00006b6b       0x20 ../../LUFA-120730/LUFA/Drivers/USB/Core/HostStandardReq.o
 .debug_macro   0x00006b8b      0x281 ../../LUFA-120730/LUFA/Drivers/USB/Core/USBTask.o
 .debug_macro   0x00006e0c      0x1c0 ../../LUFA-120730/LUFA/Drivers/USB/Class/Common/HIDParser.o
 .debug_macro   0x00006fcc      0x420 ../../LUFA-120730/LUFA/Drivers/USB/Class/Device/AudioClassDevice.o
 .debug_macro   0x000073ec       0x40 ../../LUFA-120730/LUFA/Drivers/USB/Class/Device/AudioClassDevice.o
 .debug_macro   0x0000742c      0x132 ../../LUFA-120730/LUFA/Drivers/USB/Class/Device/AudioClassDevice.o
 .debug_macro   0x0000755e      0x420 ../../LUFA-120730/LUFA/Drivers/USB/Class/Device/CDCClassDevice.o
 .debug_macro   0x0000797e      0x424 ../../LUFA-120730/LUFA/Drivers/USB/Class/Device/HIDClassDevice.o
 .debug_macro   0x00007da2      0x42a ../../LUFA-120730/LUFA/Drivers/USB/Class/Device/MassStorageClassDevice.o
 .debug_macro   0x000081cc      0x125 ../../LUFA-120730/LUFA/Drivers/USB/Class/Device/MassStorageClassDevice.o
 .debug_macro   0x000082f1      0x424 ../../LUFA-120730/LUFA/Drivers/USB/Class/Device/MIDIClassDevice.o
 .debug_macro   0x00008715      0x424 ../../LUFA-120730/LUFA/Drivers/USB/Class/Device/RNDISClassDevice.o
 .debug_macro   0x00008b39       0x20 ../../LUFA-120730/LUFA/Drivers/USB/Class/Host/AndroidAccessoryClassHost.o
 .debug_macro   0x00008b59       0x20 ../../LUFA-120730/LUFA/Drivers/USB/Class/Host/AudioClassHost.o
 .debug_macro   0x00008b79       0x20 ../../LUFA-120730/LUFA/Drivers/USB/Class/Host/CDCClassHost.o
 .debug_macro   0x00008b99       0x20 ../../LUFA-120730/LUFA/Drivers/USB/Class/Host/HIDClassHost.o
 .debug_macro   0x00008bb9       0x20 ../../LUFA-120730/LUFA/Drivers/USB/Class/Host/MassStorageClassHost.o
 .debug_macro   0x00008bd9       0x20 ../../LUFA-120730/LUFA/Drivers/USB/Class/Host/MIDIClassHost.o
 .debug_macro   0x00008bf9       0x20 ../../LUFA-120730/LUFA/Drivers/USB/Class/Host/PrinterClassHost.o
 .debug_macro   0x00008c19       0x20 ../../LUFA-120730/LUFA/Drivers/USB/Class/Host/RNDISClassHost.o
 .debug_macro   0x00008c39       0x20 ../../LUFA-120730/LUFA/Drivers/USB/Class/Host/StillImageClassHost.o
OUTPUT(USB2AX_Serial.elf elf32-avr)
LOAD linker stubs

Cross Reference Table

Symbol                                            File
Audio_Device_ConfigureEndpoints                   ../../LUFA-120730/LUFA/Drivers/USB/Class/Device/AudioClassDevice.o
Audio_Device_Event_Stub                           ../../LUFA-120730/LUFA/Drivers/USB/Class/Device/AudioClassDevice.o
Audio_Device_ProcessControlRequest                ../../LUFA-120730/LUFA/Drivers/USB/Class/Device/AudioClassDevice.o
CALLBACK_Audio_Device_GetSetEndpointProperty      ../../LUFA-120730/LUFA/Drivers/USB/Class/Device/AudioClassDevice.o
CALLBACK_Audio_Device_GetSetInterfaceProperty     ../../LUFA-120730/LUFA/Drivers/USB/Class/Device/AudioClassDevice.o
CALLBACK_HIDParser_FilterHIDReportItem            ../../LUFA-120730/LUFA/Drivers/USB/Class/Common/HIDParser.o
CALLBACK_HID_Device_CreateHIDReport               ../../LUFA-120730/LUFA/Drivers/USB/Class/Device/HIDClassDevice.o
CALLBACK_HID_Device_ProcessHIDReport              ../../LUFA-120730/LUFA/Drivers/USB/Class/Device/HIDClassDevice.o
CALLBACK_MS_Device_SCSICommandReceived            ../../LUFA-120730/LUFA/Drivers/USB/Class/Device/MassStorageClassDevice.o
CALLBACK_USB_GetDescriptor                        Descriptors.o
                                                  ../../LUFA-120730/LUFA/Drivers/USB/Core/DeviceStandardReq.o
CDC_Device_BytesReceived                          ../../LUFA-120730/LUFA/Drivers/USB/Class/Device/CDCClassDevice.o
CDC_Device_ConfigureEndpoints                     ../../LUFA-120730/LUFA/Drivers/USB/Class/Device/CDCClassDevice.o
                                                  USB2AX_Serial.o
CDC_Device_CreateBlockingStream                   ../../LUFA-120730/LUFA/Drivers/USB/Class/Device/CDCClassDevice.o
CDC_Device_CreateStream                           ../../LUFA-120730/LUFA/Drivers/USB/Class/Device/CDCClassDevice.o
CDC_Device_Event_Stub                             ../../LUFA-120730/LUFA/Drivers/USB/Class/Device/CDCClassDevice.o
CDC_Device_Flush                                  ../../LUFA-120730/LUFA/Drivers/USB/Class/Device/CDCClassDevice.o
CDC_Device_ProcessControlRequest                  ../../LUFA-120730/LUFA/Drivers/USB/Class/Device/CDCClassDevice.o
                                                  USB2AX_Serial.o
CDC_Device_ReceiveByte                            ../../LUFA-120730/LUFA/Drivers/USB/Class/Device/CDCClassDevice.o
                                                  USB2AX_Serial.o
CDC_Device_SendByte                               ../../LUFA-120730/LUFA/Drivers/USB/Class/Device/CDCClassDevice.o
CDC_Device_SendControlLineStateChange             ../../LUFA-120730/LUFA/Drivers/USB/Class/Device/CDCClassDevice.o
CDC_Device_SendData                               ../../LUFA-120730/LUFA/Drivers/USB/Class/Device/CDCClassDevice.o
CDC_Device_SendString                             ../../LUFA-120730/LUFA/Drivers/USB/Class/Device/CDCClassDevice.o
CDC_Device_USBTask                                ../../LUFA-120730/LUFA/Drivers/USB/Class/Device/CDCClassDevice.o
ConfigurationDescriptor                           Descriptors.o
DeviceDescriptor                                  Descriptors.o
EVENT_Audio_Device_StreamStartStop                ../../LUFA-120730/LUFA/Drivers/USB/Class/Device/AudioClassDevice.o
EVENT_CDC_Device_BreakSent                        ../../LUFA-120730/LUFA/Drivers/USB/Class/Device/CDCClassDevice.o
EVENT_CDC_Device_ControLineStateChanged           ../../LUFA-120730/LUFA/Drivers/USB/Class/Device/CDCClassDevice.o
EVENT_CDC_Device_LineEncodingChanged              USB2AX_Serial.o
EVENT_USB_Device_ConfigurationChanged             USB2AX_Serial.o
                                                  ../../LUFA-120730/LUFA/Drivers/USB/Core/DeviceStandardReq.o
EVENT_USB_Device_Connect                          USB2AX_Serial.o
                                                  ../../LUFA-120730/LUFA/Drivers/USB/Core/AVR8/USBInterrupt_AVR8.o
EVENT_USB_Device_ControlRequest                   USB2AX_Serial.o
                                                  ../../LUFA-120730/LUFA/Drivers/USB/Core/DeviceStandardReq.o
EVENT_USB_Device_Disconnect                       USB2AX_Serial.o
                                                  ../../LUFA-120730/LUFA/Drivers/USB/Core/AVR8/USBInterrupt_AVR8.o
EVENT_USB_Device_Reset                            ../../LUFA-120730/LUFA/Drivers/USB/Core/Events.o
                                                  ../../LUFA-120730/LUFA/Drivers/USB/Core/AVR8/USBInterrupt_AVR8.o
EVENT_USB_Device_StartOfFrame                     ../../LUFA-120730/LUFA/Drivers/USB/Core/Events.o
                                                  ../../LUFA-120730/LUFA/Drivers/USB/Core/AVR8/USBInterrupt_AVR8.o
EVENT_USB_Device_Suspend                          ../../LUFA-120730/LUFA/Drivers/USB/Core/Events.o
EVENT_USB_Device_WakeUp                           ../../LUFA-120730/LUFA/Drivers/USB/Core/Events.o
Endpoint_ClearEndpoints                           ../../LUFA-120730/LUFA/Drivers/USB/Core/AVR8/Endpoint_AVR8.o
Endpoint_ClearStatusStage                         ../../LUFA-120730/LUFA/Drivers/USB/Core/AVR8/Endpoint_AVR8.o
                                                  ../../LUFA-120730/LUFA/Drivers/USB/Class/Device/MassStorageClassDevice.o
                                                  ../../LUFA-120730/LUFA/Drivers/USB/Class/Device/HIDClassDevice.o
                                                  ../../LUFA-120730/LUFA/Drivers/USB/Class/Device/CDCClassDevice.o
                                                  ../../LUFA-120730/LUFA/Drivers/USB/Class/Device/AudioClassDevice.o
                                                  ../../LUFA-120730/LUFA/Drivers/USB/Core/DeviceStandardReq.o
Endpoint_ConfigureEndpointTable                   ../../LUFA-120730/LUFA/Drivers/USB/Core/AVR8/Endpoint_AVR8.o
                                                  ../../LUFA-120730/LUFA/Drivers/USB/Class/Device/RNDISClassDevice.o
                                                  ../../LUFA-120730/LUFA/Drivers/USB/Class/Device/MIDIClassDevice.o
                                                  ../../LUFA-120730/LUFA/Drivers/USB/Class/Device/MassStorageClassDevice.o
                                                  ../../LUFA-120730/LUFA/Drivers/USB/Class/Device/HIDClassDevice.o
                                                  ../../LUFA-120730/LUFA/Drivers/USB/Class/Device/CDCClassDevice.o
                                                  ../../LUFA-120730/LUFA/Drivers/USB/Class/Device/AudioClassDevice.o
Endpoint_ConfigureEndpoint_Prv                    ../../LUFA-120730/LUFA/Drivers/USB/Core/AVR8/Endpoint_AVR8.o
                                                  ../../LUFA-120730/LUFA/Drivers/USB/Core/AVR8/USBInterrupt_AVR8.o
                                                  ../../LUFA-120730/LUFA/Drivers/USB/Core/AVR8/USBController_AVR8.o
Endpoint_Discard_Stream                           ../../LUFA-120730/LUFA/Drivers/USB/Core/AVR8/EndpointStream_AVR8.o
Endpoint_Null_Stream                              ../../LUFA-120730/LUFA/Drivers/USB/Core/AVR8/EndpointStream_AVR8.o
Endpoint_Read_Control_EStream_BE                  ../../LUFA-120730/LUFA/Drivers/USB/Core/AVR8/EndpointStream_AVR8.o
Endpoint_Read_Control_EStream_LE                  ../../LUFA-120730/LUFA/Drivers/USB/Core/AVR8/EndpointStream_AVR8.o
Endpoint_Read_Control_Stream_BE                   ../../LUFA-120730/LUFA/Drivers/USB/Core/AVR8/EndpointStream_AVR8.o
Endpoint_Read_Control_Stream_LE                   ../../LUFA-120730/LUFA/Drivers/USB/Core/AVR8/EndpointStream_AVR8.o
                                                  ../../LUFA-120730/LUFA/Drivers/USB/Class/Device/RNDISClassDevice.o
                                                  ../../LUFA-120730/LUFA/Drivers/USB/Class/Device/HIDClassDevice.o
                                                  ../../LUFA-120730/LUFA/Drivers/USB/Class/Device/AudioClassDevice.o
Endpoint_Read_EStream_BE                          ../../LUFA-120730/LUFA/Drivers/USB/Core/AVR8/EndpointStream_AVR8.o
Endpoint_Read_EStream_LE                          ../../LUFA-120730/LUFA/Drivers/USB/Core/AVR8/EndpointStream_AVR8.o
Endpoint_Read_Stream_BE                           ../../LUFA-120730/LUFA/Drivers/USB/Core/AVR8/EndpointStream_AVR8.o
Endpoint_Read_Stream_LE                           ../../LUFA-120730/LUFA/Drivers/USB/Core/AVR8/EndpointStream_AVR8.o
                                                  ../../LUFA-120730/LUFA/Drivers/USB/Class/Device/RNDISClassDevice.o
                                                  ../../LUFA-120730/LUFA/Drivers/USB/Class/Device/MIDIClassDevice.o
                                                  ../../LUFA-120730/LUFA/Drivers/USB/Class/Device/MassStorageClassDevice.o
Endpoint_WaitUntilReady                           ../../LUFA-120730/LUFA/Drivers/USB/Core/AVR8/Endpoint_AVR8.o
                                                  ../../LUFA-120730/LUFA/Drivers/USB/Class/Device/RNDISClassDevice.o
                                                  ../../LUFA-120730/LUFA/Drivers/USB/Class/Device/MIDIClassDevice.o
                                                  ../../LUFA-120730/LUFA/Drivers/USB/Class/Device/CDCClassDevice.o
                                                  ../../LUFA-120730/LUFA/Drivers/USB/Core/AVR8/EndpointStream_AVR8.o
Endpoint_Write_Control_EStream_BE                 ../../LUFA-120730/LUFA/Drivers/USB/Core/AVR8/EndpointStream_AVR8.o
Endpoint_Write_Control_EStream_LE                 ../../LUFA-120730/LUFA/Drivers/USB/Core/AVR8/EndpointStream_AVR8.o
Endpoint_Write_Control_PStream_BE                 ../../LUFA-120730/LUFA/Drivers/USB/Core/AVR8/EndpointStream_AVR8.o
Endpoint_Write_Control_PStream_LE                 ../../LUFA-120730/LUFA/Drivers/USB/Core/AVR8/EndpointStream_AVR8.o
                                                  ../../LUFA-120730/LUFA/Drivers/USB/Core/DeviceStandardReq.o
Endpoint_Write_Control_Stream_BE                  ../../LUFA-120730/LUFA/Drivers/USB/Core/AVR8/EndpointStream_AVR8.o
Endpoint_Write_Control_Stream_LE                  ../../LUFA-120730/LUFA/Drivers/USB/Core/AVR8/EndpointStream_AVR8.o
                                                  ../../LUFA-120730/LUFA/Drivers/USB/Class/Device/RNDISClassDevice.o
                                                  ../../LUFA-120730/LUFA/Drivers/USB/Class/Device/HIDClassDevice.o
                                                  ../../LUFA-120730/LUFA/Drivers/USB/Class/Device/AudioClassDevice.o
                                                  ../../LUFA-120730/LUFA/Drivers/USB/Core/DeviceStandardReq.o
Endpoint_Write_EStream_BE                         ../../LUFA-120730/LUFA/Drivers/USB/Core/AVR8/EndpointStream_AVR8.o
Endpoint_Write_EStream_LE                         ../../LUFA-120730/LUFA/Drivers/USB/Core/AVR8/EndpointStream_AVR8.o
Endpoint_Write_PStream_BE                         ../../LUFA-120730/LUFA/Drivers/USB/Core/AVR8/EndpointStream_AVR8.o
Endpoint_Write_PStream_LE                         ../../LUFA-120730/LUFA/Drivers/USB/Core/AVR8/EndpointStream_AVR8.o
Endpoint_Write_Stream_BE                          ../../LUFA-120730/LUFA/Drivers/USB/Core/AVR8/EndpointStream_AVR8.o
Endpoint_Write_Stream_LE                          ../../LUFA-120730/LUFA/Drivers/USB/Core/AVR8/EndpointStream_AVR8.o
                                                  ../../LUFA-120730/LUFA/Drivers/USB/Class/Device/RNDISClassDevice.o
                                                  ../../LUFA-120730/LUFA/Drivers/USB/Class/Device/MIDIClassDevice.o
                                                  ../../LUFA-120730/LUFA/Drivers/USB/Class/Device/MassStorageClassDevice.o
                                                  ../../LUFA-120730/LUFA/Drivers/USB/Class/Device/HIDClassDevice.o
                                                  ../../LUFA-120730/LUFA/Drivers/USB/Class/Device/CDCClassDevice.o
HID_Device_ConfigureEndpoints                     ../../LUFA-120730/LUFA/Drivers/USB/Class/Device/HIDClassDevice.o
HID_Device_ProcessControlRequest                  ../../LUFA-120730/LUFA/Drivers/USB/Class/Device/HIDClassDevice.o
HID_Device_USBTask                                ../../LUFA-120730/LUFA/Drivers/USB/Class/Device/HIDClassDevice.o
LanguageString                                    Descriptors.o
MIDI_Device_ConfigureEndpoints                    ../../LUFA-120730/LUFA/Drivers/USB/Class/Device/MIDIClassDevice.o
MIDI_Device_Flush                                 ../../LUFA-120730/LUFA/Drivers/USB/Class/Device/MIDIClassDevice.o
MIDI_Device_ReceiveEventPacket                    ../../LUFA-120730/LUFA/Drivers/USB/Class/Device/MIDIClassDevice.o
MIDI_Device_SendEventPacket                       ../../LUFA-120730/LUFA/Drivers/USB/Class/Device/MIDIClassDevice.o
MIDI_Device_USBTask                               ../../LUFA-120730/LUFA/Drivers/USB/Class/Device/MIDIClassDevice.o
MS_Device_ConfigureEndpoints                      ../../LUFA-120730/LUFA/Drivers/USB/Class/Device/MassStorageClassDevice.o
MS_Device_ProcessControlRequest                   ../../LUFA-120730/LUFA/Drivers/USB/Class/Device/MassStorageClassDevice.o
MS_Device_USBTask                                 ../../LUFA-120730/LUFA/Drivers/USB/Class/Device/MassStorageClassDevice.o
ManufacturerString                                Descriptors.o
ProductString                                     Descriptors.o
RNDIS_Device_ConfigureEndpoints                   ../../LUFA-120730/LUFA/Drivers/USB/Class/Device/RNDISClassDevice.o
RNDIS_Device_IsPacketReceived                     ../../LUFA-120730/LUFA/Drivers/USB/Class/Device/RNDISClassDevice.o
RNDIS_Device_ProcessControlRequest                ../../LUFA-120730/LUFA/Drivers/USB/Class/Device/RNDISClassDevice.o
RNDIS_Device_ReadPacket                           ../../LUFA-120730/LUFA/Drivers/USB/Class/Device/RNDISClassDevice.o
RNDIS_Device_SendPacket                           ../../LUFA-120730/LUFA/Drivers/USB/Class/Device/RNDISClassDevice.o
RNDIS_Device_USBTask                              ../../LUFA-120730/LUFA/Drivers/USB/Class/Device/RNDISClassDevice.o
SetupHardware                                     USB2AX_Serial.o
USB_ControlRequest                                ../../LUFA-120730/LUFA/Drivers/USB/Class/Device/RNDISClassDevice.o
                                                  ../../LUFA-120730/LUFA/Drivers/USB/Class/Device/MassStorageClassDevice.o
                                                  ../../LUFA-120730/LUFA/Drivers/USB/Class/Device/HIDClassDevice.o
                                                  ../../LUFA-120730/LUFA/Drivers/USB/Class/Device/CDCClassDevice.o
                                                  ../../LUFA-120730/LUFA/Drivers/USB/Class/Device/AudioClassDevice.o
                                                  ../../LUFA-120730/LUFA/Drivers/USB/Core/USBTask.o
                                                  ../../LUFA-120730/LUFA/Drivers/USB/Core/DeviceStandardReq.o
                                                  ../../LUFA-120730/LUFA/Drivers/USB/Core/AVR8/EndpointStream_AVR8.o
                                                  ../../LUFA-120730/LUFA/Drivers/USB/Core/AVR8/Endpoint_AVR8.o
USB_Device_ConfigurationNumber                    ../../LUFA-120730/LUFA/Drivers/USB/Core/DeviceStandardReq.o
                                                  ../../LUFA-120730/LUFA/Drivers/USB/Core/AVR8/USBInterrupt_AVR8.o
                                                  ../../LUFA-120730/LUFA/Drivers/USB/Core/AVR8/USBController_AVR8.o
USB_Device_CurrentlySelfPowered                   ../../LUFA-120730/LUFA/Drivers/USB/Core/DeviceStandardReq.o
                                                  ../../LUFA-120730/LUFA/Drivers/USB/Core/AVR8/USBController_AVR8.o
USB_Device_ProcessControlRequest                  ../../LUFA-120730/LUFA/Drivers/USB/Core/DeviceStandardReq.o
                                                  ../../LUFA-120730/LUFA/Drivers/USB/Core/USBTask.o
                                                  ../../LUFA-120730/LUFA/Drivers/USB/Core/AVR8/USBInterrupt_AVR8.o
USB_Device_RemoteWakeupEnabled                    ../../LUFA-120730/LUFA/Drivers/USB/Core/DeviceStandardReq.o
                                                  ../../LUFA-120730/LUFA/Drivers/USB/Core/AVR8/USBController_AVR8.o
USB_Device_SendRemoteWakeup                       ../../LUFA-120730/LUFA/Drivers/USB/Core/AVR8/Device_AVR8.o
USB_Disable                                       ../../LUFA-120730/LUFA/Drivers/USB/Core/AVR8/USBController_AVR8.o
USB_Event_Stub                                    ../../LUFA-120730/LUFA/Drivers/USB/Core/Events.o
USB_GetHIDReportItemInfo                          ../../LUFA-120730/LUFA/Drivers/USB/Class/Common/HIDParser.o
USB_GetHIDReportSize                              ../../LUFA-120730/LUFA/Drivers/USB/Class/Common/HIDParser.o
USB_GetNextDescriptorComp                         ../../LUFA-120730/LUFA/Drivers/USB/Core/ConfigDescriptors.o
USB_GetNextDescriptorOfType                       ../../LUFA-120730/LUFA/Drivers/USB/Core/ConfigDescriptors.o
USB_GetNextDescriptorOfTypeAfter                  ../../LUFA-120730/LUFA/Drivers/USB/Core/ConfigDescriptors.o
USB_GetNextDescriptorOfTypeBefore                 ../../LUFA-120730/LUFA/Drivers/USB/Core/ConfigDescriptors.o
USB_INT_ClearAllInterrupts                        ../../LUFA-120730/LUFA/Drivers/USB/Core/AVR8/USBInterrupt_AVR8.o
                                                  ../../LUFA-120730/LUFA/Drivers/USB/Core/AVR8/USBController_AVR8.o
USB_INT_DisableAllInterrupts                      ../../LUFA-120730/LUFA/Drivers/USB/Core/AVR8/USBInterrupt_AVR8.o
                                                  ../../LUFA-120730/LUFA/Drivers/USB/Core/AVR8/USBController_AVR8.o
USB_Init                                          ../../LUFA-120730/LUFA/Drivers/USB/Core/AVR8/USBController_AVR8.o
                                                  USB2AX_Serial.o
USB_IsInitialized                                 ../../LUFA-120730/LUFA/Drivers/USB/Core/USBTask.o
                                                  ../../LUFA-120730/LUFA/Drivers/USB/Core/AVR8/USBController_AVR8.o
USB_ProcessHIDReport                              ../../LUFA-120730/LUFA/Drivers/USB/Class/Common/HIDParser.o
USB_ResetInterface                                ../../LUFA-120730/LUFA/Drivers/USB/Core/AVR8/USBController_AVR8.o
USB_SetHIDReportItemInfo                          ../../LUFA-120730/LUFA/Drivers/USB/Class/Common/HIDParser.o
USB_USBTask                                       ../../LUFA-120730/LUFA/Drivers/USB/Core/USBTask.o
                                                  ../../LUFA-120730/LUFA/Drivers/USB/Class/Device/CDCClassDevice.o
                                                  USB2AX_Serial.o
VirtualSerial_CDC_Interface                       USB2AX_Serial.o
__bad_interrupt                                   c:/program files (x86)/atmel/atmel toolchain/avr8 gcc/native/3.4.2.1002/avr8-gnu-toolchain/bin/../lib/gcc/avr/4.7.2/../../../../avr/lib/avr35/crtm32u2.o
__bss_end                                         c:/program files (x86)/atmel/atmel toolchain/avr8 gcc/native/3.4.2.1002/avr8-gnu-toolchain/bin/../lib/gcc/avr/4.7.2/avr35\libgcc.a(_clear_bss.o)
__bss_start                                       c:/program files (x86)/atmel/atmel toolchain/avr8 gcc/native/3.4.2.1002/avr8-gnu-toolchain/bin/../lib/gcc/avr/4.7.2/avr35\libgcc.a(_clear_bss.o)
__data_end                                        c:/program files (x86)/atmel/atmel toolchain/avr8 gcc/native/3.4.2.1002/avr8-gnu-toolchain/bin/../lib/gcc/avr/4.7.2/avr35\libgcc.a(_copy_data.o)
__data_load_start                                 c:/program files (x86)/atmel/atmel toolchain/avr8 gcc/native/3.4.2.1002/avr8-gnu-toolchain/bin/../lib/gcc/avr/4.7.2/avr35\libgcc.a(_copy_data.o)
__data_start                                      c:/program files (x86)/atmel/atmel toolchain/avr8 gcc/native/3.4.2.1002/avr8-gnu-toolchain/bin/../lib/gcc/avr/4.7.2/avr35\libgcc.a(_copy_data.o)
__do_clear_bss                                    c:/program files (x86)/atmel/atmel toolchain/avr8 gcc/native/3.4.2.1002/avr8-gnu-toolchain/bin/../lib/gcc/avr/4.7.2/avr35\libgcc.a(_clear_bss.o)
                                                  ../../LUFA-120730/LUFA/Drivers/USB/Core/USBTask.o
                                                  ../../LUFA-120730/LUFA/Drivers/USB/Core/DeviceStandardReq.o
                                                  USB2AX_Serial.o
__do_copy_data                                    c:/program files (x86)/atmel/atmel toolchain/avr8 gcc/native/3.4.2.1002/avr8-gnu-toolchain/bin/../lib/gcc/avr/4.7.2/avr35\libgcc.a(_copy_data.o)
                                                  ../../LUFA-120730/LUFA/Drivers/USB/Class/Device/RNDISClassDevice.o
                                                  ../../LUFA-120730/LUFA/Drivers/USB/Class/Device/CDCClassDevice.o
                                                  USB2AX_Serial.o
__eerd_byte_m32u2                                 c:/program files (x86)/atmel/atmel toolchain/avr8 gcc/native/3.4.2.1002/avr8-gnu-toolchain/bin/../lib/gcc/avr/4.7.2/../../../../avr/lib/avr35\libc.a(eerd_byte_atmega32u2.o)
                                                  ../../LUFA-120730/LUFA/Drivers/USB/Core/AVR8/EndpointStream_AVR8.o
__eeupd_byte_m32u2                                c:/program files (x86)/atmel/atmel toolchain/avr8 gcc/native/3.4.2.1002/avr8-gnu-toolchain/bin/../lib/gcc/avr/4.7.2/../../../../avr/lib/avr35\libc.a(eeupd_byte_atmega32u2.o)
                                                  ../../LUFA-120730/LUFA/Drivers/USB/Core/AVR8/EndpointStream_AVR8.o
__eeupd_r18_m32u2                                 c:/program files (x86)/atmel/atmel toolchain/avr8 gcc/native/3.4.2.1002/avr8-gnu-toolchain/bin/../lib/gcc/avr/4.7.2/../../../../avr/lib/avr35\libc.a(eeupd_byte_atmega32u2.o)
__heap_end                                        c:/program files (x86)/atmel/atmel toolchain/avr8 gcc/native/3.4.2.1002/avr8-gnu-toolchain/bin/../lib/gcc/avr/4.7.2/../../../../avr/lib/avr35/crtm32u2.o
__init                                            c:/program files (x86)/atmel/atmel toolchain/avr8 gcc/native/3.4.2.1002/avr8-gnu-toolchain/bin/../lib/gcc/avr/4.7.2/../../../../avr/lib/avr35/crtm32u2.o
__mulhi3                                          c:/program files (x86)/atmel/atmel toolchain/avr8 gcc/native/3.4.2.1002/avr8-gnu-toolchain/bin/../lib/gcc/avr/4.7.2/avr35\libgcc.a(_mulhi3.o)
                                                  ../../LUFA-120730/LUFA/Drivers/USB/Class/Common/HIDParser.o
__stack                                           c:/program files (x86)/atmel/atmel toolchain/avr8 gcc/native/3.4.2.1002/avr8-gnu-toolchain/bin/../lib/gcc/avr/4.7.2/../../../../avr/lib/avr35/crtm32u2.o
__udivmodsi4                                      c:/program files (x86)/atmel/atmel toolchain/avr8 gcc/native/3.4.2.1002/avr8-gnu-toolchain/bin/../lib/gcc/avr/4.7.2/avr35\libgcc.a(_udivmodsi4.o)
                                                  USB2AX_Serial.o
__vector_1                                        c:/program files (x86)/atmel/atmel toolchain/avr8 gcc/native/3.4.2.1002/avr8-gnu-toolchain/bin/../lib/gcc/avr/4.7.2/../../../../avr/lib/avr35/crtm32u2.o
__vector_10                                       c:/program files (x86)/atmel/atmel toolchain/avr8 gcc/native/3.4.2.1002/avr8-gnu-toolchain/bin/../lib/gcc/avr/4.7.2/../../../../avr/lib/avr35/crtm32u2.o
__vector_11                                       ../../LUFA-120730/LUFA/Drivers/USB/Core/AVR8/USBInterrupt_AVR8.o
                                                  c:/program files (x86)/atmel/atmel toolchain/avr8 gcc/native/3.4.2.1002/avr8-gnu-toolchain/bin/../lib/gcc/avr/4.7.2/../../../../avr/lib/avr35/crtm32u2.o
__vector_12                                       ../../LUFA-120730/LUFA/Drivers/USB/Core/AVR8/USBInterrupt_AVR8.o
                                                  c:/program files (x86)/atmel/atmel toolchain/avr8 gcc/native/3.4.2.1002/avr8-gnu-toolchain/bin/../lib/gcc/avr/4.7.2/../../../../avr/lib/avr35/crtm32u2.o
__vector_13                                       c:/program files (x86)/atmel/atmel toolchain/avr8 gcc/native/3.4.2.1002/avr8-gnu-toolchain/bin/../lib/gcc/avr/4.7.2/../../../../avr/lib/avr35/crtm32u2.o
__vector_14                                       c:/program files (x86)/atmel/atmel toolchain/avr8 gcc/native/3.4.2.1002/avr8-gnu-toolchain/bin/../lib/gcc/avr/4.7.2/../../../../avr/lib/avr35/crtm32u2.o
__vector_15                                       c:/program files (x86)/atmel/atmel toolchain/avr8 gcc/native/3.4.2.1002/avr8-gnu-toolchain/bin/../lib/gcc/avr/4.7.2/../../../../avr/lib/avr35/crtm32u2.o
__vector_16                                       c:/program files (x86)/atmel/atmel toolchain/avr8 gcc/native/3.4.2.1002/avr8-gnu-toolchain/bin/../lib/gcc/avr/4.7.2/../../../../avr/lib/avr35/crtm32u2.o
__vector_17                                       c:/program files (x86)/atmel/atmel toolchain/avr8 gcc/native/3.4.2.1002/avr8-gnu-toolchain/bin/../lib/gcc/avr/4.7.2/../../../../avr/lib/avr35/crtm32u2.o
__vector_18                                       c:/program files (x86)/atmel/atmel toolchain/avr8 gcc/native/3.4.2.1002/avr8-gnu-toolchain/bin/../lib/gcc/avr/4.7.2/../../../../avr/lib/avr35/crtm32u2.o
__vector_19                                       c:/program files (x86)/atmel/atmel toolchain/avr8 gcc/native/3.4.2.1002/avr8-gnu-toolchain/bin/../lib/gcc/avr/4.7.2/../../../../avr/lib/avr35/crtm32u2.o
__vector_2                                        c:/program files (x86)/atmel/atmel toolchain/avr8 gcc/native/3.4.2.1002/avr8-gnu-toolchain/bin/../lib/gcc/avr/4.7.2/../../../../avr/lib/avr35/crtm32u2.o
__vector_20                                       c:/program files (x86)/atmel/atmel toolchain/avr8 gcc/native/3.4.2.1002/avr8-gnu-toolchain/bin/../lib/gcc/avr/4.7.2/../../../../avr/lib/avr35/crtm32u2.o
__vector_21                                       c:/program files (x86)/atmel/atmel toolchain/avr8 gcc/native/3.4.2.1002/avr8-gnu-toolchain/bin/../lib/gcc/avr/4.7.2/../../../../avr/lib/avr35/crtm32u2.o
__vector_22                                       c:/program files (x86)/atmel/atmel toolchain/avr8 gcc/native/3.4.2.1002/avr8-gnu-toolchain/bin/../lib/gcc/avr/4.7.2/../../../../avr/lib/avr35/crtm32u2.o
__vector_23                                       USB2AX_Serial.o
                                                  c:/program files (x86)/atmel/atmel toolchain/avr8 gcc/native/3.4.2.1002/avr8-gnu-toolchain/bin/../lib/gcc/avr/4.7.2/../../../../avr/lib/avr35/crtm32u2.o
__vector_24                                       c:/program files (x86)/atmel/atmel toolchain/avr8 gcc/native/3.4.2.1002/avr8-gnu-toolchain/bin/../lib/gcc/avr/4.7.2/../../../../avr/lib/avr35/crtm32u2.o
__vector_25                                       c:/program files (x86)/atmel/atmel toolchain/avr8 gcc/native/3.4.2.1002/avr8-gnu-toolchain/bin/../lib/gcc/avr/4.7.2/../../../../avr/lib/avr35/crtm32u2.o
__vector_26                                       c:/program files (x86)/atmel/atmel toolchain/avr8 gcc/native/3.4.2.1002/avr8-gnu-toolchain/bin/../lib/gcc/avr/4.7.2/../../../../avr/lib/avr35/crtm32u2.o
__vector_27                                       c:/program files (x86)/atmel/atmel toolchain/avr8 gcc/native/3.4.2.1002/avr8-gnu-toolchain/bin/../lib/gcc/avr/4.7.2/../../../../avr/lib/avr35/crtm32u2.o
__vector_28                                       c:/program files (x86)/atmel/atmel toolchain/avr8 gcc/native/3.4.2.1002/avr8-gnu-toolchain/bin/../lib/gcc/avr/4.7.2/../../../../avr/lib/avr35/crtm32u2.o
__vector_3                                        c:/program files (x86)/atmel/atmel toolchain/avr8 gcc/native/3.4.2.1002/avr8-gnu-toolchain/bin/../lib/gcc/avr/4.7.2/../../../../avr/lib/avr35/crtm32u2.o
__vector_4                                        c:/program files (x86)/atmel/atmel toolchain/avr8 gcc/native/3.4.2.1002/avr8-gnu-toolchain/bin/../lib/gcc/avr/4.7.2/../../../../avr/lib/avr35/crtm32u2.o
__vector_5                                        c:/program files (x86)/atmel/atmel toolchain/avr8 gcc/native/3.4.2.1002/avr8-gnu-toolchain/bin/../lib/gcc/avr/4.7.2/../../../../avr/lib/avr35/crtm32u2.o
__vector_6                                        c:/program files (x86)/atmel/atmel toolchain/avr8 gcc/native/3.4.2.1002/avr8-gnu-toolchain/bin/../lib/gcc/avr/4.7.2/../../../../avr/lib/avr35/crtm32u2.o
__vector_7                                        c:/program files (x86)/atmel/atmel toolchain/avr8 gcc/native/3.4.2.1002/avr8-gnu-toolchain/bin/../lib/gcc/avr/4.7.2/../../../../avr/lib/avr35/crtm32u2.o
__vector_8                                        c:/program files (x86)/atmel/atmel toolchain/avr8 gcc/native/3.4.2.1002/avr8-gnu-toolchain/bin/../lib/gcc/avr/4.7.2/../../../../avr/lib/avr35/crtm32u2.o
__vector_9                                        c:/program files (x86)/atmel/atmel toolchain/avr8 gcc/native/3.4.2.1002/avr8-gnu-toolchain/bin/../lib/gcc/avr/4.7.2/../../../../avr/lib/avr35/crtm32u2.o
__vector_default                                  c:/program files (x86)/atmel/atmel toolchain/avr8 gcc/native/3.4.2.1002/avr8-gnu-toolchain/bin/../lib/gcc/avr/4.7.2/../../../../avr/lib/avr35/crtm32u2.o
__vectors                                         c:/program files (x86)/atmel/atmel toolchain/avr8 gcc/native/3.4.2.1002/avr8-gnu-toolchain/bin/../lib/gcc/avr/4.7.2/../../../../avr/lib/avr35/crtm32u2.o
_exit                                             c:/program files (x86)/atmel/atmel toolchain/avr8 gcc/native/3.4.2.1002/avr8-gnu-toolchain/bin/../lib/gcc/avr/4.7.2/avr35\libgcc.a(_exit.o)
cdc_send_USB_data                                 USB2AX_Serial.o
cdc_send_byte                                     USB2AX_Serial.o
exit                                              c:/program files (x86)/atmel/atmel toolchain/avr8 gcc/native/3.4.2.1002/avr8-gnu-toolchain/bin/../lib/gcc/avr/4.7.2/avr35\libgcc.a(_exit.o)
                                                  c:/program files (x86)/atmel/atmel toolchain/avr8 gcc/native/3.4.2.1002/avr8-gnu-toolchain/bin/../lib/gcc/avr/4.7.2/../../../../avr/lib/avr35/crtm32u2.o
main                                              USB2AX_Serial.o
                                                  c:/program files (x86)/atmel/atmel toolchain/avr8 gcc/native/3.4.2.1002/avr8-gnu-toolchain/bin/../lib/gcc/avr/4.7.2/../../../../avr/lib/avr35/crtm32u2.o
memcmp                                            c:/program files (x86)/atmel/atmel toolchain/avr8 gcc/native/3.4.2.1002/avr8-gnu-toolchain/bin/../lib/gcc/avr/4.7.2/../../../../avr/lib/avr35\libc.a(memcmp.o)
                                                  ../../LUFA-120730/LUFA/Drivers/USB/Class/Device/HIDClassDevice.o
memcpy                                            c:/program files (x86)/atmel/atmel toolchain/avr8 gcc/native/3.4.2.1002/avr8-gnu-toolchain/bin/../lib/gcc/avr/4.7.2/../../../../avr/lib/avr35\libc.a(memcpy.o)
                                                  ../../LUFA-120730/LUFA/Drivers/USB/Class/Device/RNDISClassDevice.o
                                                  ../../LUFA-120730/LUFA/Drivers/USB/Class/Device/HIDClassDevice.o
memcpy_P                                          c:/program files (x86)/atmel/atmel toolchain/avr8 gcc/native/3.4.2.1002/avr8-gnu-toolchain/bin/../lib/gcc/avr/4.7.2/../../../../avr/lib/avr35\libc.a(memcpy_P.o)
                                                  ../../LUFA-120730/LUFA/Drivers/USB/Class/Device/RNDISClassDevice.o
memset                                            c:/program files (x86)/atmel/atmel toolchain/avr8 gcc/native/3.4.2.1002/avr8-gnu-toolchain/bin/../lib/gcc/avr/4.7.2/../../../../avr/lib/avr35\libc.a(memset.o)
                                                  ../../LUFA-120730/LUFA/Drivers/USB/Class/Device/HIDClassDevice.o
needEmptyPacket                                   USB2AX_Serial.o
